###############################################################################
#
# IAR ELF Linker V7.80.2.11947/W32 for ARM                09/Mar/2017  19:47:53
# Copyright 2007-2016 IAR Systems AB.
#
#    Output file  =  
#        D:\jenkins-slave\workspaces\Executor-0\super\app\mcu_example\EFM32GG_DK3750\graphxy_mm\iar\graphxy_mm\Debug\Exe\graphxy_mm.out
#    Map file     =  
#        D:\jenkins-slave\workspaces\Executor-0\super\app\mcu_example\EFM32GG_DK3750\graphxy_mm\iar\graphxy_mm\Debug\List\graphxy_mm.map
#    Command line =  
#        D:\jenkins-slave\workspaces\Executor-0\super\app\mcu_example\EFM32GG_DK3750\graphxy_mm\iar\graphxy_mm\Debug\Obj\bsp_dk_3201.o
#        D:\jenkins-slave\workspaces\Executor-0\super\app\mcu_example\EFM32GG_DK3750\graphxy_mm\iar\graphxy_mm\Debug\Obj\bsp_trace.o
#        D:\jenkins-slave\workspaces\Executor-0\super\app\mcu_example\EFM32GG_DK3750\graphxy_mm\iar\graphxy_mm\Debug\Obj\calibrate.o
#        D:\jenkins-slave\workspaces\Executor-0\super\app\mcu_example\EFM32GG_DK3750\graphxy_mm\iar\graphxy_mm\Debug\Obj\eeprom.o
#        D:\jenkins-slave\workspaces\Executor-0\super\app\mcu_example\EFM32GG_DK3750\graphxy_mm\iar\graphxy_mm\Debug\Obj\em_adc.o
#        D:\jenkins-slave\workspaces\Executor-0\super\app\mcu_example\EFM32GG_DK3750\graphxy_mm\iar\graphxy_mm\Debug\Obj\em_assert.o
#        D:\jenkins-slave\workspaces\Executor-0\super\app\mcu_example\EFM32GG_DK3750\graphxy_mm\iar\graphxy_mm\Debug\Obj\em_cmu.o
#        D:\jenkins-slave\workspaces\Executor-0\super\app\mcu_example\EFM32GG_DK3750\graphxy_mm\iar\graphxy_mm\Debug\Obj\em_ebi.o
#        D:\jenkins-slave\workspaces\Executor-0\super\app\mcu_example\EFM32GG_DK3750\graphxy_mm\iar\graphxy_mm\Debug\Obj\em_emu.o
#        D:\jenkins-slave\workspaces\Executor-0\super\app\mcu_example\EFM32GG_DK3750\graphxy_mm\iar\graphxy_mm\Debug\Obj\em_gpio.o
#        D:\jenkins-slave\workspaces\Executor-0\super\app\mcu_example\EFM32GG_DK3750\graphxy_mm\iar\graphxy_mm\Debug\Obj\em_i2c.o
#        D:\jenkins-slave\workspaces\Executor-0\super\app\mcu_example\EFM32GG_DK3750\graphxy_mm\iar\graphxy_mm\Debug\Obj\em_rtc.o
#        D:\jenkins-slave\workspaces\Executor-0\super\app\mcu_example\EFM32GG_DK3750\graphxy_mm\iar\graphxy_mm\Debug\Obj\em_system.o
#        D:\jenkins-slave\workspaces\Executor-0\super\app\mcu_example\EFM32GG_DK3750\graphxy_mm\iar\graphxy_mm\Debug\Obj\em_usart.o
#        D:\jenkins-slave\workspaces\Executor-0\super\app\mcu_example\EFM32GG_DK3750\graphxy_mm\iar\graphxy_mm\Debug\Obj\em_wdog.o
#        D:\jenkins-slave\workspaces\Executor-0\super\app\mcu_example\EFM32GG_DK3750\graphxy_mm\iar\graphxy_mm\Debug\Obj\GUI_X.o
#        D:\jenkins-slave\workspaces\Executor-0\super\app\mcu_example\EFM32GG_DK3750\graphxy_mm\iar\graphxy_mm\Debug\Obj\GUIConf.o
#        D:\jenkins-slave\workspaces\Executor-0\super\app\mcu_example\EFM32GG_DK3750\graphxy_mm\iar\graphxy_mm\Debug\Obj\i2cspm.o
#        D:\jenkins-slave\workspaces\Executor-0\super\app\mcu_example\EFM32GG_DK3750\graphxy_mm\iar\graphxy_mm\Debug\Obj\LCDConf_mm.o
#        D:\jenkins-slave\workspaces\Executor-0\super\app\mcu_example\EFM32GG_DK3750\graphxy_mm\iar\graphxy_mm\Debug\Obj\ssd2119.o
#        D:\jenkins-slave\workspaces\Executor-0\super\app\mcu_example\EFM32GG_DK3750\graphxy_mm\iar\graphxy_mm\Debug\Obj\startup_efm32gg.o
#        D:\jenkins-slave\workspaces\Executor-0\super\app\mcu_example\EFM32GG_DK3750\graphxy_mm\iar\graphxy_mm\Debug\Obj\system_efm32gg.o
#        D:\jenkins-slave\workspaces\Executor-0\super\app\mcu_example\EFM32GG_DK3750\graphxy_mm\iar\graphxy_mm\Debug\Obj\touch.o
#        D:\jenkins-slave\workspaces\Executor-0\super\app\mcu_example\EFM32GG_DK3750\graphxy_mm\iar\graphxy_mm\Debug\Obj\WIDGET_GraphXY.o
#        --redirect _Printf=_PrintfFull --redirect _Scanf=_ScanfFull -o
#        D:\jenkins-slave\workspaces\Executor-0\super\app\mcu_example\EFM32GG_DK3750\graphxy_mm\iar\graphxy_mm\Debug\Exe\graphxy_mm.out
#        --map
#        D:\jenkins-slave\workspaces\Executor-0\super\app\mcu_example\EFM32GG_DK3750\graphxy_mm\iar\graphxy_mm\Debug\List\graphxy_mm.map
#        --config
#        D:\jenkins-slave\workspaces\Executor-0\super\app\mcu_example\EFM32GG_DK3750\graphxy_mm\iar\..\graphxy.icf
#        D:\jenkins-slave\workspaces\Executor-0\super\app\mcu_example\EFM32GG_DK3750\graphxy_mm\iar\..\..\..\..\..\util\third_party\emwin\lib\emwin_IAR_CM3.a
#        --entry __iar_program_start --vfe
#
###############################################################################

*******************************************************************************
*** RUNTIME MODEL ATTRIBUTES
***

CppFlavor       = *
__CPP_Language  = EC++
__SystemLibrary = DLib


*******************************************************************************
*** PLACEMENT SUMMARY
***

"A0":  place at 0x00000000 { ro section .intvec };
"P1":  place in [from 0x00000000 to 0x000fffff] { ro };
"P2":  place in [from 0x20000000 to 0x2001ffff] { rw, block CSTACK, block HEAP };
initialize by copy { rw };
 { section .intvec };

  Section             Kind        Address     Size  Object
  -------             ----        -------     ----  ------
"A0":                                         0xdc
  .intvec             ro code  0x00000000     0xdc  startup_efm32gg.o [1]
                             - 0x000000dc     0xdc

"P1":                                      0x20efb
  .text               ro code  0x000000dc   0x1c78  GUI_SPRITE.o [4]
  .text               ro code  0x00001d54     0xac  GUI_GetBitmapPixelIndex.o [4]
  .text               ro code  0x00001e00    0x7b4  GUI_Alloc.o [4]
  .text               ro code  0x000025b4     0x38  GUI_RectsIntersect.o [4]
  .text               ro code  0x000025ec     0x76  ABImemcpy_unaligned.o [6]
  .text               ro code  0x00002662     0x40  GUI__IntersectRect.o [4]
  .text               ro code  0x000026a2      0xa  WIDGET_Effect_None.o [4]
  .text               ro code  0x000026ac    0x320  GUI__Alpha.o [4]
  .text               ro code  0x000029cc    0x294  GUI__CompactPixelIndices.o [4]
  .text               ro code  0x00002c60    0x138  GUI_Device.o [4]
  .text               ro code  0x00002d98    0x1a0  LCD_GetEx.o [4]
  .text               ro code  0x00002f38    0x300  GUIDEV.o [4]
  .text               ro code  0x00003238     0x24  GUI_ALLOC_AllocZero.o [4]
  .text               ro code  0x0000325c     0x78  ABImemmove_unaligned.o [6]
  .text               ro code  0x000032d4      0x6  ABImemclr.o [6]
  .text               ro code  0x000032da      0x2  GUICC_8888_Index2Color.o [4]
  .text               ro code  0x000032dc    0x1e8  LCD_ReadRect.o [4]
  .text               ro code  0x000034c4    0x142  GUI__ExpandPixelIndices.o [4]
  .text               ro code  0x00003606      0x2  GUICC_888_Index2Color.o [4]
  .text               ro code  0x00003608    0x18c  GUI_Core.o [4]
  .text               ro code  0x00003794    0x1b4  GUIDEV_UsageBM.o [4]
  .text               ro code  0x00003948     0x12  GUI_SelectLCD.o [4]
  .rodata             const    0x0000395a      0x1  WIDGET_GraphXY.o [1]
  .text               ro code  0x0000395c     0x4e  GUIDEV_Usage.o [4]
  .text               ro code  0x000039ac   0x1344  WM.o [4]
  .text               ro code  0x00004cf0     0x24  LCD_UpdateColorIndices.o [4]
  .text               ro code  0x00004d14    0x6e0  LCD.o [4]
  .text               ro code  0x000053f4      0x4  GUI_SetDrawMode.o [4]
  .text               ro code  0x000053f8    0x768  GUIDEV_WriteToActiveOpaque.o [4]
  .text               ro code  0x00005b60     0x4e  GUI__memset.o [4]
  .text               ro code  0x00005bb0     0x66  ABImemset.o [6]
  .text               ro code  0x00005c18     0x10  GUI_Goto.o [4]
  .text               ro code  0x00005c28     0x24  GUIConf.o [1]
  .text               ro code  0x00005c4c    0x254  LCDConf_mm.o [1]
  .text               ro code  0x00005ea0    0x34a  GUI_X.o [1]
  .text               ro code  0x000061ec      0xc  WM_GetDesktopWindow.o [4]
  .text               ro code  0x000061f8     0x30  GUI_SetOrg.o [4]
  .text               ro code  0x00006228     0x44  LCD_SelectLCD.o [4]
  .text               ro code  0x0000626c     0x34  LCD_SetClipRectEx.o [4]
  .text               ro code  0x000062a0     0x1c  GUI_MoveRect.o [4]
  .text               ro code  0x000062bc     0x62  GUI__IntersectRects.o [4]
  .text               ro code  0x0000631e     0x58  GUI_MergeRect.o [4]
  .text               ro code  0x00006378     0x4c  GUI_WaitEvent.o [4]
  .text               ro code  0x000063c4      0xe  WM_GetFirstChild.o [4]
  .text               ro code  0x000063d4     0x40  WM__SendMessage.o [4]
  .text               ro code  0x00006414     0x84  WM_BringToBottom.o [4]
  .text               ro code  0x00006498    0x13c  WM_Timer.o [4]
  .text               ro code  0x000065d4     0x14  WM_NotifyParent.o [4]
  .text               ro code  0x000065e8      0x4  WM_SendMessageNoPara.o [4]
  .text               ro code  0x000065ec     0x44  GUI_SetDefault.o [4]
  .text               ro code  0x00006630    0x14e  GUIDEV_Banding.o [4]
  .text               ro code  0x00006780     0x54  GUI_OnKey.o [4]
  .text               ro code  0x000067d4     0xdc  GUI__ManageCache.o [4]
  .text               ro code  0x000068b0     0x20  GUI_SaveContext.o [4]
  .text               ro code  0x000068d0      0x8  GUI_SetColor.o [4]
  .text               ro code  0x000068d8     0x50  WM_GetClientRect.o [4]
  .text               ro code  0x00006928     0x1c  WM_SendToParent.o [4]
  .text               ro code  0x00006944     0x30  WM_CriticalHandle.o [4]
  .text               ro code  0x00006974    0x108  LCD_Color.o [4]
  .text               ro code  0x00006a7c     0x54  GUI_SelectLayer.o [4]
  .text               ro code  0x00006ad0     0x1c  GUIDEV_GetDataPtr.o [4]
  .text               ro code  0x00006aec     0x48  GUI_TOUCH.o [4]
  .text               ro code  0x00006b34    0xb38  bsp_dk_3201.o [1]
  .text               ro code  0x0000766c    0x118  bsp_trace.o [1]
  .text               ro code  0x00007784    0xde4  em_cmu.o [1]
  .text               ro code  0x00008568    0x6b8  touch.o [1]
  .text               ro code  0x00008c20     0x7c  GUI_MULTIBUF.o [4]
  .text               ro code  0x00008c9c    0x144  LCD_Set.o [4]
  .text               ro code  0x00008de0    0x838  em_ebi.o [1]
  .text               ro code  0x00009618    0x10c  GUI_PID.o [4]
  .text               ro code  0x00009724      0x4  WM_ForEachDesc.o [4]
  .text               ro code  0x00009728     0x40  GUI_Exec.o [4]
  .text               ro code  0x00009768     0xc0  em_rtc.o [1]
  .text               ro code  0x00009828    0x1d0  em_emu.o [1]
  .text               ro code  0x000099f8    0x33c  GUI_Timer.o [4]
  .text               ro code  0x00009d34     0x22  WM__GetPrevSibling.o [4]
  .text               ro code  0x00009d56      0xe  WM_GetParent.o [4]
  .text               ro code  0x00009d64      0x4  GUI_Time.o [4]
  .text               ro code  0x00009d68     0x2c  WM__SendMessageNoPara.o [4]
  .text               ro code  0x00009d94     0x10  GUI_Pen.o [4]
  .text               ro code  0x00009da4     0x14  GUI_SetTextAlign.o [4]
  .text               ro code  0x00009db8     0x14  GUI_SetTextMode.o [4]
  .text               ro code  0x00009dcc     0x14  GUI_SetFont.o [4]
  .text               ro code  0x00009de0     0x10  GUI_SetLineStyle.o [4]
  .text               ro code  0x00009df0     0x20  GUI_GetOrg.o [4]
  .text               ro code  0x00009e10     0x28  GUIDEV_GetYSize.o [4]
  .text               ro code  0x00009e38     0x30  GUIDEV_ReduceYSize.o [4]
  .text               ro code  0x00009e68     0x6c  GUIDEV_SetOrg.o [4]
  .text               ro code  0x00009ed4     0x3c  GUIDEV_Clear.o [4]
  .text               ro code  0x00009f10     0x30  WM_OnKey.o [4]
  .text               ro code  0x00009f40     0x12  LCD_GetNumDisplays.o [4]
  .text               ro code  0x00009f54     0x62  memcmp_unaligned.o [6]
  .text               ro code  0x00009fb6      0x2  em_assert.o [1]
  .text               ro code  0x00009fb8    0x2b0  em_gpio.o [1]
  .text               ro code  0x0000a268    0x194  em_usart.o [1]
  .text               ro code  0x0000a3fc    0x138  system_efm32gg.o [1]
  .text               ro code  0x0000a534    0x24c  i2cspm.o [1]
  .text               ro code  0x0000a780    0x164  eeprom.o [1]
  .text               ro code  0x0000a8e4    0x194  calibrate.o [1]
  .text               ro code  0x0000aa78      0x8  abs.o [3]
  .text               ro code  0x0000aa80    0x224  em_adc.o [1]
  .text               ro code  0x0000aca4     0x2c  WM__ForEachDesc.o [4]
  .text               ro code  0x0000acd0     0x10  WM__GetFirstSibling.o [4]
  .text               ro code  0x0000ace0    0x51c  em_i2c.o [1]
  .rodata             const    0x0000b1fc   0x12b8  F24_ASCII.o [4]
  .rodata             const    0x0000c4b4   0x120c  WIDGET_GraphXY.o [1]
  .text               ro code  0x0000d6c0   0x1018  ssd2119.o [1]
  .text               ro code  0x0000e6d8      0xc  GUI_GetDrawMode.o [4]
  .text               ro code  0x0000e6e4      0x6  ABImemclr4.o [6]
  .text               ro code  0x0000e6ec     0x32  ABImemset48.o [6]
  .text               ro code  0x0000e720    0xde8  WIDGET_GraphXY.o [1]
  .text               ro code  0x0000f508    0x1ac  WINDOW.o [4]
  .text               ro code  0x0000f6b4     0x50  WM_GetDialogItem.o [4]
  .text               ro code  0x0000f704     0x4c  TEXT_SetText.o [4]
  .text               ro code  0x0000f750     0x26  TEXT_SetTextColor.o [4]
  .text               ro code  0x0000f776     0x20  TEXT_SetTextAlign.o [4]
  .text               ro code  0x0000f796     0x26  TEXT_SetFont.o [4]
  .text               ro code  0x0000f7bc    0x18c  GUI_Curs1.o [4]
  .text               ro code  0x0000f948    0x130  DIALOG.o [4]
  .text               ro code  0x0000fa78     0x34  GUI_DispStringHCenter.o [4]
  .text               ro code  0x0000faac     0xec  GUI_DrawBitmap.o [4]
  .text               ro code  0x0000fb98      0x4  GUI_GetFontSizeY.o [4]
  .text               ro code  0x0000fb9c     0x20  WM_GetId.o [4]
  .text               ro code  0x0000fbbc     0x32  I32ToFlt.o [5]
  .text               ro code  0x0000fbf0     0xd8  FltMul.o [5]
  .text               ro code  0x0000fcc8     0x2c  I32ToDbl.o [5]
  .text               ro code  0x0000fcf4     0x4e  FltToDbl.o [5]
  .text               ro code  0x0000fd42      0x6  cos.o [5]
  .text               ro code  0x0000fd48    0x1a2  DblMul.o [5]
  .text               ro code  0x0000feec    0x180  DblSub.o [5]
  .text               ro code  0x0001006c     0x4c  DblToI32.o [5]
  .text               ro code  0x000100b8      0x6  sin.o [5]
  .text               ro code  0x000100c0    0x256  DblDiv.o [5]
  .text               ro code  0x00010318     0xe8  DblAdd.o [5]
  .text               ro code  0x00010400     0x90  GUI_2DLib.o [4]
  .text               ro code  0x00010490     0x30  WM_GetInsideRect.o [4]
  .text               ro code  0x000104c0     0x26  WM_GetInvalidRect.o [4]
  .text               ro code  0x000104e8     0x36  strlen.o [6]
  .text               ro code  0x00010520     0xac  GUI_DispStringInRectEx.o [4]
  .text               ro code  0x000105cc     0x2c  WM_Hide.o [4]
  .text               ro code  0x000105f8     0x52  WM_Show.o [4]
  .text               ro code  0x0001064a     0x18  WM_GetClientWindow.o [4]
  .text               ro code  0x00010662     0x20  BUTTON_Bitmap.o [4]
  .text               ro code  0x00010682    0x146  WM_Move.o [4]
  .text               ro code  0x000107c8     0xa4  FRAMEWIN_SetTitleVis.o [4]
  .text               ro code  0x0001086c     0x42  WM_GetWindowRect.o [4]
  .text               ro code  0x000108b0     0x4a  WM_GetOrg.o [4]
  .text               ro code  0x000108fa     0x1e  WM_SetWindowPos.o [4]
  .text               ro code  0x00010918    0x32c  GRAPH_SCALE.o [4]
  .text               ro code  0x00010c44    0x3cc  GRAPH_DATA_XY.o [4]
  .text               ro code  0x00011010    0x8f0  GRAPH.o [4]
  .text               ro code  0x00011900     0x48  CHECKBOX_SetText.o [4]
  .text               ro code  0x00011948     0x36  CHECKBOX_SetState.o [4]
  .text               ro code  0x00011980    0x302  SLIDER.o [4]
  .text               ro code  0x00011c82     0x46  RADIO_SetText.o [4]
  .text               ro code  0x00011cc8     0x30  RADIO_SetFont.o [4]
  .text               ro code  0x00011cf8    0x300  RADIO.o [4]
  .text               ro code  0x00011ff8     0x48  WM_StayOnTop.o [4]
  .text               ro code  0x00012040      0xe  CHECKBOX_IsChecked.o [4]
  .text               ro code  0x0001204e     0x1a  WIDGET_SetEffect.o [4]
  .text               ro code  0x00012068     0x2c  WM_SetDesktopColor.o [4]
  .text               ro code  0x00012094     0x10  WM_SetCreateFlags.o [4]
  .text               ro code  0x000120a4      0x4  WM_IsWindow.o [4]
  .text               ro code  0x000120a8     0x94  WM_SetFocus.o [4]
  .text               ro code  0x0001213c     0x14  WM_HasFocus.o [4]
  .text               ro code  0x00012150    0x38c  WIDGET.o [4]
  .text               ro code  0x000124dc     0x50  WM__IsAncestor.o [4]
  .text               ro code  0x0001252c     0x5e  WM_SetFocusOnPrevChild.o [4]
  .text               ro code  0x0001258a     0x72  WM_SetFocusOnNextChild.o [4]
  .text               ro code  0x000125fc     0x6e  GUI__SetText.o [4]
  .text               ro code  0x0001266c      0xc  WM_GetFocussedWindow.o [4]
  .text               ro code  0x00012678     0x10  GUI_DispStringAt.o [4]
  .text               ro code  0x00012688     0x14  GUI__GetFontSizeY.o [4]
  .text               ro code  0x0001269c    0x426  xsin.o [5]
  .text               ro code  0x00012ac4    0x194  GUI_DispStringInRect.o [4]
  .text               ro code  0x00012c58     0x18  WM_SetUserClipRect.o [4]
  .text               ro code  0x00012c70     0xa4  GUI_DRAW_BITMAP.o [4]
  .text               ro code  0x00012d14     0x36  BUTTON__SetBitmapObj.o [4]
  .text               ro code  0x00012d4c    0x7da  FRAMEWIN.o [4]
  .text               ro code  0x00013526     0x46  WM_SetSize.o [4]
  .text               ro code  0x0001356c     0xa8  WM_GetInsideRectExScrollbar.o [4]
  .text               ro code  0x00013614    0x198  GUI_Valf.o [4]
  .text               ro code  0x000137ac     0x1c  FltCmpEq.o [5]
  .text               ro code  0x000137c8    0x500  GUI_DrawLine.o [4]
  .text               ro code  0x00013cc8      0xc  GUI_GetLineStyle.o [4]
  .text               ro code  0x00013cd4     0x44  GUI_DrawVLine.o [4]
  .text               ro code  0x00013d18     0x4c  GUI_DrawHLine.o [4]
  .text               ro code  0x00013d64     0x1a  GUI__ReduceRect.o [4]
  .text               ro code  0x00013d7e    0x1ec  GUI_ARRAY.o [4]
  .text               ro code  0x00013f6a     0x5e  WM_SetScrollbar.o [4]
  .text               ro code  0x00013fc8     0x1c  WM_CheckScrollPos.o [4]
  .text               ro code  0x00013fe4     0x1a  SCROLLBAR_GetValue.o [4]
  .text               ro code  0x00013ffe     0x66  WM_GetScrollbar.o [4]
  .text               ro code  0x00014064     0x30  WM_IsFocussable.o [4]
  .text               ro code  0x00014094     0x4c  WM_SetCapture.o [4]
  .text               ro code  0x000140e0     0x14  GUI__strlen.o [4]
  .text               ro code  0x000140f4     0x1e  WM_GetBkColor.o [4]
  .text               ro code  0x00014112     0x98  WM_AttachWindow.o [4]
  .text               ro code  0x000141aa     0x1c  CHECKBOX_GetState.o [4]
  .text               ro code  0x000141c6     0x14  WM__Screen2Client.o [4]
  .text               ro code  0x000141da     0x5c  WM_GetWindowSize.o [4]
  .text               ro code  0x00014236     0xcc  WM__UpdateChildPositions.o [4]
  .text               ro code  0x00014304     0x78  WM_BringToTop.o [4]
  .text               ro code  0x0001437c     0x1a  WM_SetScrollState.o [4]
  .text               ro code  0x00014396     0x1a  WM__GetLastSibling.o [4]
  .text               ro code  0x000143b0     0x1c  WM__GetFocussedChild.o [4]
  .text               ro code  0x000143cc     0x48  GUI__strcmp.o [4]
  .text               ro code  0x00014414     0x44  strcpy_unaligned.o [6]
  .text               ro code  0x00014458    0x100  GUI_DispString.o [4]
  .text               ro code  0x00014558     0x2e  DblCmpLe.o [5]
  .text               ro code  0x00014588     0x2e  DblCmpGe.o [5]
  .text               ro code  0x000145b8      0xc  errno.o [3]
  .text               ro code  0x000145c4    0x160  xquad.o [5]
  .text               ro code  0x00014724     0x50  GUI_Char.o [4]
  .text               ro code  0x00014774      0xa  GUI_GetClientRect.o [4]
  .text               ro code  0x00014780    0x1b0  GUI_CharLine.o [4]
  .text               ro code  0x00014930     0x48  GUI_UC.o [4]
  .text               ro code  0x00014978     0x16  GUI__HandleEOLine.o [4]
  .text               ro code  0x0001498e      0x8  GUI_GetYSizeOfFont.o [4]
  .text               ro code  0x00014996      0xe  WM_GetNextSibling.o [4]
  .text               ro code  0x000149a4     0x54  WM_MoveChildTo.o [4]
  .text               ro code  0x000149f8     0x92  WM_SetCaptureMove.o [4]
  .text               ro code  0x00014a8c     0x18  WM_MemDev.o [4]
  .text               ro code  0x00014aa4     0xf4  WM_ResizeWindow.o [4]
  .text               ro code  0x00014b98     0x14  WM_GetFlags.o [4]
  .text               ro code  0x00014bac     0x24  FltCmpLe.o [5]
  .text               ro code  0x00014bd0     0x84  FltAdd.o [5]
  .text               ro code  0x00014c54     0x32  ceilf.o [5]
  .text               ro code  0x00014c88     0x34  floorf.o [5]
  .text               ro code  0x00014cbc     0x44  FltToS32.o [5]
  .text               ro code  0x00014d00     0x46  GUI_Val.o [4]
  .text               ro code  0x00014d48     0x24  FltToU32.o [5]
  .text               ro code  0x00014d6c     0x24  FltCmpGe.o [5]
  .text               ro code  0x00014d90    0x108  GUI_AddDecShift.o [4]
  .text               ro code  0x00014e98     0x20  GUI_DrawPoint.o [4]
  .text               ro code  0x00014eb8    0x1d0  GUI_FillPolygon.o [4]
  .text               ro code  0x00015088     0x3c  GUI_ALLOC_AllocInit.o [4]
  .text               ro code  0x000150c4     0x56  GUI_Realloc.o [4]
  .text               ro code  0x0001511a     0x36  SCROLLBAR_Create.o [4]
  .text               ro code  0x00015150     0x22  WM__IsChild.o [4]
  .text               ro code  0x00015172      0x2  xtls.o [3]
  .text               ro code  0x00015174     0x7e  xdint.o [5]
  .text               ro code  0x000151f4     0x20  DblCmpEq.o [5]
  .text               ro code  0x00015214    0x1a8  fmod.o [5]
  .text               ro code  0x000153bc     0x14  WM_HasCaptured.o [4]
  .text               ro code  0x000153d0     0xd6  FltSub.o [5]
  .text               ro code  0x000154a8     0xc4  GUI_Circ.o [4]
  .text               ro code  0x0001556c    0x5d6  SCROLLBAR.o [4]
  .text               ro code  0x00015b44      0xc  iarEdom.o [6]
  .text               ro code  0x00015b50     0x18  GUI__DivideRound32.o [4]
  .text               ro code  0x00015b68     0x28  WM_GetScrollPartner.o [4]
  .rodata             const    0x00015b90    0xb40  F16_1.o [4]
  .rodata             const    0x000166d0    0xa7c  F16_ASCII.o [4]
  .rodata             const    0x0001714c    0x9c0  F13B_ASCII.o [4]
  .text               ro code  0x00017b0c    0x9a8  GUIDEV_32.o [4]
  .text               ro code  0x000184b4    0x998  GUIDEV_16.o [4]
  .text               ro code  0x00018e4c     0x3c  GUI__memset16.o [4]
  .rodata             const    0x00018e88    0x984  F13_1.o [4]
  .rodata             const    0x0001980c    0x93c  F13_ASCII.o [4]
  .rodata             const    0x0001a148    0x7c4  F10_ASCII.o [4]
  .text               ro code  0x0001a90c    0x79a  GUI__DrawTwinArc.o [4]
  .text               ro code  0x0001b0a6     0x1a  GUI__sqrt32.o [4]
  .rodata             const    0x0001b0c0    0x718  F6x8.o [4]
  .text               ro code  0x0001b7d8    0x5b8  LCD_RotateCCW.o [4]
  .text               ro code  0x0001bd90    0x2d8  LCD_AA.o [4]
  .text               ro code  0x0001c068      0xe  LCD_GetPixelColor.o [4]
  .text               ro code  0x0001c078     0x60  LCD_GetP.o [4]
  .text               ro code  0x0001c0d8    0x424  CHECKBOX_SkinFlex.o [4]
  .text               ro code  0x0001c4fc    0x254  GUI_DrawGradient.o [4]
  .text               ro code  0x0001c750     0x14  GUI_GetStringDistX.o [4]
  .text               ro code  0x0001c764     0x9c  GUI_DrawFocusRect.o [4]
  .text               ro code  0x0001c800     0x16  WM__IsEnabled.o [4]
  .text               ro code  0x0001c818     0x5e  WM_SetTrans.o [4]
  .text               ro code  0x0001c876     0x16  GUI_GetColor.o [4]
  .text               ro code  0x0001c88c     0x1a  GUI__GetNumChars.o [4]
  .text               ro code  0x0001c8a8     0x30  WM_ValidateWindow.o [4]
  .text               ro code  0x0001c8d8     0x18  LCD_GetColorIndex.o [4]
  .text               ro code  0x0001c8f0    0x420  SLIDER_SkinFlex.o [4]
  .text               ro code  0x0001cd10     0x48  GUI_FillRect.o [4]
  .text               ro code  0x0001cd58    0x41a  SCROLLBAR_SkinFlex.o [4]
  .text               ro code  0x0001d174     0x48  GUI_DrawPixel.o [4]
  .text               ro code  0x0001d1bc    0x370  FRAMEWIN_SkinFlex.o [4]
  .text               ro code  0x0001d52c     0x22  FRAMEWIN_Get.o [4]
  .text               ro code  0x0001d54e     0x14  GUI_FillRectEx.o [4]
  .text               ro code  0x0001d564    0x354  WM_Touch.o [4]
  .text               ro code  0x0001d8b8     0x1a  WM__SendMessageIfEnabled.o [4]
  .text               ro code  0x0001d8d4     0x94  WM_Screen2Win.o [4]
  .text               ro code  0x0001d968     0x18  WM_PID__GetPrevState.o [4]
  .text               ro code  0x0001d980    0x27c  BUTTON_SkinFlex.o [4]
  .text               ro code  0x0001dbfc     0x2e  GUI_DRAW.o [4]
  .text               ro code  0x0001dc2c    0x258  SCROLLBAR_Skin.o [4]
  .text               ro code  0x0001de84    0x246  BUTTON.o [4]
  .rodata             const    0x0001e0cc    0x230  WIDGET_GraphXY.o [1]
  .text               ro code  0x0001e2fc    0x1ea  RADIO_Skin.o [4]
  .text               ro code  0x0001e4e8     0x20  GUI_GetFontInfo.o [4]
  .text               ro code  0x0001e508    0x1e6  SLIDER_Skin.o [4]
  .text               ro code  0x0001e6f0    0x1d4  CHECKBOX.o [4]
  .text               ro code  0x0001e8c4    0x184  GUI_CharM.o [4]
  .text               ro code  0x0001ea48    0x17c  GUIDEV_WriteToActiveAlpha.o [4]
  .text               ro code  0x0001ebc4    0x164  GUIDEV_StaticDevices.o [4]
  .text               ro code  0x0001ed28     0x24  GUI_SetAlpha.o [4]
  .text               ro code  0x0001ed4c     0x62  GUIDEV_Write.o [4]
  .text               ro code  0x0001edb0    0x164  FRAMEWIN_Skin.o [4]
  .text               ro code  0x0001ef14    0x14c  TEXT.o [4]
  .text               ro code  0x0001f060    0x14c  GUI_DispStringInRectWrap.o [4]
  .text               ro code  0x0001f1ac    0x134  GUI__Wrap.o [4]
  .text               ro code  0x0001f2e0    0x132  GUI_CharP.o [4]
  .text               ro code  0x0001f414    0x12c  WIDGET_Effect_3D.o [4]
  .rodata             const    0x0001f540    0x100  LCD_Mirror.o [4]
  .rodata             const    0x0001f640    0x100  GUI__DivTbl_255_31.o [4]
  .rodata             const    0x0001f740    0x100  GUI__DivTbl_255_63.o [4]
  .text               ro code  0x0001f840     0xe8  GUICC_M565.o [4]
  .text               ro code  0x0001f928     0xb8  RADIO_SkinFlex.o [4]
  .text               ro code  0x0001f9e0     0xb8  GUICC_0.o [4]
  .text               ro code  0x0001fa98     0x3e  GUI_CalcColorDist.o [4]
  .text               ro code  0x0001fad8     0xb2  CHECKBOX_Skin.o [4]
  .rodata             const    0x0001fb8c     0xb0  RADIO_Image.o [4]
  .text               ro code  0x0001fc3c     0xaa  BUTTON_Skin.o [4]
  .rodata             const    0x0001fce8     0x88  bsp_dk_3201.o [1]
  .rodata             const    0x0001fd70     0x88  em_cmu.o [1]
  .rodata             const    0x0001fdf8     0x88  em_gpio.o [1]
  .rodata             const    0x0001fe80     0x88  i2cspm.o [1]
  .rodata             const    0x0001ff08     0x88  touch.o [1]
  .rodata             const    0x0001ff90     0x80  GUI_CursorCrossMPx.o [4]
  .text               ro code  0x00020010     0x78  lz77_init_single.o [6]
  .rodata             const    0x00020088     0x68  CHECKBOX_Image.o [4]
  .text               ro code  0x000200f0     0x64  WIDGET_Effect_Simple.o [4]
  .rodata             const    0x00020154     0x54  i2cspm.o [1]
  .rodata             const    0x000201a8     0x54  WIDGET_GraphXY.o [1]
  .rodata             const    0x000201fc     0x50  bsp_dk_3201.o [1]
  .rodata             const    0x0002024c     0x4c  em_adc.o [1]
  .rodata             const    0x00020298     0x4c  em_cmu.o [1]
  .rodata             const    0x000202e4     0x4c  em_ebi.o [1]
  .rodata             const    0x00020330     0x4c  em_gpio.o [1]
  .rodata             const    0x0002037c     0x4c  em_i2c.o [1]
  .rodata             const    0x000203c8     0x4c  em_rtc.o [1]
  .rodata             const    0x00020414     0x4c  em_usart.o [1]
  .text               ro code  0x00020460     0x46  RADIO_CreateIndirect.o [4]
  .text               ro code  0x000204a6     0x44  BUTTON_CreateIndirect.o [4]
  .rodata             const    0x000204ec     0x40  WIDGET_GraphXY.o [1]
  .rodata             const    0x0002052c     0x40  GUI__DivTbl_63_255.o [4]
  .text               ro code  0x0002056c     0x40  FRAMEWIN_CreateIndirect.o [4]
  .text               ro code  0x000205ac     0x40  zero_init3.o [6]
  .rodata             const    0x000205ec     0x3c  GUI_CursorArrowMPx.o [4]
  .text               ro code  0x00020628     0x3c  TEXT_CreateIndirect.o [4]
  .rodata             const    0x00020664     0x38  WIDGET_GraphXY.o [1]
  .text               ro code  0x0002069c     0x38  CHECKBOX_CreateIndirect.o [4]
  .text               ro code  0x000206d4     0x38  GRAPH_CreateIndirect.o [4]
  .text               ro code  0x0002070c     0x38  SLIDER_CreateIndirect.o [4]
  .rodata             const    0x00020744     0x34  ssd2119.o [1]
  .rodata             const    0x00020778     0x30  WIDGET_GraphXY.o [1]
  .rodata             const    0x000207a8     0x30  WIDGET_GraphXY.o [1]
  .rodata             const    0x000207d8     0x2c  WIDGET_GraphXY.o [1]
  .rodata             const    0x00020804     0x2c  WIDGET_GraphXY.o [1]
  .rodata             const    0x00020830     0x28  WIDGET_GraphXY.o [1]
  .text               ro code  0x00020858     0x28  GUICC_8888.o [4]
  .text               ro code  0x00020880     0x28  data_init.o [6]
  .text               ro code  0x000208a8     0x24  GUI_UC_EncodeNone.o [4]
  .iar.init_table     const    0x000208cc     0x20  - Linker created -
  .rodata             const    0x000208ec     0x20  GUI_CursorArrowM.o [4]
  .rodata             const    0x0002090c     0x20  GUI_CursorCrossM.o [4]
  .rodata             const    0x0002092c     0x20  GUI__DivTbl_31_255.o [4]
  .rodata             const    0x0002094c     0x1c  WIDGET_GraphXY.o [1]
  .rodata             const    0x00020968     0x1c  WIDGET_GraphXY.o [1]
  .rodata             const    0x00020984     0x1c  WIDGET_Effect_3D.o [4]
  .rodata             const    0x000209a0     0x1c  WIDGET_Effect_None.o [4]
  .rodata             const    0x000209bc     0x1c  WIDGET_Effect_Simple.o [4]
  .text               ro code  0x000209d8     0x1a  cmain.o [6]
  .text               ro code  0x000209f2      0x4  low_level_init.o [3]
  .text               ro code  0x000209f6      0x4  exit.o [3]
  .text               ro code  0x000209fc      0xa  cexit.o [6]
  .text               ro code  0x00020a08      0xc  XXexit.o [6]
  .rodata             const    0x00020a14     0x18  bsp_dk_3201.o [1]
  .rodata             const    0x00020a2c     0x18  touch.o [1]
  .rodata             const    0x00020a44     0x18  WIDGET_GraphXY.o [1]
  .rodata             const    0x00020a5c     0x18  WIDGET_GraphXY.o [1]
  .rodata             const    0x00020a74     0x18  GUICC_M565.o [4]
  .rodata             const    0x00020a8c     0x18  GUI_CursorPal.o [4]
  .rodata             const    0x00020aa4     0x18  GUICC_8888.o [4]
  .rodata             const    0x00020abc     0x18  GUICC_0.o [4]
  .rodata             const    0x00020ad4     0x14  WIDGET_GraphXY.o [1]
  .rodata             const    0x00020ae8     0x14  WIDGET_GraphXY.o [1]
  .rodata             const    0x00020afc     0x14  WIDGET_GraphXY.o [1]
  .rodata             const    0x00020b10     0x14  WIDGET_GraphXY.o [1]
  .rodata             const    0x00020b24     0x10  WIDGET_GraphXY.o [1]
  .rodata             const    0x00020b34     0x10  WIDGET_GraphXY.o [1]
  .text               ro code  0x00020b44     0x10  startup_efm32gg.o [1]
  .rodata             const    0x00020b54      0xc  WIDGET_GraphXY.o [1]
  .rodata             const    0x00020b60      0xc  WIDGET_GraphXY.o [1]
  .rodata             const    0x00020b6c      0xc  WIDGET_GraphXY.o [1]
  .rodata             const    0x00020b78      0xc  WIDGET_GraphXY.o [1]
  .rodata             const    0x00020b84      0xc  WIDGET_GraphXY.o [1]
  .rodata             const    0x00020b90      0xc  WIDGET_GraphXY.o [1]
  .rodata             const    0x00020b9c      0xc  WIDGET_GraphXY.o [1]
  .rodata             const    0x00020ba8      0xc  WIDGET_GraphXY.o [1]
  .rodata             const    0x00020bb4      0xc  WIDGET_GraphXY.o [1]
  .rodata             const    0x00020bc0      0xc  LCD.o [4]
  .text               ro code  0x00020bcc      0xc  cstartup_M.o [6]
  .rodata             const    0x00020bd8      0x8  LCDConf_mm.o [1]
  .rodata             const    0x00020be0      0x8  ssd2119.o [1]
  .rodata             const    0x00020be8      0x8  ssd2119.o [1]
  .rodata             const    0x00020bf0      0x8  ssd2119.o [1]
  .rodata             const    0x00020bf8      0x8  touch.o [1]
  .rodata             const    0x00020c00      0x8  WIDGET_GraphXY.o [1]
  .rodata             const    0x00020c08      0x8  WIDGET_GraphXY.o [1]
  .rodata             const    0x00020c10      0x8  WIDGET_GraphXY.o [1]
  .rodata             const    0x00020c18      0x8  WIDGET_GraphXY.o [1]
  .rodata             const    0x00020c20      0x8  WIDGET_GraphXY.o [1]
  .rodata             const    0x00020c28      0x8  WIDGET_GraphXY.o [1]
  .rodata             const    0x00020c30      0x8  WIDGET_GraphXY.o [1]
  .rodata             const    0x00020c38      0x8  WIDGET_GraphXY.o [1]
  .rodata             const    0x00020c40      0x8  WIDGET_GraphXY.o [1]
  .rodata             const    0x00020c48      0x8  WIDGET_GraphXY.o [1]
  .rodata             const    0x00020c50      0x8  WIDGET_GraphXY.o [1]
  .rodata             const    0x00020c58      0x8  WIDGET_GraphXY.o [1]
  .rodata             const    0x00020c60      0x4  em_i2c.o [1]
  .rodata             const    0x00020c64      0x4  ssd2119.o [1]
  .rodata             const    0x00020c68      0x4  ssd2119.o [1]
  .rodata             const    0x00020c6c      0x4  ssd2119.o [1]
  .rodata             const    0x00020c70      0x4  ssd2119.o [1]
  .rodata             const    0x00020c74      0x4  ssd2119.o [1]
  .rodata             const    0x00020c78      0x4  ssd2119.o [1]
  .rodata             const    0x00020c7c      0x4  WIDGET_GraphXY.o [1]
  .text               ro code  0x00020c80      0x4  startup_efm32gg.o [1]
  .text               ro code  0x00020c84      0x4  startup_efm32gg.o [1]
  .text               ro code  0x00020c88      0x4  startup_efm32gg.o [1]
  .text               ro code  0x00020c8c      0x4  startup_efm32gg.o [1]
  .text               ro code  0x00020c90      0x4  startup_efm32gg.o [1]
  .text               ro code  0x00020c94      0x4  startup_efm32gg.o [1]
  .text               ro code  0x00020c98      0x4  startup_efm32gg.o [1]
  .text               ro code  0x00020c9c      0x4  startup_efm32gg.o [1]
  .text               ro code  0x00020ca0      0x4  startup_efm32gg.o [1]
  .text               ro code  0x00020ca4      0x4  startup_efm32gg.o [1]
  .text               ro code  0x00020ca8      0x4  startup_efm32gg.o [1]
  .text               ro code  0x00020cac      0x4  startup_efm32gg.o [1]
  .text               ro code  0x00020cb0      0x4  startup_efm32gg.o [1]
  .text               ro code  0x00020cb4      0x4  startup_efm32gg.o [1]
  .text               ro code  0x00020cb8      0x4  startup_efm32gg.o [1]
  .text               ro code  0x00020cbc      0x4  startup_efm32gg.o [1]
  .text               ro code  0x00020cc0      0x4  startup_efm32gg.o [1]
  .text               ro code  0x00020cc4      0x4  startup_efm32gg.o [1]
  .text               ro code  0x00020cc8      0x4  startup_efm32gg.o [1]
  .text               ro code  0x00020ccc      0x4  startup_efm32gg.o [1]
  .text               ro code  0x00020cd0      0x4  startup_efm32gg.o [1]
  .text               ro code  0x00020cd4      0x4  startup_efm32gg.o [1]
  .text               ro code  0x00020cd8      0x4  startup_efm32gg.o [1]
  .text               ro code  0x00020cdc      0x4  startup_efm32gg.o [1]
  .text               ro code  0x00020ce0      0x4  startup_efm32gg.o [1]
  .text               ro code  0x00020ce4      0x4  startup_efm32gg.o [1]
  .text               ro code  0x00020ce8      0x4  startup_efm32gg.o [1]
  .text               ro code  0x00020cec      0x4  startup_efm32gg.o [1]
  .text               ro code  0x00020cf0      0x4  startup_efm32gg.o [1]
  .text               ro code  0x00020cf4      0x4  startup_efm32gg.o [1]
  .text               ro code  0x00020cf8      0x4  startup_efm32gg.o [1]
  .text               ro code  0x00020cfc      0x4  startup_efm32gg.o [1]
  .text               ro code  0x00020d00      0x4  startup_efm32gg.o [1]
  .text               ro code  0x00020d04      0x4  startup_efm32gg.o [1]
  .text               ro code  0x00020d08      0x4  startup_efm32gg.o [1]
  .text               ro code  0x00020d0c      0x4  startup_efm32gg.o [1]
  .text               ro code  0x00020d10      0x4  startup_efm32gg.o [1]
  .text               ro code  0x00020d14      0x4  startup_efm32gg.o [1]
  .text               ro code  0x00020d18      0x4  startup_efm32gg.o [1]
  .text               ro code  0x00020d1c      0x4  startup_efm32gg.o [1]
  .text               ro code  0x00020d20      0x4  startup_efm32gg.o [1]
  .text               ro code  0x00020d24      0x4  startup_efm32gg.o [1]
  .text               ro code  0x00020d28      0x4  startup_efm32gg.o [1]
  .text               ro code  0x00020d2c      0x4  startup_efm32gg.o [1]
  .text               ro code  0x00020d30      0x4  startup_efm32gg.o [1]
  .text               ro code  0x00020d34      0x4  startup_efm32gg.o [1]
  .rodata             const    0x00020d38      0x0  zero_init3.o [6]
  .rodata             const    0x00020d38      0x0  lz77_init_single.o [6]
  Initializer bytes   const    0x00020d38    0x29f  <for P2-1>
                             - 0x00020fd7  0x20efb

"P2", part 1 of 3:                           0x548
  P2-1                         0x20000000    0x548  <Init block>
    .data             inited   0x20000000      0x4  system_efm32gg.o [1]
    .data             inited   0x20000004      0x4  system_efm32gg.o [1]
    .data             inited   0x20000008     0x1c  touch.o [1]
    .data             inited   0x20000024     0x14  WIDGET_GraphXY.o [1]
    .data             inited   0x20000038     0x5c  GUI_PID.o [4]
    .data             inited   0x20000094     0x2c  GUI_Core.o [4]
    .data             inited   0x200000c0      0x4  GUI_Core.o [4]
    .data             inited   0x200000c4     0x30  GRAPH.o [4]
    .data             inited   0x200000f4      0x8  GRAPH_SCALE.o [4]
    .data             inited   0x200000fc      0xc  LCD_RotateCCW.o [4]
    .data             inited   0x20000108     0x28  RADIO.o [4]
    .data             inited   0x20000130     0x1c  SLIDER.o [4]
    .data             inited   0x2000014c     0x14  WIDGET_Effect_3D.o [4]
    .data             inited   0x20000160      0x4  WINDOW.o [4]
    .data             inited   0x20000164      0x8  GUI_WaitEvent.o [4]
    .data             inited   0x2000016c     0x38  WM_Touch.o [4]
    .data             inited   0x200001a4     0x68  GUI_OnKey.o [4]
    .data             inited   0x2000020c      0x4  LCD.o [4]
    .data             inited   0x20000210     0x10  LCD_Color.o [4]
    .data             inited   0x20000220     0x34  BUTTON.o [4]
    .data             inited   0x20000254      0x8  BUTTON.o [4]
    .data             inited   0x2000025c     0x40  CHECKBOX.o [4]
    .data             inited   0x2000029c     0x2c  FRAMEWIN.o [4]
    .data             inited   0x200002c8     0x18  SCROLLBAR.o [4]
    .data             inited   0x200002e0      0x4  WIDGET.o [4]
    .data             inited   0x200002e4      0x4  LCD_AA.o [4]
    .data             inited   0x200002e8     0x28  RADIO_SkinFlex.o [4]
    .data             inited   0x20000310      0xc  RADIO_Skin.o [4]
    .data             inited   0x2000031c     0x58  SLIDER_SkinFlex.o [4]
    .data             inited   0x20000374      0xc  SLIDER_Skin.o [4]
    .data             inited   0x20000380     0x10  TEXT.o [4]
    .data             inited   0x20000390      0x4  GUI__Alpha.o [4]
    .data             inited   0x20000394     0x20  BUTTON_SkinFlex.o [4]
    .data             inited   0x200003b4     0x20  BUTTON_SkinFlex.o [4]
    .data             inited   0x200003d4     0x20  BUTTON_SkinFlex.o [4]
    .data             inited   0x200003f4     0x20  BUTTON_SkinFlex.o [4]
    .data             inited   0x20000414      0xc  BUTTON_Skin.o [4]
    .data             inited   0x20000420     0x1c  CHECKBOX_SkinFlex.o [4]
    .data             inited   0x2000043c     0x1c  CHECKBOX_SkinFlex.o [4]
    .data             inited   0x20000458      0xc  CHECKBOX_Skin.o [4]
    .data             inited   0x20000464     0x58  FRAMEWIN_SkinFlex.o [4]
    .data             inited   0x200004bc     0x14  FRAMEWIN_Skin.o [4]
    .data             inited   0x200004d0     0x58  SCROLLBAR_SkinFlex.o [4]
    .data             inited   0x20000528      0xc  SCROLLBAR_Skin.o [4]
    .data             inited   0x20000534      0x4  GUI_CharLine.o [4]
    .data             inited   0x20000538      0x8  GUI__Wrap.o [4]
    __DLIB_PERTHREAD  inited   0x20000540      0x4  errno.o [3]
    .data             inited   0x20000544      0x2  SCROLLBAR.o [4]
    .data             inited   0x20000546      0x1  LCDConf_mm.o [1]
    .data             inited   0x20000547      0x1  GUIDEV_StaticDevices.o [4]
                             - 0x20000548    0x548

"P2", part 2 of 3:                          0x1000
  CSTACK                       0x20000548   0x1000  <Block>
    CSTACK            uninit   0x20000548   0x1000  <Block tail>
                             - 0x20001548   0x1000

"P2", part 3 of 3:                          0x25b4
  .bss                zero     0x20001548   0x2000  GUIConf.o [1]
  .bss                zero     0x20003548    0x228  WIDGET_GraphXY.o [1]
  .bss                zero     0x20003770     0xc0  GUI_Alloc.o [4]
  .bss                zero     0x20003830     0x6c  GUI_Core.o [4]
  .bss                zero     0x2000389c     0x64  WM.o [4]
  .bss                zero     0x20003900     0x20  GUI_MULTIBUF.o [4]
  .bss                zero     0x20003920     0x20  GUI_Curs1.o [4]
  .bss                zero     0x20003940     0x1c  GUI__Alpha.o [4]
  .bss                zero     0x2000395c     0x1c  GUI_FillPolygon.o [4]
  .bss                zero     0x20003978     0x18  em_i2c.o [1]
  .bss                zero     0x20003990     0x18  WIDGET_GraphXY.o [1]
  .bss                zero     0x200039a8     0x14  GUI__ManageCache.o [4]
  .bss                zero     0x200039bc     0x14  GUI_Timer.o [4]
  .bss                zero     0x200039d0     0x10  GUI_TOUCH.o [4]
  .bss                zero     0x200039e0      0xc  LCDConf_mm.o [1]
  .bss                zero     0x200039ec      0xc  touch.o [1]
  .bss                zero     0x200039f8      0xc  touch.o [1]
  .bss                zero     0x20003a04      0xc  touch.o [1]
  .bss                zero     0x20003a10      0xc  touch.o [1]
  .bss                zero     0x20003a1c      0xc  WIDGET_GraphXY.o [1]
  .bss                zero     0x20003a28      0xc  GUI_Alloc.o [4]
  .bss                zero     0x20003a34      0xc  WM_PID__GetPrevState.o [4]
  .bss                zero     0x20003a40      0x8  WIDGET_GraphXY.o [1]
  .bss                zero     0x20003a48      0x8  LCD_GetEx.o [4]
  .bss                zero     0x20003a50      0x8  GUICC_M565.o [4]
  .bss                zero     0x20003a58      0x8  GUI_DispStringInRectEx.o [4]
  .bss                zero     0x20003a60      0x8  CHECKBOX_SkinFlex.o [4]
  .bss                zero     0x20003a68      0x4  bsp_dk_3201.o [1]
  .bss                zero     0x20003a6c      0x4  bsp_dk_3201.o [1]
  .bss                zero     0x20003a70      0x4  em_emu.o [1]
  .bss                zero     0x20003a74      0x4  GUI_X.o [1]
  .bss                zero     0x20003a78      0x4  GUI_X.o [1]
  .bss                zero     0x20003a7c      0x4  GUI_X.o [1]
  .bss                zero     0x20003a80      0x4  GUI_X.o [1]
  .bss                zero     0x20003a84      0x4  LCDConf_mm.o [1]
  .bss                zero     0x20003a88      0x4  ssd2119.o [1]
  .bss                zero     0x20003a8c      0x4  system_efm32gg.o [1]
  .bss                zero     0x20003a90      0x4  touch.o [1]
  .bss                zero     0x20003a94      0x4  touch.o [1]
  .bss                zero     0x20003a98      0x4  WIDGET_GraphXY.o [1]
  .bss                zero     0x20003a9c      0x4  WIDGET_GraphXY.o [1]
  .bss                zero     0x20003aa0      0x4  WIDGET_GraphXY.o [1]
  .bss                zero     0x20003aa4      0x4  WIDGET_GraphXY.o [1]
  .bss                zero     0x20003aa8      0x4  WIDGET_GraphXY.o [1]
  .bss                zero     0x20003aac      0x4  WIDGET_GraphXY.o [1]
  .bss                zero     0x20003ab0      0x4  WM.o [4]
  .bss                zero     0x20003ab4      0x4  GUI_Core.o [4]
  .bss                zero     0x20003ab8      0x4  GUI_Core.o [4]
  .bss                zero     0x20003abc      0x4  GUI_Core.o [4]
  .bss                zero     0x20003ac0      0x4  GUI_Core.o [4]
  .bss                zero     0x20003ac4      0x4  GUI_Core.o [4]
  .bss                zero     0x20003ac8      0x4  GUI_Core.o [4]
  .bss                zero     0x20003acc      0x4  RADIO.o [4]
  .bss                zero     0x20003ad0      0x4  WIDGET_Effect_Simple.o [4]
  .bss                zero     0x20003ad4      0x4  GUI_WaitEvent.o [4]
  .bss                zero     0x20003ad8      0x4  GUIDEV_Banding.o [4]
  .bss                zero     0x20003adc      0x4  WM__SendMessage.o [4]
  .bss                zero     0x20003ae0      0x4  GUI_SelectLayer.o [4]
  .bss                zero     0x20003ae4      0x4  GUI__Alpha.o [4]
  .bss                zero     0x20003ae8      0x4  WM_SetCaptureMove.o [4]
  .bss                zero     0x20003aec      0x2  bsp_dk_3201.o [1]
  .bss                zero     0x20003aee      0x2  GUI_Core.o [4]
  .bss                zero     0x20003af0      0x2  GUI_Core.o [4]
  .bss                zero     0x20003af2      0x1  bsp_dk_3201.o [1]
  .bss                zero     0x20003af3      0x1  em_emu.o [1]
  .bss                zero     0x20003af4      0x1  GUI_X.o [1]
  .bss                zero     0x20003af5      0x1  touch.o [1]
  .bss                zero     0x20003af6      0x1  WIDGET_GraphXY.o [1]
  .bss                zero     0x20003af7      0x1  WM.o [4]
  .bss                zero     0x20003af8      0x1  GUI_Core.o [4]
  .bss                zero     0x20003af9      0x1  GUI_Core.o [4]
                             - 0x20003afa   0x25b2


*******************************************************************************
*** INIT TABLE
***

          Address     Size
          -------     ----
Zero (__iar_zero_init3)
    1 destination range, total size 0x25b2:
          0x20001548  0x25b2

Copy/lz77 (__iar_lz77_init_single3)
    1 source range, total size 0x29f (49% of destination):
          0x00020d38   0x29f
    1 destination range, total size 0x548:
          0x20000000   0x548



*******************************************************************************
*** MODULE SUMMARY
***

    Module                         ro code  ro data  rw data
    ------                         -------  -------  -------
D:\jenkins-slave\workspaces\Executor-0\super\app\mcu_example\EFM32GG_DK3750\graphxy_mm\iar\graphxy_mm\Debug\Obj: [1]
    GUIConf.o                           36             8 192
    GUI_X.o                            842                17
    LCDConf_mm.o                       596        8       17
    WIDGET_GraphXY.o                 3 560    6 043      641
    bsp_dk_3201.o                    2 872      240       11
    bsp_trace.o                        280
    calibrate.o                        404
    eeprom.o                           356
    em_adc.o                           548       76
    em_assert.o                          2
    em_cmu.o                         3 556      212
    em_ebi.o                         2 104       76
    em_emu.o                           464                 5
    em_gpio.o                          688      212
    em_i2c.o                         1 308       80       24
    em_rtc.o                           192       76
    em_usart.o                         404       76
    i2cspm.o                           588      220
    ssd2119.o                        4 120      100        4
    startup_efm32gg.o                  420
    system_efm32gg.o                   312        3       12
    touch.o                          1 720      182       85
    --------------------------------------------------------
    Total:                          25 372    7 604    9 008

command line: [2]
    --------------------------------------------------------
    Total:

dl7M_tln.a: [3]
    abs.o                                8
    errno.o                             12        2        4
    exit.o                               4
    low_level_init.o                     4
    xtls.o                               2
    --------------------------------------------------------
    Total:                              30        2        4

emwin_IAR_CM3.a: [4]
    BUTTON.o                           582       30       60
    BUTTON_Bitmap.o                     32
    BUTTON_CreateIndirect.o             68
    BUTTON_Skin.o                      170        6       12
    BUTTON_SkinFlex.o                  636       64      128
    BUTTON__SetBitmapObj.o              54
    CHECKBOX.o                         468       32       64
    CHECKBOX_CreateIndirect.o           56
    CHECKBOX_GetState.o                 28
    CHECKBOX_Image.o                            104
    CHECKBOX_IsChecked.o                14
    CHECKBOX_SetState.o                 54
    CHECKBOX_SetText.o                  72
    CHECKBOX_Skin.o                    178        6       12
    CHECKBOX_SkinFlex.o              1 060       27       64
    DIALOG.o                           304
    F10_ASCII.o                               1 988
    F13B_ASCII.o                              2 496
    F13_1.o                                   2 436
    F13_ASCII.o                               2 364
    F16_1.o                                   2 880
    F16_ASCII.o                               2 684
    F24_ASCII.o                               4 792
    F6x8.o                                    1 816
    FRAMEWIN.o                       2 010       22       44
    FRAMEWIN_CreateIndirect.o           64
    FRAMEWIN_Get.o                      34
    FRAMEWIN_SetTitleVis.o             164
    FRAMEWIN_Skin.o                    356       10       20
    FRAMEWIN_SkinFlex.o                880       44       88
    GRAPH.o                          2 288       24       48
    GRAPH_CreateIndirect.o              56
    GRAPH_DATA_XY.o                    972
    GRAPH_SCALE.o                      812        4        8
    GUICC_0.o                          184       24
    GUICC_8888.o                        40       24
    GUICC_8888_Index2Color.o             2
    GUICC_888_Index2Color.o              2
    GUICC_M565.o                       232       24        8
    GUIDEV.o                           768
    GUIDEV_16.o                      2 456
    GUIDEV_32.o                      2 472
    GUIDEV_Banding.o                   334                 4
    GUIDEV_Clear.o                      60
    GUIDEV_GetDataPtr.o                 28
    GUIDEV_GetYSize.o                   40
    GUIDEV_ReduceYSize.o                48
    GUIDEV_SetOrg.o                    108
    GUIDEV_StaticDevices.o             356        1        1
    GUIDEV_Usage.o                      78
    GUIDEV_UsageBM.o                   436
    GUIDEV_Write.o                      98
    GUIDEV_WriteToActiveAlpha.o        380
    GUIDEV_WriteToActiveOpaque.o     1 896
    GUI_2DLib.o                        144
    GUI_ALLOC_AllocInit.o               60
    GUI_ALLOC_AllocZero.o               36
    GUI_ARRAY.o                        492
    GUI_AddDecShift.o                  264
    GUI_Alloc.o                      1 972               204
    GUI_CalcColorDist.o                 62
    GUI_Char.o                          80
    GUI_CharLine.o                     432        2        4
    GUI_CharM.o                        388
    GUI_CharP.o                        306
    GUI_Circ.o                         196
    GUI_Core.o                         396       24      186
    GUI_Curs1.o                        396                32
    GUI_CursorArrowM.o                           32
    GUI_CursorArrowMPx.o                         60
    GUI_CursorCrossM.o                           32
    GUI_CursorCrossMPx.o                        128
    GUI_CursorPal.o                              24
    GUI_DRAW.o                          46
    GUI_DRAW_BITMAP.o                  164
    GUI_Device.o                       312
    GUI_DispString.o                   256
    GUI_DispStringAt.o                  16
    GUI_DispStringHCenter.o             52
    GUI_DispStringInRect.o             404
    GUI_DispStringInRectEx.o           172                 8
    GUI_DispStringInRectWrap.o         332
    GUI_DrawBitmap.o                   236
    GUI_DrawFocusRect.o                156
    GUI_DrawGradient.o                 596
    GUI_DrawHLine.o                     76
    GUI_DrawLine.o                   1 280
    GUI_DrawPixel.o                     72
    GUI_DrawPoint.o                     32
    GUI_DrawVLine.o                     68
    GUI_Exec.o                          64
    GUI_FillPolygon.o                  464                28
    GUI_FillRect.o                      72
    GUI_FillRectEx.o                    20
    GUI_GetBitmapPixelIndex.o          172
    GUI_GetClientRect.o                 10
    GUI_GetColor.o                      22
    GUI_GetDrawMode.o                   12
    GUI_GetFontInfo.o                   32
    GUI_GetFontSizeY.o                   4
    GUI_GetLineStyle.o                  12
    GUI_GetOrg.o                        32
    GUI_GetStringDistX.o                20
    GUI_GetYSizeOfFont.o                 8
    GUI_Goto.o                          16
    GUI_MULTIBUF.o                     124                32
    GUI_MergeRect.o                     88
    GUI_MoveRect.o                      28
    GUI_OnKey.o                         84       52      104
    GUI_PID.o                          268       46       92
    GUI_Pen.o                           16
    GUI_Realloc.o                       86
    GUI_RectsIntersect.o                56
    GUI_SPRITE.o                     7 288
    GUI_SaveContext.o                   32
    GUI_SelectLCD.o                     18
    GUI_SelectLayer.o                   84                 4
    GUI_SetAlpha.o                      36
    GUI_SetColor.o                       8
    GUI_SetDefault.o                    68
    GUI_SetDrawMode.o                    4
    GUI_SetFont.o                       20
    GUI_SetLineStyle.o                  16
    GUI_SetOrg.o                        48
    GUI_SetTextAlign.o                  20
    GUI_SetTextMode.o                   20
    GUI_TOUCH.o                         72                16
    GUI_Time.o                           4
    GUI_Timer.o                        828                20
    GUI_UC.o                            72
    GUI_UC_EncodeNone.o                 36
    GUI_Val.o                           70
    GUI_Valf.o                         408
    GUI_WaitEvent.o                     76        4       12
    GUI__Alpha.o                       800        2       36
    GUI__CompactPixelIndices.o         660
    GUI__DivTbl_255_31.o                        256
    GUI__DivTbl_255_63.o                        256
    GUI__DivTbl_31_255.o                         32
    GUI__DivTbl_63_255.o                         64
    GUI__DivideRound32.o                24
    GUI__DrawTwinArc.o               1 946
    GUI__ExpandPixelIndices.o          322
    GUI__GetFontSizeY.o                 20
    GUI__GetNumChars.o                  26
    GUI__HandleEOLine.o                 22
    GUI__IntersectRect.o                64
    GUI__IntersectRects.o               98
    GUI__ManageCache.o                 220                20
    GUI__ReduceRect.o                   26
    GUI__SetText.o                     110
    GUI__Wrap.o                        308        4        8
    GUI__memset.o                       78
    GUI__memset16.o                     60
    GUI__sqrt32.o                       26
    GUI__strcmp.o                       72
    GUI__strlen.o                       20
    LCD.o                            1 760       14        4
    LCD_AA.o                           728        2        4
    LCD_Color.o                        264        7       16
    LCD_GetColorIndex.o                 24
    LCD_GetEx.o                        416                 8
    LCD_GetNumDisplays.o                18
    LCD_GetP.o                          96
    LCD_GetPixelColor.o                 14
    LCD_Mirror.o                                256
    LCD_ReadRect.o                     488
    LCD_RotateCCW.o                  1 464        6       12
    LCD_SelectLCD.o                     68
    LCD_Set.o                          324
    LCD_SetClipRectEx.o                 52
    LCD_UpdateColorIndices.o            36
    RADIO.o                            768       19       44
    RADIO_CreateIndirect.o              70
    RADIO_Image.o                               176
    RADIO_SetFont.o                     48
    RADIO_SetText.o                     70
    RADIO_Skin.o                       490        6       12
    RADIO_SkinFlex.o                   184       20       40
    SCROLLBAR.o                      1 494       13       26
    SCROLLBAR_Create.o                  54
    SCROLLBAR_GetValue.o                26
    SCROLLBAR_Skin.o                   600        6       12
    SCROLLBAR_SkinFlex.o             1 050       44       88
    SLIDER.o                           770       14       28
    SLIDER_CreateIndirect.o             56
    SLIDER_Skin.o                      486        6       12
    SLIDER_SkinFlex.o                1 056       43       88
    TEXT.o                             332        8       16
    TEXT_CreateIndirect.o               60
    TEXT_SetFont.o                      38
    TEXT_SetText.o                      76
    TEXT_SetTextAlign.o                 32
    TEXT_SetTextColor.o                 38
    WIDGET.o                           908        2        4
    WIDGET_Effect_3D.o                 300       38       20
    WIDGET_Effect_None.o                10       28
    WIDGET_Effect_Simple.o             100       28        4
    WIDGET_SetEffect.o                  26
    WINDOW.o                           428        2        4
    WM.o                             4 932               105
    WM_AttachWindow.o                  152
    WM_BringToBottom.o                 132
    WM_BringToTop.o                    120
    WM_CheckScrollPos.o                 28
    WM_CriticalHandle.o                 48
    WM_ForEachDesc.o                     4
    WM_GetBkColor.o                     30
    WM_GetClientRect.o                  80
    WM_GetClientWindow.o                24
    WM_GetDesktopWindow.o               12
    WM_GetDialogItem.o                  80
    WM_GetFirstChild.o                  14
    WM_GetFlags.o                       20
    WM_GetFocussedWindow.o              12
    WM_GetId.o                          32
    WM_GetInsideRect.o                  48
    WM_GetInsideRectExScrollbar.o      168
    WM_GetInvalidRect.o                 38
    WM_GetNextSibling.o                 14
    WM_GetOrg.o                         74
    WM_GetParent.o                      14
    WM_GetScrollPartner.o               40
    WM_GetScrollbar.o                  102
    WM_GetWindowRect.o                  66
    WM_GetWindowSize.o                  92
    WM_HasCaptured.o                    20
    WM_HasFocus.o                       20
    WM_Hide.o                           44
    WM_IsFocussable.o                   48
    WM_IsWindow.o                        4
    WM_MemDev.o                         24
    WM_Move.o                          326
    WM_MoveChildTo.o                    84
    WM_NotifyParent.o                   20
    WM_OnKey.o                          48
    WM_PID__GetPrevState.o              24                12
    WM_ResizeWindow.o                  244
    WM_Screen2Win.o                    148
    WM_SendMessageNoPara.o               4
    WM_SendToParent.o                   28
    WM_SetCapture.o                     76
    WM_SetCaptureMove.o                146                 4
    WM_SetCreateFlags.o                 16
    WM_SetDesktopColor.o                44
    WM_SetFocus.o                      148
    WM_SetFocusOnNextChild.o           114
    WM_SetFocusOnPrevChild.o            94
    WM_SetScrollState.o                 26
    WM_SetScrollbar.o                   94
    WM_SetSize.o                        70
    WM_SetTrans.o                       94
    WM_SetUserClipRect.o                24
    WM_SetWindowPos.o                   30
    WM_Show.o                           82
    WM_StayOnTop.o                      72
    WM_Timer.o                         316
    WM_Touch.o                         852       28       56
    WM_ValidateWindow.o                 48
    WM__ForEachDesc.o                   44
    WM__GetFirstSibling.o               16
    WM__GetFocussedChild.o              28
    WM__GetLastSibling.o                26
    WM__GetPrevSibling.o                34
    WM__IsAncestor.o                    80
    WM__IsChild.o                       34
    WM__IsEnabled.o                     22
    WM__Screen2Client.o                 20
    WM__SendMessage.o                   64                 4
    WM__SendMessageIfEnabled.o          26
    WM__SendMessageNoPara.o             44
    WM__UpdateChildPositions.o         204
    --------------------------------------------------------
    Total:                          72 536   23 686    1 990

m7M_tl.a: [5]
    DblAdd.o                           232
    DblCmpEq.o                          32
    DblCmpGe.o                          46
    DblCmpLe.o                          46
    DblDiv.o                           598
    DblMul.o                           418
    DblSub.o                           384
    DblToI32.o                          76
    FltAdd.o                           132
    FltCmpEq.o                          28
    FltCmpGe.o                          36
    FltCmpLe.o                          36
    FltMul.o                           216
    FltSub.o                           214
    FltToDbl.o                          78
    FltToS32.o                          68
    FltToU32.o                          36
    I32ToDbl.o                          44
    I32ToFlt.o                          50
    ceilf.o                             50
    cos.o                                6
    floorf.o                            52
    fmod.o                             424
    sin.o                                6
    xdint.o                            126
    xquad.o                            352
    xsin.o                           1 062
    --------------------------------------------------------
    Total:                           4 848

rt7M_tl.a: [6]
    ABImemclr.o                          6
    ABImemclr4.o                         6
    ABImemcpy_unaligned.o              118
    ABImemmove_unaligned.o             120
    ABImemset.o                        102
    ABImemset48.o                       50
    XXexit.o                            12
    cexit.o                             10
    cmain.o                             26
    cstartup_M.o                        12
    data_init.o                         40
    iarEdom.o                           12
    lz77_init_single.o                 120
    memcmp_unaligned.o                  98
    strcpy_unaligned.o                  68
    strlen.o                            54
    zero_init3.o                        64
    --------------------------------------------------------
    Total:                             918

    Gaps                                91        8
    Linker created                               32    4 096
------------------------------------------------------------
    Grand Total:                   103 795   31 332   15 098


*******************************************************************************
*** ENTRY LIST
***

Entry                      Address    Size  Type      Object
-----                      -------    ----  ----      ------
.iar.init_table$$Base   0x000208cc           --   Gb  - Linker created -
.iar.init_table$$Limit  0x000208ec           --   Gb  - Linker created -
?main                   0x000209d9          Code  Gb  cmain.o [6]
ADC0_IRQHandler         0x00008877   0x246  Code  Gb  touch.o [1]
ADC_DataSingleGet       0x00008595     0x4  Code  Lc  touch.o [1]
ADC_Init                0x0000ab37    0x96  Code  Gb  em_adc.o [1]
ADC_InitSingle          0x0000abcd    0x6e  Code  Gb  em_adc.o [1]
ADC_IntClear            0x00008599     0x4  Code  Lc  touch.o [1]
ADC_IntDisable          0x0000859d     0x8  Code  Lc  touch.o [1]
ADC_IntEnable           0x000085a5     0x8  Code  Lc  touch.o [1]
ADC_LoadDevinfoCal      0x0000aa81    0xb6  Code  Lc  em_adc.o [1]
ADC_PrescaleCalc        0x0000ac3b    0x40  Code  Gb  em_adc.o [1]
ADC_Start               0x000085ad     0x6  Code  Lc  touch.o [1]
API                     0x00003930    0x18  Data  Lc  GUIDEV_UsageBM.o [4]
BSP_BusControlModeSet   0x00006ce3    0x9c  Code  Gb  bsp_dk_3201.o [1]
BSP_DisplayControl      0x00006d7f    0xfc  Code  Gb  bsp_dk_3201.o [1]
BSP_EbiExtendedAddressRange
                        0x00006e7b    0x24  Code  Gb  bsp_dk_3201.o [1]
BSP_Init                0x00006c89    0x5a  Code  Gb  bsp_dk_3201.o [1]
BSP_JoystickGet         0x00006e9f    0x12  Code  Gb  bsp_dk_3201.o [1]
BSP_PeripheralAccess    0x00006eb1   0x236  Code  Gb  bsp_dk_3201.o [1]
BSP_RegisterRead        0x000070e7    0x1a  Code  Gb  bsp_dk_3201.o [1]
BSP_RegisterWrite       0x00007101    0x22  Code  Gb  bsp_dk_3201.o [1]
BSP_TraceProfilerSetup  0x0000776d    0x18  Code  Gb  bsp_trace.o [1]
BSP_TraceSwoSetup       0x0000766d    0xac  Code  Gb  bsp_trace.o [1]
BUS_RegBitRead          0x00007793    0x10  Code  Lc  em_cmu.o [1]
BUS_RegBitRead          0x000085b3    0x10  Code  Lc  touch.o [1]
BUS_RegBitWrite         0x00007785     0xe  Code  Lc  em_cmu.o [1]
BUS_RegBitWrite         0x00008de1     0xe  Code  Lc  em_ebi.o [1]
BUS_RegBitWrite         0x0000ace1     0xe  Code  Lc  em_i2c.o [1]
BUS_RegBitWrite         0x00009769     0xe  Code  Lc  em_rtc.o [1]
BUS_RegMaskedWrite      0x0000acef     0xa  Code  Lc  em_i2c.o [1]
BUS_RegMaskedWrite      0x0000a269     0xa  Code  Lc  em_usart.o [1]
BUTTON_Callback         0x0001df25    0xf2  Code  Gb  BUTTON.o [4]
BUTTON_CreateIndirect   0x000204a7    0x44  Code  Gb  BUTTON_CreateIndirect.o [4]
BUTTON_CreateUser       0x0001e017     0xa  Code  Gb  BUTTON.o [4]
BUTTON_DrawSkinFlex     0x0001d981   0x26c  Code  Gb  BUTTON_SkinFlex.o [4]
BUTTON_SetBitmapEx      0x00010663     0xe  Code  Gb  BUTTON_Bitmap.o [4]
BUTTON_SetText          0x0001e07d    0x4e  Code  Gb  BUTTON.o [4]
BUTTON__DefaultProps    0x20000220    0x30  Data  Gb  BUTTON.o [4]
BUTTON__SetDrawObj(long, int, long)
                        0x00012d15    0x36  Code  Gb  BUTTON__SetBitmapObj.o [4]
BUTTON__Skin            0x20000414     0xc  Data  Gb  BUTTON_Skin.o [4]
BUTTON__pSkinDefault    0x20000250     0x4  Data  Gb  BUTTON.o [4]
CHECKBOX_Callback       0x0001e711   0x10e  Code  Gb  CHECKBOX.o [4]
CHECKBOX_CreateIndirect
                        0x0002069d    0x38  Code  Gb  CHECKBOX_CreateIndirect.o [4]
CHECKBOX_CreateUser     0x0001e81f    0x9e  Code  Gb  CHECKBOX.o [4]
CHECKBOX_DrawSkinFlex   0x0001c40d    0xe6  Code  Gb  CHECKBOX_SkinFlex.o [4]
CHECKBOX_GetState       0x000141ab    0x1c  Code  Gb  CHECKBOX_GetState.o [4]
CHECKBOX_IsChecked      0x00012041     0xe  Code  Gb  CHECKBOX_IsChecked.o [4]
CHECKBOX_SetState       0x00011949    0x36  Code  Gb  CHECKBOX_SetState.o [4]
CHECKBOX_SetText        0x00011901    0x48  Code  Gb  CHECKBOX_SetText.o [4]
CHECKBOX__DefaultProps  0x2000025c    0x3c  Data  Gb  CHECKBOX.o [4]
CHECKBOX__GetButtonSize()
                        0x0001e6f1    0x20  Code  Gb  CHECKBOX.o [4]
CHECKBOX__Skin          0x20000458     0xc  Data  Gb  CHECKBOX_Skin.o [4]
CHECKBOX__abmCheck      0x000200c8    0x28  Data  Gb  CHECKBOX_Image.o [4]
CHECKBOX__pSkinDefault  0x20000298     0x4  Data  Gb  CHECKBOX.o [4]
CMU_ClockDivSet         0x00007b5f   0x294  Code  Gb  em_cmu.o [1]
CMU_ClockEnable         0x00007df3    0xa6  Code  Gb  em_cmu.o [1]
CMU_ClockFreqGet        0x00007ead   0x188  Code  Gb  em_cmu.o [1]
CMU_ClockSelectGet      0x00008071   0x134  Code  Gb  em_cmu.o [1]
CMU_ClockSelectSet      0x000081c9   0x292  Code  Gb  em_cmu.o [1]
CMU_DivToLog2           0x000077a3    0x28  Code  Lc  em_cmu.o [1]
CMU_Lock                0x00009831     0xa  Code  Lc  em_emu.o [1]
CMU_OscillatorEnable    0x00008491    0x9c  Code  Gb  em_cmu.o [1]
CMU_Unlock              0x0000983b     0xc  Code  Lc  em_emu.o [1]
CSTACK$$Base            0x20000548           --   Gb  - Linker created -
CSTACK$$Limit           0x20001548           --   Gb  - Linker created -
Colors                  0x00020c58     0x8  Data  Lc  WIDGET_GraphXY.o [1]
EBI_BankAddress         0x00008fef    0x82  Code  Gb  em_ebi.o [1]
EBI_BankAddressTimingConfig
                        0x000093a5    0x5a  Code  Gb  em_ebi.o [1]
EBI_BankAddressTimingSet
                        0x000093ff    0x86  Code  Gb  em_ebi.o [1]
EBI_BankPolaritySet     0x0000948d   0x12a  Code  Gb  em_ebi.o [1]
EBI_BankReadTimingConfig
                        0x000090c1    0xd8  Code  Gb  em_ebi.o [1]
EBI_BankReadTimingSet   0x00009199    0xc6  Code  Gb  em_ebi.o [1]
EBI_BankWriteTimingConfig
                        0x0000925f    0x9e  Code  Gb  em_ebi.o [1]
EBI_BankWriteTimingSet  0x000092fd    0xa8  Code  Gb  em_ebi.o [1]
EBI_ChipSelectEnable    0x00009071    0x50  Code  Gb  em_ebi.o [1]
EBI_Init                0x00008def   0x200  Code  Gb  em_ebi.o [1]
EEPROM_AckPoll          0x0000a781    0x42  Code  Lc  eeprom.o [1]
EEPROM_Read             0x0000a7c3    0x72  Code  Gb  eeprom.o [1]
EEPROM_Write            0x0000a835    0xb0  Code  Gb  eeprom.o [1]
EMU_EnterEM1            0x00005ec9    0x10  Code  Lc  GUI_X.o [1]
EMU_EnterEM2            0x00009953    0x6c  Code  Gb  em_emu.o [1]
EbiInit                 0x00007123   0x30a  Code  Lc  bsp_dk_3201.o [1]
FRAMEWIN_Callback       0x00013159   0x2b4  Code  Gb  FRAMEWIN.o [4]
FRAMEWIN_CreateIndirect
                        0x0002056d    0x40  Code  Gb  FRAMEWIN_CreateIndirect.o [4]
FRAMEWIN_CreateUser     0x00013413    0xc6  Code  Gb  FRAMEWIN.o [4]
FRAMEWIN_DrawSkinFlex   0x0001d1bd   0x36a  Code  Gb  FRAMEWIN_SkinFlex.o [4]
FRAMEWIN_GetActive      0x0001d52d    0x22  Code  Gb  FRAMEWIN_Get.o [4]
FRAMEWIN_SetText        0x000134e5    0x42  Code  Gb  FRAMEWIN.o [4]
FRAMEWIN_SetTitleVis    0x000107c9    0xa4  Code  Gb  FRAMEWIN_SetTitleVis.o [4]
FRAMEWIN__CalcPositions(long, FRAMEWIN_POSITIONS *)
                        0x00012f4f    0xda  Code  Gb  FRAMEWIN.o [4]
FRAMEWIN__CalcTitleHeight(FRAMEWIN_Obj *)
                        0x00012e9d    0x20  Code  Gb  FRAMEWIN.o [4]
FRAMEWIN__DefaultProps  0x2000029c    0x28  Data  Gb  FRAMEWIN.o [4]
FRAMEWIN__GetBorderSize(long, unsigned int)
                        0x00012e5d    0x40  Code  Gb  FRAMEWIN.o [4]
FRAMEWIN__GetTitleLimits(long, int *, int *)
                        0x00012ebd    0x92  Code  Gb  FRAMEWIN.o [4]
FRAMEWIN__Skin          0x200004c4     0xc  Data  Gb  FRAMEWIN_Skin.o [4]
FRAMEWIN__UpdatePositions(long)
                        0x00013029   0x130  Code  Gb  FRAMEWIN.o [4]
FRAMEWIN__cbClient(WM_MESSAGE *)
                        0x00012d87    0xd0  Code  Lc  FRAMEWIN.o [4]
FRAMEWIN__pSkinDefault  0x200002c4     0x4  Data  Gb  FRAMEWIN.o [4]
GL_DrawBitmap           0x0000faad    0x8e  Code  Gb  GUI_DrawBitmap.o [4]
GL_DrawLine             0x00013c0b    0x10  Code  Gb  GUI_DrawLine.o [4]
GL_DrawLine1Ex          0x00013923   0x1be  Code  Gb  GUI_DrawLine.o [4]
GL_DrawLineEx           0x00013ae7   0x11e  Code  Gb  GUI_DrawLine.o [4]
GL_DrawLineToEx         0x00013c57    0x26  Code  Gb  GUI_DrawLine.o [4]
GL_DrawPoint            0x00014e99    0x1c  Code  Gb  GUI_DrawPoint.o [4]
GL_FillCircle           0x000154a9    0xba  Code  Gb  GUI_Circ.o [4]
GL_FillPolygon          0x00014eb9   0x1c4  Code  Gb  GUI_FillPolygon.o [4]
GL_MoveTo               0x00010401     0xa  Code  Gb  GUI_2DLib.o [4]
GL_SetDefault           0x000065ed     0x4  Code  Gb  GUI_SetDefault.o [4]
GPIO_PinInGet           0x000085c3    0xac  Code  Lc  touch.o [1]
GPIO_PinModeSet         0x0000a10d   0x14e  Code  Gb  em_gpio.o [1]
GPIO_PinOutClear        0x00006b35    0xaa  Code  Lc  bsp_dk_3201.o [1]
GPIO_PinOutClear        0x00009fb9    0xaa  Code  Lc  em_gpio.o [1]
GPIO_PinOutClear        0x0000a535    0xa6  Code  Lc  i2cspm.o [1]
GPIO_PinOutSet          0x00006bdf    0xaa  Code  Lc  bsp_dk_3201.o [1]
GPIO_PinOutSet          0x0000a063    0xaa  Code  Lc  em_gpio.o [1]
GPIO_PinOutSet          0x0000a5db    0xa6  Code  Lc  i2cspm.o [1]
GRAPH_AttachData        0x00011745    0x3a  Code  Gb  GRAPH.o [4]
GRAPH_AttachScale       0x0001177f    0x3a  Code  Gb  GRAPH.o [4]
GRAPH_Callback          0x00011651    0x86  Code  Gb  GRAPH.o [4]
GRAPH_CreateIndirect    0x000206d5    0x38  Code  Gb  GRAPH_CreateIndirect.o [4]
GRAPH_CreateUser        0x000116d7     0xa  Code  Gb  GRAPH.o [4]
GRAPH_DATA_XY_AddPoint  0x00010ee7    0x2e  Code  Gb  GRAPH_DATA_XY.o [4]
GRAPH_DATA_XY_Clear     0x00010fcf    0x22  Code  Gb  GRAPH_DATA_XY.o [4]
GRAPH_DATA_XY_Create    0x00010e33    0x82  Code  Gb  GRAPH_DATA_XY.o [4]
GRAPH_DATA_XY_SetLineStyle
                        0x00010f15    0x2c  Code  Gb  GRAPH_DATA_XY.o [4]
GRAPH_DATA_XY_SetLineVis
                        0x00010f41    0x46  Code  Gb  GRAPH_DATA_XY.o [4]
GRAPH_DATA_XY_SetOwnerDraw
                        0x00010ff1    0x20  Code  Gb  GRAPH_DATA_XY.o [4]
GRAPH_DATA_XY_SetPointVis
                        0x00010f87    0x48  Code  Gb  GRAPH_DATA_XY.o [4]
GRAPH_SCALE_Create      0x00010aed    0x56  Code  Gb  GRAPH_SCALE.o [4]
GRAPH_SCALE_SetFactor   0x00010bed    0x30  Code  Gb  GRAPH_SCALE.o [4]
GRAPH_SCALE_SetNumDecs  0x00010c1d    0x28  Code  Gb  GRAPH_SCALE.o [4]
GRAPH_SCALE_SetOff      0x00010b4d    0x28  Code  Gb  GRAPH_SCALE.o [4]
GRAPH_SCALE_SetPos      0x00010bc5    0x28  Code  Gb  GRAPH_SCALE.o [4]
GRAPH_SCALE_SetTextColor
                        0x00010b9d    0x28  Code  Gb  GRAPH_SCALE.o [4]
GRAPH_SCALE_SetTickDist
                        0x00010b75    0x28  Code  Gb  GRAPH_SCALE.o [4]
GRAPH_SetBorder         0x0001183b    0x36  Code  Gb  GRAPH.o [4]
GRAPH_SetGridDistX      0x000117e7    0x2a  Code  Gb  GRAPH.o [4]
GRAPH_SetGridDistY      0x00011811    0x2a  Code  Gb  GRAPH.o [4]
GRAPH_SetGridVis        0x000117b9    0x2e  Code  Gb  GRAPH.o [4]
GRAPH_SetUserDraw       0x00011871    0x20  Code  Gb  GRAPH.o [4]
GRAPH_SetVSizeX         0x00011891    0x38  Code  Gb  GRAPH.o [4]
GRAPH_SetVSizeY         0x000118c9    0x38  Code  Gb  GRAPH.o [4]
GRAPH__AddValue(GRAPH_DATA_OBJ *, void *, void *, int)
                        0x000115f1    0x60  Code  Gb  GRAPH.o [4]
GRAPH__DefaultProps     0x200000c4    0x30  Data  Gb  GRAPH.o [4]
GRAPH__InvalidateGraph(long)
                        0x00011597    0x5a  Code  Gb  GRAPH.o [4]
GUIDRV_SSD2119          0x00020744    0x34  Data  Gb  ssd2119.o [1]
GUIMONO_DispChar        0x0001e8c5   0x132  Code  Gb  GUI_CharM.o [4]
GUIMONO_GetCharDistX    0x0001e9f7    0x12  Code  Gb  GUI_CharM.o [4]
GUIMONO_GetFontInfo     0x0001ea0d     0x6  Code  Gb  GUI_CharM.o [4]
GUIMONO_IsInFont        0x0001ea13    0x36  Code  Gb  GUI_CharM.o [4]
GUIPROP_DispChar        0x0001f2e1    0xce  Code  Gb  GUI_CharP.o [4]
GUIPROP_GetCharDistX    0x0001f3af    0x3e  Code  Gb  GUI_CharP.o [4]
GUIPROP_GetFontInfo     0x0001f3f1     0x6  Code  Gb  GUI_CharP.o [4]
GUIPROP_IsInFont        0x0001f3f7    0x1c  Code  Gb  GUI_CharP.o [4]
GUI_AA__ClipX0          0x20003ac4     0x4  Data  Gb  GUI_Core.o [4]
GUI_ALLOC_AllocInit     0x00015089    0x3c  Code  Gb  GUI_ALLOC_AllocInit.o [4]
GUI_ALLOC_AllocNoInit   0x00002433     0xa  Code  Gb  GUI_Alloc.o [4]
GUI_ALLOC_AllocZero     0x00003239    0x24  Code  Gb  GUI_ALLOC_AllocZero.o [4]
GUI_ALLOC_AssignMemory  0x000024f9     0xc  Code  Gb  GUI_Alloc.o [4]
GUI_ALLOC_Free          0x00002535    0x2c  Code  Gb  GUI_Alloc.o [4]
GUI_ALLOC_FreeFixedBlock
                        0x0000237b    0x10  Code  Gb  GUI_Alloc.o [4]
GUI_ALLOC_FreePtr       0x00002561    0x10  Code  Gb  GUI_Alloc.o [4]
GUI_ALLOC_FreePtrArray  0x00002571    0x3c  Code  Gb  GUI_Alloc.o [4]
GUI_ALLOC_GetFixedBlock
                        0x0000238b    0xa8  Code  Gb  GUI_Alloc.o [4]
GUI_ALLOC_GetMaxSize    0x00002499    0x3c  Code  Gb  GUI_Alloc.o [4]
[...]
acFont16ASCII_60        0x000168b0    0x10  Data  Lc  F16_ASCII.o [4]
acFont16ASCII_61        0x000168c0    0x10  Data  Lc  F16_ASCII.o [4]
acFont16ASCII_62        0x000168d0    0x10  Data  Lc  F16_ASCII.o [4]
acFont16ASCII_63        0x000168e0    0x10  Data  Lc  F16_ASCII.o [4]
acFont16ASCII_64        0x000168f0    0x20  Data  Lc  F16_ASCII.o [4]
acFont16ASCII_65        0x00016910    0x20  Data  Lc  F16_ASCII.o [4]
acFont16ASCII_66        0x00016930    0x20  Data  Lc  F16_ASCII.o [4]
acFont16ASCII_67        0x00016950    0x20  Data  Lc  F16_ASCII.o [4]
acFont16ASCII_68        0x00016970    0x20  Data  Lc  F16_ASCII.o [4]
acFont16ASCII_69        0x00016990    0x20  Data  Lc  F16_ASCII.o [4]
acFont16ASCII_70        0x000169b0    0x10  Data  Lc  F16_ASCII.o [4]
acFont16ASCII_71        0x000169c0    0x20  Data  Lc  F16_ASCII.o [4]
acFont16ASCII_72        0x000169e0    0x20  Data  Lc  F16_ASCII.o [4]
acFont16ASCII_73        0x00016a00    0x10  Data  Lc  F16_ASCII.o [4]
acFont16ASCII_74        0x00016a10    0x10  Data  Lc  F16_ASCII.o [4]
acFont16ASCII_75        0x00016a20    0x20  Data  Lc  F16_ASCII.o [4]
acFont16ASCII_76        0x00016a40    0x10  Data  Lc  F16_ASCII.o [4]
acFont16ASCII_77        0x00016a50    0x20  Data  Lc  F16_ASCII.o [4]
acFont16ASCII_78        0x00016a70    0x20  Data  Lc  F16_ASCII.o [4]
acFont16ASCII_79        0x00016a90    0x20  Data  Lc  F16_ASCII.o [4]
acFont16ASCII_80        0x00016ab0    0x20  Data  Lc  F16_ASCII.o [4]
acFont16ASCII_81        0x00016ad0    0x20  Data  Lc  F16_ASCII.o [4]
acFont16ASCII_82        0x00016af0    0x20  Data  Lc  F16_ASCII.o [4]
acFont16ASCII_83        0x00016b10    0x20  Data  Lc  F16_ASCII.o [4]
acFont16ASCII_84        0x00016b30    0x10  Data  Lc  F16_ASCII.o [4]
acFont16ASCII_85        0x00016b40    0x20  Data  Lc  F16_ASCII.o [4]
acFont16ASCII_86        0x00016b60    0x20  Data  Lc  F16_ASCII.o [4]
acFont16ASCII_87        0x00016b80    0x20  Data  Lc  F16_ASCII.o [4]
acFont16ASCII_88        0x00016ba0    0x10  Data  Lc  F16_ASCII.o [4]
acFont16ASCII_89        0x00016bb0    0x20  Data  Lc  F16_ASCII.o [4]
acFont16ASCII_90        0x00016bd0    0x10  Data  Lc  F16_ASCII.o [4]
acFont16ASCII_91        0x00016be0    0x10  Data  Lc  F16_ASCII.o [4]
acFont16ASCII_92        0x00016bf0    0x10  Data  Lc  F16_ASCII.o [4]
acFont16ASCII_93        0x00016c00    0x10  Data  Lc  F16_ASCII.o [4]
acFont16ASCII_94        0x00016c10    0x10  Data  Lc  F16_ASCII.o [4]
acFont16ASCII_95        0x00016c20    0x10  Data  Lc  F16_ASCII.o [4]
acFont16ASCII_96        0x00016c30    0x10  Data  Lc  F16_ASCII.o [4]
acFont16ASCII_97        0x00016c40    0x10  Data  Lc  F16_ASCII.o [4]
acFont16ASCII_98        0x00016c50    0x10  Data  Lc  F16_ASCII.o [4]
acFont16ASCII_99        0x00016c60    0x10  Data  Lc  F16_ASCII.o [4]
acFont16_1_160          0x00015b90    0x10  Data  Lc  F16_1.o [4]
acFont16_1_161          0x00015ba0    0x10  Data  Lc  F16_1.o [4]
acFont16_1_162          0x00015bb0    0x10  Data  Lc  F16_1.o [4]
acFont16_1_163          0x00015bc0    0x10  Data  Lc  F16_1.o [4]
acFont16_1_164          0x00015bd0    0x10  Data  Lc  F16_1.o [4]
acFont16_1_165          0x00015be0    0x10  Data  Lc  F16_1.o [4]
acFont16_1_166          0x00015bf0    0x10  Data  Lc  F16_1.o [4]
acFont16_1_167          0x00015c00    0x10  Data  Lc  F16_1.o [4]
acFont16_1_168          0x00015c10    0x10  Data  Lc  F16_1.o [4]
acFont16_1_169          0x00015c20    0x20  Data  Lc  F16_1.o [4]
acFont16_1_170          0x00015c40    0x10  Data  Lc  F16_1.o [4]
acFont16_1_171          0x00015c50    0x10  Data  Lc  F16_1.o [4]
acFont16_1_172          0x00015c60    0x10  Data  Lc  F16_1.o [4]
acFont16_1_173          0x00015c70    0x10  Data  Lc  F16_1.o [4]
acFont16_1_174          0x00015c80    0x20  Data  Lc  F16_1.o [4]
acFont16_1_175          0x00015ca0    0x10  Data  Lc  F16_1.o [4]
acFont16_1_176          0x00015cb0    0x10  Data  Lc  F16_1.o [4]
acFont16_1_177          0x00015cc0    0x10  Data  Lc  F16_1.o [4]
acFont16_1_178          0x00015cd0    0x10  Data  Lc  F16_1.o [4]
acFont16_1_179          0x00015ce0    0x10  Data  Lc  F16_1.o [4]
acFont16_1_180          0x00015cf0    0x10  Data  Lc  F16_1.o [4]
acFont16_1_181          0x00015d00    0x10  Data  Lc  F16_1.o [4]
acFont16_1_182          0x00015d10    0x10  Data  Lc  F16_1.o [4]
acFont16_1_183          0x00015d20    0x10  Data  Lc  F16_1.o [4]
acFont16_1_184          0x00015d30    0x10  Data  Lc  F16_1.o [4]
acFont16_1_185          0x00015d40    0x10  Data  Lc  F16_1.o [4]
acFont16_1_186          0x00015d50    0x10  Data  Lc  F16_1.o [4]
acFont16_1_187          0x00015d60    0x10  Data  Lc  F16_1.o [4]
acFont16_1_188          0x00015d70    0x20  Data  Lc  F16_1.o [4]
acFont16_1_189          0x00015d90    0x20  Data  Lc  F16_1.o [4]
acFont16_1_190          0x00015db0    0x20  Data  Lc  F16_1.o [4]
acFont16_1_191          0x00015dd0    0x10  Data  Lc  F16_1.o [4]
acFont16_1_192          0x00015de0    0x20  Data  Lc  F16_1.o [4]
acFont16_1_193          0x00015e00    0x20  Data  Lc  F16_1.o [4]
acFont16_1_194          0x00015e20    0x20  Data  Lc  F16_1.o [4]
acFont16_1_195          0x00015e40    0x20  Data  Lc  F16_1.o [4]
acFont16_1_196          0x00015e60    0x20  Data  Lc  F16_1.o [4]
acFont16_1_197          0x00015e80    0x20  Data  Lc  F16_1.o [4]
acFont16_1_198          0x00015ea0    0x20  Data  Lc  F16_1.o [4]
acFont16_1_199          0x00015ec0    0x20  Data  Lc  F16_1.o [4]
acFont16_1_200          0x00015ee0    0x20  Data  Lc  F16_1.o [4]
acFont16_1_201          0x00015f00    0x20  Data  Lc  F16_1.o [4]
acFont16_1_202          0x00015f20    0x20  Data  Lc  F16_1.o [4]
acFont16_1_203          0x00015f40    0x20  Data  Lc  F16_1.o [4]
acFont16_1_204          0x00015f60    0x10  Data  Lc  F16_1.o [4]
acFont16_1_205          0x00015f70    0x10  Data  Lc  F16_1.o [4]
acFont16_1_206          0x00015f80    0x10  Data  Lc  F16_1.o [4]
acFont16_1_207          0x00015f90    0x10  Data  Lc  F16_1.o [4]
acFont16_1_208          0x00015fa0    0x20  Data  Lc  F16_1.o [4]
acFont16_1_209          0x00015fc0    0x20  Data  Lc  F16_1.o [4]
acFont16_1_210          0x00015fe0    0x20  Data  Lc  F16_1.o [4]
acFont16_1_211          0x00016000    0x20  Data  Lc  F16_1.o [4]
acFont16_1_212          0x00016020    0x20  Data  Lc  F16_1.o [4]
acFont16_1_213          0x00016040    0x20  Data  Lc  F16_1.o [4]
acFont16_1_214          0x00016060    0x20  Data  Lc  F16_1.o [4]
acFont16_1_215          0x00016080    0x10  Data  Lc  F16_1.o [4]
acFont16_1_216          0x00016090    0x20  Data  Lc  F16_1.o [4]
acFont16_1_217          0x000160b0    0x20  Data  Lc  F16_1.o [4]
acFont16_1_218          0x000160d0    0x20  Data  Lc  F16_1.o [4]
acFont16_1_219          0x000160f0    0x20  Data  Lc  F16_1.o [4]
acFont16_1_220          0x00016110    0x20  Data  Lc  F16_1.o [4]
acFont16_1_221          0x00016130    0x20  Data  Lc  F16_1.o [4]
acFont16_1_222          0x00016150    0x20  Data  Lc  F16_1.o [4]
acFont16_1_223          0x00016170    0x20  Data  Lc  F16_1.o [4]
acFont16_1_224          0x00016190    0x10  Data  Lc  F16_1.o [4]
acFont16_1_225          0x000161a0    0x10  Data  Lc  F16_1.o [4]
acFont16_1_226          0x000161b0    0x10  Data  Lc  F16_1.o [4]
acFont16_1_227          0x000161c0    0x10  Data  Lc  F16_1.o [4]
acFont16_1_228          0x000161d0    0x10  Data  Lc  F16_1.o [4]
acFont16_1_229          0x000161e0    0x10  Data  Lc  F16_1.o [4]
acFont16_1_230          0x000161f0    0x20  Data  Lc  F16_1.o [4]
acFont16_1_231          0x00016210    0x10  Data  Lc  F16_1.o [4]
acFont16_1_232          0x00016220    0x10  Data  Lc  F16_1.o [4]
acFont16_1_233          0x00016230    0x10  Data  Lc  F16_1.o [4]
acFont16_1_234          0x00016240    0x10  Data  Lc  F16_1.o [4]
acFont16_1_235          0x00016250    0x10  Data  Lc  F16_1.o [4]
acFont16_1_236          0x00016260    0x10  Data  Lc  F16_1.o [4]
acFont16_1_237          0x00016270    0x10  Data  Lc  F16_1.o [4]
acFont16_1_238          0x00016280    0x10  Data  Lc  F16_1.o [4]
acFont16_1_239          0x00016290    0x10  Data  Lc  F16_1.o [4]
acFont16_1_240          0x000162a0    0x10  Data  Lc  F16_1.o [4]
acFont16_1_241          0x000162b0    0x10  Data  Lc  F16_1.o [4]
acFont16_1_242          0x000162c0    0x10  Data  Lc  F16_1.o [4]
acFont16_1_243          0x000162d0    0x10  Data  Lc  F16_1.o [4]
acFont16_1_244          0x000162e0    0x10  Data  Lc  F16_1.o [4]
acFont16_1_245          0x000162f0    0x10  Data  Lc  F16_1.o [4]
acFont16_1_246          0x00016300    0x10  Data  Lc  F16_1.o [4]
acFont16_1_247          0x00016310    0x10  Data  Lc  F16_1.o [4]
acFont16_1_248          0x00016320    0x10  Data  Lc  F16_1.o [4]
acFont16_1_249          0x00016330    0x10  Data  Lc  F16_1.o [4]
acFont16_1_250          0x00016340    0x10  Data  Lc  F16_1.o [4]
acFont16_1_251          0x00016350    0x10  Data  Lc  F16_1.o [4]
acFont16_1_252          0x00016360    0x10  Data  Lc  F16_1.o [4]
acFont16_1_253          0x00016370    0x10  Data  Lc  F16_1.o [4]
acFont16_1_254          0x00016380    0x10  Data  Lc  F16_1.o [4]
acFont16_1_255          0x00016390    0x10  Data  Lc  F16_1.o [4]
acFont24_ASCII_0020     0x0000b1fc    0x18  Data  Lc  F24_ASCII.o [4]
acFont24_ASCII_0021     0x0000b214    0x18  Data  Lc  F24_ASCII.o [4]
acFont24_ASCII_0022     0x0000b22c    0x18  Data  Lc  F24_ASCII.o [4]
acFont24_ASCII_0023     0x0000b244    0x30  Data  Lc  F24_ASCII.o [4]
acFont24_ASCII_0024     0x0000b274    0x30  Data  Lc  F24_ASCII.o [4]
acFont24_ASCII_0025     0x0000b2a4    0x48  Data  Lc  F24_ASCII.o [4]
acFont24_ASCII_0026     0x0000b2ec    0x30  Data  Lc  F24_ASCII.o [4]
acFont24_ASCII_0027     0x0000b31c    0x18  Data  Lc  F24_ASCII.o [4]
acFont24_ASCII_0028     0x0000b334    0x18  Data  Lc  F24_ASCII.o [4]
acFont24_ASCII_0029     0x0000b34c    0x18  Data  Lc  F24_ASCII.o [4]
acFont24_ASCII_002A     0x0000b364    0x18  Data  Lc  F24_ASCII.o [4]
acFont24_ASCII_002B     0x0000b37c    0x30  Data  Lc  F24_ASCII.o [4]
acFont24_ASCII_002C     0x0000b3ac    0x18  Data  Lc  F24_ASCII.o [4]
acFont24_ASCII_002D     0x0000b3c4    0x18  Data  Lc  F24_ASCII.o [4]
acFont24_ASCII_002E     0x0000b3dc    0x18  Data  Lc  F24_ASCII.o [4]
acFont24_ASCII_002F     0x0000b3f4    0x18  Data  Lc  F24_ASCII.o [4]
acFont24_ASCII_0030     0x0000b40c    0x30  Data  Lc  F24_ASCII.o [4]
acFont24_ASCII_0031     0x0000b43c    0x30  Data  Lc  F24_ASCII.o [4]
acFont24_ASCII_0032     0x0000b46c    0x30  Data  Lc  F24_ASCII.o [4]
acFont24_ASCII_0033     0x0000b49c    0x30  Data  Lc  F24_ASCII.o [4]
acFont24_ASCII_0034     0x0000b4cc    0x30  Data  Lc  F24_ASCII.o [4]
acFont24_ASCII_0035     0x0000b4fc    0x30  Data  Lc  F24_ASCII.o [4]
acFont24_ASCII_0036     0x0000b52c    0x30  Data  Lc  F24_ASCII.o [4]
acFont24_ASCII_0037     0x0000b55c    0x30  Data  Lc  F24_ASCII.o [4]
acFont24_ASCII_0038     0x0000b58c    0x30  Data  Lc  F24_ASCII.o [4]
acFont24_ASCII_0039     0x0000b5bc    0x30  Data  Lc  F24_ASCII.o [4]
acFont24_ASCII_003A     0x0000b5ec    0x18  Data  Lc  F24_ASCII.o [4]
acFont24_ASCII_003B     0x0000b604    0x18  Data  Lc  F24_ASCII.o [4]
acFont24_ASCII_003C     0x0000b61c    0x30  Data  Lc  F24_ASCII.o [4]
acFont24_ASCII_003D     0x0000b64c    0x30  Data  Lc  F24_ASCII.o [4]
acFont24_ASCII_003E     0x0000b67c    0x30  Data  Lc  F24_ASCII.o [4]
acFont24_ASCII_003F     0x0000b6ac    0x30  Data  Lc  F24_ASCII.o [4]
acFont24_ASCII_0040     0x0000b6dc    0x48  Data  Lc  F24_ASCII.o [4]
acFont24_ASCII_0041     0x0000b724    0x30  Data  Lc  F24_ASCII.o [4]
acFont24_ASCII_0042     0x0000b754    0x30  Data  Lc  F24_ASCII.o [4]
acFont24_ASCII_0043     0x0000b784    0x30  Data  Lc  F24_ASCII.o [4]
acFont24_ASCII_0044     0x0000b7b4    0x30  Data  Lc  F24_ASCII.o [4]
acFont24_ASCII_0045     0x0000b7e4    0x30  Data  Lc  F24_ASCII.o [4]
acFont24_ASCII_0046     0x0000b814    0x30  Data  Lc  F24_ASCII.o [4]
acFont24_ASCII_0047     0x0000b844    0x30  Data  Lc  F24_ASCII.o [4]
acFont24_ASCII_0048     0x0000b874    0x30  Data  Lc  F24_ASCII.o [4]
acFont24_ASCII_0049     0x0000b8a4    0x18  Data  Lc  F24_ASCII.o [4]
acFont24_ASCII_004A     0x0000b8bc    0x30  Data  Lc  F24_ASCII.o [4]
acFont24_ASCII_004B     0x0000b8ec    0x30  Data  Lc  F24_ASCII.o [4]
acFont24_ASCII_004C     0x0000b91c    0x30  Data  Lc  F24_ASCII.o [4]
acFont24_ASCII_004D     0x0000b94c    0x48  Data  Lc  F24_ASCII.o [4]
acFont24_ASCII_004E     0x0000b994    0x30  Data  Lc  F24_ASCII.o [4]
acFont24_ASCII_004F     0x0000b9c4    0x30  Data  Lc  F24_ASCII.o [4]
acFont24_ASCII_0050     0x0000b9f4    0x30  Data  Lc  F24_ASCII.o [4]
acFont24_ASCII_0051     0x0000ba24    0x30  Data  Lc  F24_ASCII.o [4]
acFont24_ASCII_0052     0x0000ba54    0x30  Data  Lc  F24_ASCII.o [4]
acFont24_ASCII_0053     0x0000ba84    0x30  Data  Lc  F24_ASCII.o [4]
acFont24_ASCII_0054     0x0000bab4    0x30  Data  Lc  F24_ASCII.o [4]
acFont24_ASCII_0055     0x0000bae4    0x30  Data  Lc  F24_ASCII.o [4]
acFont24_ASCII_0056     0x0000bb14    0x30  Data  Lc  F24_ASCII.o [4]
acFont24_ASCII_0057     0x0000bb44    0x48  Data  Lc  F24_ASCII.o [4]
acFont24_ASCII_0058     0x0000bb8c    0x30  Data  Lc  F24_ASCII.o [4]
acFont24_ASCII_0059     0x0000bbbc    0x30  Data  Lc  F24_ASCII.o [4]
acFont24_ASCII_005A     0x0000bbec    0x30  Data  Lc  F24_ASCII.o [4]
acFont24_ASCII_005B     0x0000bc1c    0x18  Data  Lc  F24_ASCII.o [4]
acFont24_ASCII_005C     0x0000bc34    0x18  Data  Lc  F24_ASCII.o [4]
acFont24_ASCII_005D     0x0000bc4c    0x18  Data  Lc  F24_ASCII.o [4]
acFont24_ASCII_005E     0x0000bc64    0x18  Data  Lc  F24_ASCII.o [4]
acFont24_ASCII_005F     0x0000bc7c    0x30  Data  Lc  F24_ASCII.o [4]
acFont24_ASCII_0060     0x0000bcac    0x18  Data  Lc  F24_ASCII.o [4]
acFont24_ASCII_0061     0x0000bcc4    0x30  Data  Lc  F24_ASCII.o [4]
acFont24_ASCII_0062     0x0000bcf4    0x30  Data  Lc  F24_ASCII.o [4]
acFont24_ASCII_0063     0x0000bd24    0x30  Data  Lc  F24_ASCII.o [4]
acFont24_ASCII_0064     0x0000bd54    0x30  Data  Lc  F24_ASCII.o [4]
acFont24_ASCII_0065     0x0000bd84    0x30  Data  Lc  F24_ASCII.o [4]
acFont24_ASCII_0066     0x0000bdb4    0x18  Data  Lc  F24_ASCII.o [4]
acFont24_ASCII_0067     0x0000bdcc    0x30  Data  Lc  F24_ASCII.o [4]
acFont24_ASCII_0068     0x0000bdfc    0x30  Data  Lc  F24_ASCII.o [4]
acFont24_ASCII_0069     0x0000be2c    0x18  Data  Lc  F24_ASCII.o [4]
acFont24_ASCII_006A     0x0000be44    0x18  Data  Lc  F24_ASCII.o [4]
acFont24_ASCII_006B     0x0000be5c    0x30  Data  Lc  F24_ASCII.o [4]
acFont24_ASCII_006C     0x0000be8c    0x18  Data  Lc  F24_ASCII.o [4]
acFont24_ASCII_006D     0x0000bea4    0x30  Data  Lc  F24_ASCII.o [4]
acFont24_ASCII_006E     0x0000bed4    0x30  Data  Lc  F24_ASCII.o [4]
acFont24_ASCII_006F     0x0000bf04    0x30  Data  Lc  F24_ASCII.o [4]
acFont24_ASCII_0070     0x0000bf34    0x30  Data  Lc  F24_ASCII.o [4]
acFont24_ASCII_0071     0x0000bf64    0x30  Data  Lc  F24_ASCII.o [4]
acFont24_ASCII_0072     0x0000bf94    0x18  Data  Lc  F24_ASCII.o [4]
acFont24_ASCII_0073     0x0000bfac    0x30  Data  Lc  F24_ASCII.o [4]
acFont24_ASCII_0074     0x0000bfdc    0x18  Data  Lc  F24_ASCII.o [4]
acFont24_ASCII_0075     0x0000bff4    0x30  Data  Lc  F24_ASCII.o [4]
acFont24_ASCII_0076     0x0000c024    0x30  Data  Lc  F24_ASCII.o [4]
acFont24_ASCII_0077     0x0000c054    0x30  Data  Lc  F24_ASCII.o [4]
acFont24_ASCII_0078     0x0000c084    0x30  Data  Lc  F24_ASCII.o [4]
acFont24_ASCII_0079     0x0000c0b4    0x30  Data  Lc  F24_ASCII.o [4]
acFont24_ASCII_007A     0x0000c0e4    0x30  Data  Lc  F24_ASCII.o [4]
acFont24_ASCII_007B     0x0000c114    0x18  Data  Lc  F24_ASCII.o [4]
acFont24_ASCII_007C     0x0000c12c    0x18  Data  Lc  F24_ASCII.o [4]
acFont24_ASCII_007D     0x0000c144    0x18  Data  Lc  F24_ASCII.o [4]
acFont24_ASCII_007E     0x0000c15c    0x30  Data  Lc  F24_ASCII.o [4]
acShrink                0x00020968    0x1c  Data  Lc  WIDGET_GraphXY.o [1]
aem_mode                0x20003a74     0x4  Data  Gb  GUI_X.o [1]
assertEFM               0x00009fb7     0x2  Code  Gb  em_assert.o [1]
auxClkGet               0x00007899    0x94  Code  Lc  em_cmu.o [1]
bcFwVersion             0x20003aec     0x2  Data  Lc  bsp_dk_3201.o [1]
bspOperationMode        0x20003a68     0x4  Data  Lc  bsp_dk_3201.o [1]
busMode                 0x20003af2     0x1  Data  Lc  bsp_dk_3201.o [1]
calibrationMatrix       0x20000008    0x1c  Data  Gb  touch.o [1]
ceilf                   0x00014c55          Code  Gb  ceilf.o [5]
cos                     0x0000fd43     0x6  Code  Gb  cos.o [5]
current_context         0x20003a88     0x4  Data  Gb  ssd2119.o [1]
current_pos             0x20003a04     0xc  Data  Gb  touch.o [1]
dbgClkGet               0x0000792d    0x3c  Code  Lc  em_cmu.o [1]
emState                 0x00009847    0xcc  Code  Lc  em_emu.o [1]
emState::cmuStatus      0x20003a70     0x4  Data  Lc  em_emu.o [1]
emState::hfClock        0x20003af3     0x1  Data  Lc  em_emu.o [1]
exit                    0x000209f7     0x4  Code  Gb  exit.o [3]
flashWaitStateControl   0x00007969    0xa2  Code  Lc  em_cmu.o [1]
flashWaitStateMax       0x00007a0b     0xc  Code  Lc  em_cmu.o [1]
floorf                  0x00014c89          Code  Gb  floorf.o [5]
fmod                    0x00015215          Code  Gb  fmod.o [5]
fmodl                   0x00015215          Code  Gb  fmod.o [5]
getDisplayPoint         0x0000aa2d    0x4c  Code  Gb  calibrate.o [1]
getErrataFixEmuE107En   0x00009913    0x40  Code  Lc  em_emu.o [1]
getHfLeConfig           0x0000786d    0x2c  Code  Lc  em_cmu.o [1]
guiDevice               0x20003a84     0x4  Data  Lc  LCDConf_mm.o [1]
i2cNSum                 0x00020c60     0x4  Data  Lc  em_i2c.o [1]
i2cTransfer             0x20003978    0x18  Data  Lc  em_i2c.o [1]
lastAddr                0x20003a6c     0x4  Data  Lc  bsp_dk_3201.o [1]
lastJoyTime             0x20003a7c     0x4  Data  Gb  GUI_X.o [1]
lfClkGet                0x00007a17    0xf4  Code  Lc  em_cmu.o [1]
main                    0x0000f3d5    0x4c  Code  Gb  WIDGET_GraphXY.o [1]
maxFreqHfle             0x000077e3    0x60  Code  Lc  em_cmu.o [1]
newpos                  0x200039f8     0xc  Data  Gb  touch.o [1]
pos                     0x20003a10     0xc  Data  Lc  touch.o [1]
prevJoy                 0x20003a78     0x4  Data  Gb  GUI_X.o [1]
rtcFlag                 0x20003af4     0x1  Data  Gb  GUI_X.o [1]
runOnce                 0x20000546     0x1  Data  Lc  LCDConf_mm.o [1]
sInit                   0x200039ec     0xc  Data  Lc  touch.o [1]
setCalibrationMatrix    0x0000a8e5   0x148  Code  Gb  calibrate.o [1]
setHfLeConfig           0x00007843    0x2a  Code  Lc  em_cmu.o [1]
sin                     0x000100b9     0x6  Code  Gb  sin.o [5]
strlen                  0x000104e9          Code  Gb  strlen.o [6]
syncReg                 0x00007b0b    0x16  Code  Lc  em_cmu.o [1]
time                    0x20003a80     0x4  Data  Lc  GUI_X.o [1]
touch_CountChecksum     0x0000866f    0x28  Code  Lc  touch.o [1]
touch_LoadCalibration   0x00008697    0xaa  Code  Lc  touch.o [1]
touch_StoreCalibration  0x00008741    0x5e  Code  Lc  touch.o [1]
touch_ignore_move       0x20003a94     0x4  Data  Gb  touch.o [1]
touch_state             0x20003af5     0x1  Data  Lc  touch.o [1]
upcall                  0x20003a90     0x4  Data  Lc  touch.o [1]
usbCClkGet              0x00007b21    0x3e  Code  Lc  em_cmu.o [1]


[1] = D:\jenkins-slave\workspaces\Executor-0\super\app\mcu_example\EFM32GG_DK3750\graphxy_mm\iar\graphxy_mm\Debug\Obj
[2] = command line
[3] = dl7M_tln.a
[4] = emwin_IAR_CM3.a
[5] = m7M_tl.a
[6] = rt7M_tl.a

  103 795 bytes of readonly  code memory
   31 332 bytes of readonly  data memory
   15 098 bytes of readwrite data memory

Errors: none
Warnings: none
