###############################################################################
#
# IAR ELF Linker V7.80.2.11947/W32 for ARM                09/Mar/2017  19:51:45
# Copyright 2007-2016 IAR Systems AB.
#
#    Output file  =  
#        D:\jenkins-slave\workspaces\Executor-0\super\app\mcu_example\EFM32GG_DK3750\usbdvud\iar\usbdvud\Debug\Exe\usbdvud.out
#    Map file     =  
#        D:\jenkins-slave\workspaces\Executor-0\super\app\mcu_example\EFM32GG_DK3750\usbdvud\iar\usbdvud\Debug\List\usbdvud.map
#    Command line =  
#        D:\jenkins-slave\workspaces\Executor-0\super\app\mcu_example\EFM32GG_DK3750\usbdvud\iar\usbdvud\Debug\Obj\bsp_dk_3201.o
#        D:\jenkins-slave\workspaces\Executor-0\super\app\mcu_example\EFM32GG_DK3750\usbdvud\iar\usbdvud\Debug\Obj\bsp_dk_leds.o
#        D:\jenkins-slave\workspaces\Executor-0\super\app\mcu_example\EFM32GG_DK3750\usbdvud\iar\usbdvud\Debug\Obj\bsp_trace.o
#        D:\jenkins-slave\workspaces\Executor-0\super\app\mcu_example\EFM32GG_DK3750\usbdvud\iar\usbdvud\Debug\Obj\descriptors.o
#        D:\jenkins-slave\workspaces\Executor-0\super\app\mcu_example\EFM32GG_DK3750\usbdvud\iar\usbdvud\Debug\Obj\em_assert.o
#        D:\jenkins-slave\workspaces\Executor-0\super\app\mcu_example\EFM32GG_DK3750\usbdvud\iar\usbdvud\Debug\Obj\em_cmu.o
#        D:\jenkins-slave\workspaces\Executor-0\super\app\mcu_example\EFM32GG_DK3750\usbdvud\iar\usbdvud\Debug\Obj\em_core.o
#        D:\jenkins-slave\workspaces\Executor-0\super\app\mcu_example\EFM32GG_DK3750\usbdvud\iar\usbdvud\Debug\Obj\em_ebi.o
#        D:\jenkins-slave\workspaces\Executor-0\super\app\mcu_example\EFM32GG_DK3750\usbdvud\iar\usbdvud\Debug\Obj\em_emu.o
#        D:\jenkins-slave\workspaces\Executor-0\super\app\mcu_example\EFM32GG_DK3750\usbdvud\iar\usbdvud\Debug\Obj\em_gpio.o
#        D:\jenkins-slave\workspaces\Executor-0\super\app\mcu_example\EFM32GG_DK3750\usbdvud\iar\usbdvud\Debug\Obj\em_system.o
#        D:\jenkins-slave\workspaces\Executor-0\super\app\mcu_example\EFM32GG_DK3750\usbdvud\iar\usbdvud\Debug\Obj\em_timer.o
#        D:\jenkins-slave\workspaces\Executor-0\super\app\mcu_example\EFM32GG_DK3750\usbdvud\iar\usbdvud\Debug\Obj\em_usart.o
#        D:\jenkins-slave\workspaces\Executor-0\super\app\mcu_example\EFM32GG_DK3750\usbdvud\iar\usbdvud\Debug\Obj\em_usbd.o
#        D:\jenkins-slave\workspaces\Executor-0\super\app\mcu_example\EFM32GG_DK3750\usbdvud\iar\usbdvud\Debug\Obj\em_usbdch9.o
#        D:\jenkins-slave\workspaces\Executor-0\super\app\mcu_example\EFM32GG_DK3750\usbdvud\iar\usbdvud\Debug\Obj\em_usbdep.o
#        D:\jenkins-slave\workspaces\Executor-0\super\app\mcu_example\EFM32GG_DK3750\usbdvud\iar\usbdvud\Debug\Obj\em_usbdint.o
#        D:\jenkins-slave\workspaces\Executor-0\super\app\mcu_example\EFM32GG_DK3750\usbdvud\iar\usbdvud\Debug\Obj\em_usbhal.o
#        D:\jenkins-slave\workspaces\Executor-0\super\app\mcu_example\EFM32GG_DK3750\usbdvud\iar\usbdvud\Debug\Obj\em_usbtimer.o
#        D:\jenkins-slave\workspaces\Executor-0\super\app\mcu_example\EFM32GG_DK3750\usbdvud\iar\usbdvud\Debug\Obj\main.o
#        D:\jenkins-slave\workspaces\Executor-0\super\app\mcu_example\EFM32GG_DK3750\usbdvud\iar\usbdvud\Debug\Obj\retargetio.o
#        D:\jenkins-slave\workspaces\Executor-0\super\app\mcu_example\EFM32GG_DK3750\usbdvud\iar\usbdvud\Debug\Obj\retargetserial.o
#        D:\jenkins-slave\workspaces\Executor-0\super\app\mcu_example\EFM32GG_DK3750\usbdvud\iar\usbdvud\Debug\Obj\startup_efm32gg.o
#        D:\jenkins-slave\workspaces\Executor-0\super\app\mcu_example\EFM32GG_DK3750\usbdvud\iar\usbdvud\Debug\Obj\system_efm32gg.o
#        --redirect _Printf=_PrintfFull --redirect _Scanf=_ScanfFull -o
#        D:\jenkins-slave\workspaces\Executor-0\super\app\mcu_example\EFM32GG_DK3750\usbdvud\iar\usbdvud\Debug\Exe\usbdvud.out
#        --map
#        D:\jenkins-slave\workspaces\Executor-0\super\app\mcu_example\EFM32GG_DK3750\usbdvud\iar\usbdvud\Debug\List\usbdvud.map
#        --config
#        T:\iar_ew_7802_win32_rel_1\arm\config\linker\SiliconLaboratories\EFM32GG990F1024.icf
#        --entry __iar_program_start --vfe
#
###############################################################################

*******************************************************************************
*** RUNTIME MODEL ATTRIBUTES
***

CppFlavor       = *
__SystemLibrary = DLib


*******************************************************************************
*** PLACEMENT SUMMARY
***

"A0":  place at 0x00000000 { ro section .intvec };
"P1":  place in [from 0x00000000 to 0x000fffff] { ro };
"P2":  place in [from 0x20000000 to 0x2001ffff] { rw, block CSTACK, block HEAP };
initialize by copy { rw };
 { section .intvec };

  Section            Kind        Address    Size  Object
  -------            ----        -------    ----  ------
"A0":                                       0xdc
  .intvec            ro code  0x00000000    0xdc  startup_efm32gg.o [1]
                            - 0x000000dc    0xdc

"P1":                                     0x77e8
  .text              ro code  0x000000dc   0xdd2  xprintffull.o [3]
  .rodata            const    0x00000eae     0x1  descriptors.o [1]
  .text              ro code  0x00000eb0    0x16  strchr.o [5]
  .text              ro code  0x00000ec8    0x36  strlen.o [5]
  .text              ro code  0x00000f00    0x58  memchr.o [5]
  .text              ro code  0x00000f58    0xee  I64DivMod.o [5]
  .text              ro code  0x00001048    0x76  ABImemcpy_unaligned.o [5]
  .text              ro code  0x000010be    0x44  xdnorm.o [4]
  .text              ro code  0x00001104    0x2e  DblCmpLe.o [4]
  .text              ro code  0x00001134    0x2e  DblCmpGe.o [4]
  .text              ro code  0x00001164   0x10c  xdscale.o [4]
  .text              ro code  0x00001270    0x58  DblToI32.o [4]
  .text              ro code  0x000012c8    0x30  I32ToDbl.o [4]
  .text              ro code  0x000012f8   0x180  DblSub.o [4]
  .text              ro code  0x00001478   0x1a2  DblMul.o [4]
  .text              ro code  0x0000161c   0x256  DblDiv.o [4]
  .text              ro code  0x00001872     0xe  div.o [3]
  .text              ro code  0x00001880     0x2  I64DivZer.o [5]
  .text              ro code  0x00001884    0xd4  DblAdd.o [4]
  .text              ro code  0x00001958   0xb38  em_cmu.o [1]
  .text              ro code  0x00002490   0x85c  em_usbhal.o [1]
  .text              ro code  0x00002cec   0x138  system_efm32gg.o [1]
  .text              ro code  0x00002e24   0x1b0  retargetserial.o [1]
  .text              ro code  0x00002fd4   0x1d8  em_usbtimer.o [1]
  .text              ro code  0x000031ac   0x2b0  em_gpio.o [1]
  .text              ro code  0x0000345c     0x4  em_core.o [1]
  .text              ro code  0x00003460     0x4  em_core.o [1]
  .text              ro code  0x00003464   0x344  em_usart.o [1]
  .text              ro code  0x000037a8   0xa20  bsp_dk_3201.o [1]
  .text              ro code  0x000041c8   0x1a8  em_timer.o [1]
  .text              ro code  0x00004370   0x7b8  em_ebi.o [1]
  .text              ro code  0x00004b28   0xb28  em_usbd.o [1]
  .text              ro code  0x00005650    0x66  ABImemset.o [5]
  .text              ro code  0x000056b6     0x8  em_core.o [1]
  .text              ro code  0x000056be     0x8  em_core.o [1]
  .text              ro code  0x000056c8   0x96c  em_usbdch9.o [1]
  .text              ro code  0x00006034   0x620  em_usbdint.o [1]
  .text              ro code  0x00006654   0x3b0  em_usbdep.o [1]
  .text              ro code  0x00006a04   0x118  bsp_trace.o [1]
  .text              ro code  0x00006b1c    0xbe  main.o [1]
  .text              ro code  0x00006bdc    0x20  bsp_dk_leds.o [1]
  .text              ro code  0x00006bfc    0x24  printf.o [3]
  .text              ro code  0x00006c20    0x28  putchar.o [3]
  .text              ro code  0x00006c48    0x56  retargetio.o [1]
  .rodata            const    0x00006ca0    0x88  em_usbtimer.o [1]
  .rodata            const    0x00006d28    0x84  bsp_dk_3201.o [1]
  .rodata            const    0x00006dac    0x84  em_cmu.o [1]
  .rodata            const    0x00006e30    0x84  em_gpio.o [1]
  .rodata            const    0x00006eb4    0x5c  em_usbd.o [1]
  .rodata            const    0x00006f10    0x5c  em_usbdep.o [1]
  .rodata            const    0x00006f6c    0x50  bsp_dk_3201.o [1]
  .rodata            const    0x00006fbc    0x4c  em_cmu.o [1]
  .rodata            const    0x00007008    0x4c  em_ebi.o [1]
  .rodata            const    0x00007054    0x4c  em_gpio.o [1]
  .rodata            const    0x000070a0    0x4c  em_timer.o [1]
  .rodata            const    0x000070ec    0x4c  em_usart.o [1]
  .rodata            const    0x00007138    0x48  descriptors.o [1]
  .text              ro code  0x00007180    0x40  zero_init3.o [5]
  .rodata            const    0x000071c0    0x38  descriptors.o [1]
  .rodata            const    0x000071f8    0x34  em_usbd.o [1]
  .rodata            const    0x0000722c    0x30  em_usbd.o [1]
  .rodata            const    0x0000725c    0x30  main.o [1]
  .text              ro code  0x0000728c    0x2c  copy_init3.o [5]
  .rodata            const    0x000072b8    0x28  em_usbd.o [1]
  .rodata            const    0x000072e0    0x28  em_usbd.o [1]
  .rodata            const    0x00007308    0x28  em_usbd.o [1]
  .rodata            const    0x00007330    0x28  em_usbd.o [1]
  .rodata            const    0x00007358    0x28  em_usbd.o [1]
  .rodata            const    0x00007380    0x28  em_usbd.o [1]
  .rodata            const    0x000073a8    0x28  em_usbd.o [1]
  .text              ro code  0x000073d0    0x28  data_init.o [5]
  .rodata            const    0x000073f8    0x24  em_usbd.o [1]
  .rodata            const    0x0000741c    0x24  em_usbd.o [1]
  .rodata            const    0x00007440    0x24  em_usbd.o [1]
  .rodata            const    0x00007464    0x24  em_usbd.o [1]
  .rodata            const    0x00007488    0x24  em_usbd.o [1]
  .rodata            const    0x000074ac    0x24  em_usbd.o [1]
  .rodata            const    0x000074d0    0x24  em_usbd.o [1]
  .rodata            const    0x000074f4    0x24  em_usbd.o [1]
  .rodata            const    0x00007518    0x24  em_usbd.o [1]
  .iar.init_table    const    0x0000753c    0x24  - Linker created -
  .rodata            const    0x00007560    0x20  em_usbd.o [1]
  .rodata            const    0x00007580    0x20  em_usbd.o [1]
  .rodata            const    0x000075a0    0x20  em_usbd.o [1]
  .rodata            const    0x000075c0    0x20  em_usbd.o [1]
  .rodata            const    0x000075e0    0x20  em_usbd.o [1]
  .rodata            const    0x00007600    0x20  em_usbd.o [1]
  .rodata            const    0x00007620    0x20  em_usbhal.o [1]
  .rodata            const    0x00007640    0x1c  descriptors.o [1]
  .rodata            const    0x0000765c    0x1c  em_usbhal.o [1]
  .rodata            const    0x00007678    0x1c  main.o [1]
  .text              ro code  0x00007694    0x1a  cmain.o [5]
  .text              ro code  0x000076ae     0x4  low_level_init.o [3]
  .text              ro code  0x000076b2     0x4  exit.o [3]
  .text              ro code  0x000076b8     0xa  cexit.o [5]
  .text              ro code  0x000076c4     0xc  XXexit.o [5]
  .rodata            const    0x000076d0    0x18  bsp_dk_3201.o [1]
  .rodata            const    0x000076e8    0x18  em_usbdch9.o [1]
  .rodata            const    0x00007700    0x18  em_usbhal.o [1]
  .rodata            const    0x00007718    0x18  em_usbhal.o [1]
  .rodata            const    0x00007730    0x18  em_usbhal.o [1]
  .rodata            const    0x00007748    0x18  retargetserial.o [1]
  .text              ro code  0x00007760    0x16  xprout.o [3]
  .rodata            const    0x00007778    0x14  descriptors.o [1]
  .rodata            const    0x0000778c    0x14  descriptors.o [1]
  .rodata            const    0x000077a0    0x14  main.o [1]
  .rodata            const    0x000077b4    0x10  descriptors.o [1]
  .rodata            const    0x000077c4    0x10  em_usbtimer.o [1]
  .text              ro code  0x000077d4    0x10  startup_efm32gg.o [1]
  .rodata            const    0x000077e4     0xc  em_usbhal.o [1]
  .text              ro code  0x000077f0     0xc  cstartup_M.o [5]
  Initializer bytes  const    0x000077fc     0xc  <for P2-1>
  .rodata            const    0x00007808     0x4  descriptors.o [1]
  .text              ro code  0x0000780c     0x4  startup_efm32gg.o [1]
  .text              ro code  0x00007810     0x4  startup_efm32gg.o [1]
  .text              ro code  0x00007814     0x4  startup_efm32gg.o [1]
  .text              ro code  0x00007818     0x4  startup_efm32gg.o [1]
  .text              ro code  0x0000781c     0x4  startup_efm32gg.o [1]
  .text              ro code  0x00007820     0x4  startup_efm32gg.o [1]
  .text              ro code  0x00007824     0x4  startup_efm32gg.o [1]
  .text              ro code  0x00007828     0x4  startup_efm32gg.o [1]
  .text              ro code  0x0000782c     0x4  startup_efm32gg.o [1]
  .text              ro code  0x00007830     0x4  startup_efm32gg.o [1]
  .text              ro code  0x00007834     0x4  startup_efm32gg.o [1]
  .text              ro code  0x00007838     0x4  startup_efm32gg.o [1]
  .text              ro code  0x0000783c     0x4  startup_efm32gg.o [1]
  .text              ro code  0x00007840     0x4  startup_efm32gg.o [1]
  .text              ro code  0x00007844     0x4  startup_efm32gg.o [1]
  .text              ro code  0x00007848     0x4  startup_efm32gg.o [1]
  .text              ro code  0x0000784c     0x4  startup_efm32gg.o [1]
  .text              ro code  0x00007850     0x4  startup_efm32gg.o [1]
  .text              ro code  0x00007854     0x4  startup_efm32gg.o [1]
  .text              ro code  0x00007858     0x4  startup_efm32gg.o [1]
  .text              ro code  0x0000785c     0x4  startup_efm32gg.o [1]
  .text              ro code  0x00007860     0x4  startup_efm32gg.o [1]
  .text              ro code  0x00007864     0x4  startup_efm32gg.o [1]
  .text              ro code  0x00007868     0x4  startup_efm32gg.o [1]
  .text              ro code  0x0000786c     0x4  startup_efm32gg.o [1]
  .text              ro code  0x00007870     0x4  startup_efm32gg.o [1]
  .text              ro code  0x00007874     0x4  startup_efm32gg.o [1]
  .text              ro code  0x00007878     0x4  startup_efm32gg.o [1]
  .text              ro code  0x0000787c     0x4  startup_efm32gg.o [1]
  .text              ro code  0x00007880     0x4  startup_efm32gg.o [1]
  .text              ro code  0x00007884     0x4  startup_efm32gg.o [1]
  .text              ro code  0x00007888     0x4  startup_efm32gg.o [1]
  .text              ro code  0x0000788c     0x4  startup_efm32gg.o [1]
  .text              ro code  0x00007890     0x4  startup_efm32gg.o [1]
  .text              ro code  0x00007894     0x4  startup_efm32gg.o [1]
  .text              ro code  0x00007898     0x4  startup_efm32gg.o [1]
  .text              ro code  0x0000789c     0x4  startup_efm32gg.o [1]
  .text              ro code  0x000078a0     0x4  startup_efm32gg.o [1]
  .text              ro code  0x000078a4     0x4  startup_efm32gg.o [1]
  .text              ro code  0x000078a8     0x4  startup_efm32gg.o [1]
  .text              ro code  0x000078ac     0x4  startup_efm32gg.o [1]
  .text              ro code  0x000078b0     0x4  startup_efm32gg.o [1]
  .text              ro code  0x000078b4     0x4  startup_efm32gg.o [1]
  .text              ro code  0x000078b8     0x4  startup_efm32gg.o [1]
  .text              ro code  0x000078bc     0x4  startup_efm32gg.o [1]
  .text              ro code  0x000078c0     0x4  startup_efm32gg.o [1]
  .rodata            const    0x000078c4     0x0  zero_init3.o [5]
  .rodata            const    0x000078c4     0x0  copy_init3.o [5]
                            - 0x000078c4  0x77e8

"P2", part 1 of 3:                           0xc
  P2-1                        0x20000000     0xc  <Init block>
    .data            inited   0x20000000     0x4  em_usbd.o [1]
    .data            inited   0x20000004     0x4  system_efm32gg.o [1]
    .data            inited   0x20000008     0x4  system_efm32gg.o [1]
                            - 0x2000000c     0xc

"P2", part 2 of 3:                         0x400
  CSTACK                      0x20000010   0x400  <Block>
    CSTACK           uninit   0x20000010   0x400  <Block tail>
                            - 0x20000410   0x400

"P2", part 3 of 3:                          0xc8
  .bss               zero     0x20000410    0x80  em_usbd.o [1]
  .bss               zero     0x20000490     0x8  retargetserial.o [1]
  .bss               zero     0x20000498     0x4  bsp_dk_3201.o [1]
  .bss               zero     0x2000049c     0x4  bsp_dk_3201.o [1]
  .bss               zero     0x200004a0     0x4  em_usbdch9.o [1]
  .bss               zero     0x200004a4     0x4  em_usbdep.o [1]
  .bss               zero     0x200004a8     0x4  em_usbdep.o [1]
  .bss               zero     0x200004ac     0x4  em_usbtimer.o [1]
  .bss               zero     0x200004b0     0x4  em_usbtimer.o [1]
  .bss               zero     0x200004b4     0x4  em_usbtimer.o [1]
  .bss               zero     0x200004b8     0x4  em_usbtimer.o [1]
  .bss               zero     0x200004bc     0x4  main.o [1]
  .bss               zero     0x200004c0     0x4  retargetserial.o [1]
  .bss               zero     0x200004c4     0x4  retargetserial.o [1]
  .bss               zero     0x200004c8     0x4  retargetserial.o [1]
  .bss               zero     0x200004cc     0x4  system_efm32gg.o [1]
  .bss               zero     0x200004d0     0x2  bsp_dk_3201.o [1]
  .bss               zero     0x200004d2     0x1  bsp_dk_3201.o [1]
  .bss               zero     0x200004d3     0x1  em_usbdep.o [1]
  .bss               zero     0x200004d4     0x1  retargetserial.o [1]
  .bss               zero     0x200004d5     0x1  retargetserial.o [1]
                            - 0x200004d6    0xc6


*******************************************************************************
*** INIT TABLE
***

          Address     Size
          -------     ----
Zero (__iar_zero_init3)
    1 destination range, total size 0xc6:
          0x20000410  0xc6

Copy (__iar_copy_init3)
    1 source range, total size 0xc:
          0x000077fc   0xc
    1 destination range, total size 0xc:
          0x20000000   0xc



*******************************************************************************
*** MODULE SUMMARY
***

    Module                 ro code  ro data  rw data
    ------                 -------  -------  -------
D:\jenkins-slave\workspaces\Executor-0\super\app\mcu_example\EFM32GG_DK3750\usbdvud\iar\usbdvud\Debug\Obj: [1]
    bsp_dk_3201.o            2 592      236       11
    bsp_dk_leds.o               32
    bsp_trace.o                280
    descriptors.o                       217
    em_cmu.o                 2 872      208
    em_core.o                   24
    em_ebi.o                 1 976       76
    em_gpio.o                  688      208
    em_timer.o                 424       76
    em_usart.o                 836       76
    em_usbd.o                2 856      992      132
    em_usbdch9.o             2 412       24        4
    em_usbdep.o                944       92        9
    em_usbdint.o             1 568
    em_usbhal.o              2 140      144
    em_usbtimer.o              472      152       16
    main.o                     190       96        4
    retargetio.o                86
    retargetserial.o           432       24       22
    startup_efm32gg.o          420
    system_efm32gg.o           312        8       12
    ------------------------------------------------
    Total:                  21 556    2 629      210

command line: [2]
    ------------------------------------------------
    Total:

dl7M_tln.a: [3]
    div.o                       14
    exit.o                       4
    low_level_init.o             4
    printf.o                    36
    putchar.o                   40
    xprintffull.o            3 538
    xprout.o                    22
    ------------------------------------------------
    Total:                   3 658

m7M_tl.a: [4]
    DblAdd.o                   212
    DblCmpGe.o                  46
    DblCmpLe.o                  46
    DblDiv.o                   598
    DblMul.o                   418
    DblSub.o                   384
    DblToI32.o                  88
    I32ToDbl.o                  48
    xdnorm.o                    68
    xdscale.o                  268
    ------------------------------------------------
    Total:                   2 176

rt7M_tl.a: [5]
    ABImemcpy_unaligned.o      118
    ABImemset.o                102
    I64DivMod.o                238
    I64DivZer.o                  2
    XXexit.o                    12
    cexit.o                     10
    cmain.o                     26
    copy_init3.o                44
    cstartup_M.o                12
    data_init.o                 40
    memchr.o                    88
    strchr.o                    22
    strlen.o                    54
    zero_init3.o                64
    ------------------------------------------------
    Total:                     832

    Gaps                        25        4
    Linker created                       36    1 024
----------------------------------------------------
    Grand Total:            28 247    2 669    1 234


*******************************************************************************
*** ENTRY LIST
***

Entry                      Address   Size  Type      Object
-----                      -------   ----  ----      ------
.iar.init_table$$Base   0x0000753c          --   Gb  - Linker created -
.iar.init_table$$Limit  0x00007560          --   Gb  - Linker created -
?main                   0x00007695         Code  Gb  cmain.o [5]
BSP_BusControlModeSet   0x00003957   0x9c  Code  Gb  bsp_dk_3201.o [1]
BSP_EbiExtendedAddressRange
                        0x000039f3   0x24  Code  Gb  bsp_dk_3201.o [1]
BSP_Init                0x000038fd   0x5a  Code  Gb  bsp_dk_3201.o [1]
BSP_LedsGet             0x00006bdd    0xa  Code  Gb  bsp_dk_leds.o [1]
BSP_LedsSet             0x00006be7   0x12  Code  Gb  bsp_dk_leds.o [1]
BSP_PeripheralAccess    0x00003a17  0x236  Code  Gb  bsp_dk_3201.o [1]
BSP_RegisterRead        0x00003c4d   0x1a  Code  Gb  bsp_dk_3201.o [1]
BSP_RegisterWrite       0x00003c67   0x22  Code  Gb  bsp_dk_3201.o [1]
BSP_TraceProfilerSetup  0x00006b05   0x18  Code  Gb  bsp_trace.o [1]
BSP_TraceSwoSetup       0x00006a05   0xac  Code  Gb  bsp_trace.o [1]
BUS_RegBitRead          0x00001967   0x10  Code  Lc  em_cmu.o [1]
BUS_RegBitWrite         0x00001959    0xe  Code  Lc  em_cmu.o [1]
BUS_RegBitWrite         0x00004371    0xe  Code  Lc  em_ebi.o [1]
BUS_RegMaskedWrite      0x00003465    0xa  Code  Lc  em_usart.o [1]
CMU_ClockEnable         0x00001d33   0xa6  Code  Gb  em_cmu.o [1]
CMU_ClockFreqGet        0x00001ded  0x188  Code  Gb  em_cmu.o [1]
CMU_ClockSelectGet      0x00001fb1  0x134  Code  Gb  em_cmu.o [1]
CMU_ClockSelectSet      0x00002109  0x292  Code  Gb  em_cmu.o [1]
CMU_DivToLog2           0x00001977   0x28  Code  Lc  em_cmu.o [1]
CMU_OscillatorEnable    0x000023b9   0x9c  Code  Gb  em_cmu.o [1]
CORE_AtomicDisableIrq   0x00003461    0x4  Code  Wk  em_core.o [1]
CORE_AtomicEnableIrq    0x0000345d    0x4  Code  Wk  em_core.o [1]
CORE_EnterAtomic        0x000056b7    0x8  Code  Wk  em_core.o [1]
CORE_ExitAtomic         0x000056bf    0x8  Code  Wk  em_core.o [1]
CSTACK$$Base            0x20000010          --   Gb  - Linker created -
CSTACK$$Limit           0x20000410          --   Gb  - Linker created -
ClearFeature            0x00005ab7   0x84  Code  Lc  em_usbdch9.o [1]
ConsoleDebugInit        0x00006bcd    0xe  Code  Lc  main.o [1]
DelayTicks              0x00002fff   0x2e  Code  Lc  em_usbtimer.o [1]
EBI_BankAddressTimingConfig
                        0x000048b3   0x5a  Code  Gb  em_ebi.o [1]
EBI_BankAddressTimingSet
                        0x0000490d   0x86  Code  Gb  em_ebi.o [1]
EBI_BankPolaritySet     0x0000499d  0x12a  Code  Gb  em_ebi.o [1]
EBI_BankReadTimingConfig
                        0x000045cf   0xd8  Code  Gb  em_ebi.o [1]
EBI_BankReadTimingSet   0x000046a7   0xc6  Code  Gb  em_ebi.o [1]
EBI_BankWriteTimingConfig
                        0x0000476d   0x9e  Code  Gb  em_ebi.o [1]
EBI_BankWriteTimingSet  0x0000480b   0xa8  Code  Gb  em_ebi.o [1]
EBI_ChipSelectEnable    0x0000457f   0x50  Code  Gb  em_ebi.o [1]
EBI_Init                0x0000437f  0x200  Code  Gb  em_ebi.o [1]
EbiInit                 0x00003c89  0x30a  Code  Lc  bsp_dk_3201.o [1]
GPIO_PinModeSet         0x00003301  0x14e  Code  Gb  em_gpio.o [1]
GPIO_PinOutClear        0x000037a9   0xaa  Code  Lc  bsp_dk_3201.o [1]
GPIO_PinOutClear        0x000031ad   0xaa  Code  Lc  em_gpio.o [1]
GPIO_PinOutSet          0x00003853   0xaa  Code  Lc  bsp_dk_3201.o [1]
GPIO_PinOutSet          0x00003257   0xaa  Code  Lc  em_gpio.o [1]
GetConfiguration        0x00005b3b   0x74  Code  Lc  em_usbdch9.o [1]
GetDescriptor           0x00005baf   0xb6  Code  Lc  em_usbdch9.o [1]
GetInterface            0x00005c65   0x5e  Code  Lc  em_usbdch9.o [1]
GetProdRev              0x00002ced    0xa  Code  Lc  system_efm32gg.o [1]
GetStatus               0x00005cc3  0x12e  Code  Lc  em_usbdch9.o [1]
Handle_USB_GINTSTS_ENUMDONE
                        0x00006289   0x26  Code  Lc  em_usbdint.o [1]
Handle_USB_GINTSTS_IEPINT
                        0x000062af   0xd8  Code  Lc  em_usbdint.o [1]
Handle_USB_GINTSTS_OEPINT
                        0x00006387   0x6a  Code  Lc  em_usbdint.o [1]
Handle_USB_GINTSTS_RESETDET
                        0x000064b5   0x22  Code  Lc  em_usbdint.o [1]
Handle_USB_GINTSTS_SOF  0x000064d7   0x2a  Code  Lc  em_usbdint.o [1]
Handle_USB_GINTSTS_USBRST
                        0x00006501   0x9a  Code  Lc  em_usbdint.o [1]
Handle_USB_GINTSTS_USBSUSP
                        0x0000659b   0x46  Code  Lc  em_usbdint.o [1]
Handle_USB_GINTSTS_WKUPINT
                        0x000065e1   0x18  Code  Lc  em_usbdint.o [1]
LFtoCRLF                0x200004d4    0x1  Data  Lc  retargetserial.o [1]
LoadInt                 0x00000683   0x6e  Code  Lc  xprintffull.o [3]
NVIC_ClearPendingIRQ    0x00004b3f   0x16  Code  Lc  em_usbd.o [1]
NVIC_ClearPendingIRQ    0x00002491   0x16  Code  Lc  em_usbhal.o [1]
NVIC_ClearPendingIRQ    0x00002e39   0x14  Code  Lc  retargetserial.o [1]
NVIC_EnableIRQ          0x00004b29   0x16  Code  Lc  em_usbd.o [1]
NVIC_EnableIRQ          0x00002e25   0x14  Code  Lc  retargetserial.o [1]
PrintI                  0x0000260b   0x26  Code  Lc  em_usbhal.o [1]
ProcessOepData          0x000063f1   0x5e  Code  Lc  em_usbdint.o [1]
ProcessSetup            0x0000644f   0x66  Code  Lc  em_usbdint.o [1]
RETARGET_SerialCrLf     0x00002eaf   0x14  Code  Gb  retargetserial.o [1]
RETARGET_SerialInit     0x00002ec3   0x8a  Code  Gb  retargetserial.o [1]
RETARGET_WriteChar      0x00002f4d   0x4c  Code  Gb  retargetserial.o [1]
Region$$Table$$Base     0x0000753c          --   Gb  - Linker created -
Region$$Table$$Limit    0x00007560          --   Gb  - Linker created -
SYSTEM_GetFamily        0x000019ab    0xc  Code  Lc  em_cmu.o [1]
SYSTEM_GetProdRev       0x0000199f    0xc  Code  Lc  em_cmu.o [1]
SetAddress              0x00005df1   0x72  Code  Lc  em_usbdch9.o [1]
SetConfiguration        0x00005e63   0xb0  Code  Lc  em_usbdch9.o [1]
SetFeature              0x00005f13   0xbe  Code  Lc  em_usbdch9.o [1]
SetInterface            0x00005ff5   0x40  Code  Lc  em_usbdch9.o [1]
SetupCmd                0x00006b49   0x76  Code  Lc  main.o [1]
SetupCmd::buffer        0x200004bc    0x4  Data  Lc  main.o [1]
SpiBcAccess             0x00003f93   0x60  Code  Lc  bsp_dk_3201.o [1]
SpiBcInit               0x00003ff3   0x60  Code  Lc  bsp_dk_3201.o [1]
SpiControl              0x00004053   0x44  Code  Lc  bsp_dk_3201.o [1]
SpiInit                 0x00004097   0x30  Code  Lc  bsp_dk_3201.o [1]
SpiRegisterRead         0x000040c7   0x56  Code  Lc  bsp_dk_3201.o [1]
SpiRegisterWrite        0x00004125   0x48  Code  Lc  bsp_dk_3201.o [1]
SystemCoreClock         0x200004cc    0x4  Data  Gb  system_efm32gg.o [1]
SystemCoreClockGet      0x00002cf7   0x1a  Code  Gb  system_efm32gg.o [1]
SystemHFClockGet        0x00002d15   0xb2  Code  Gb  system_efm32gg.o [1]
SystemHFXOClock         0x20000004    0x4  Data  Lc  system_efm32gg.o [1]
SystemHFXOClockGet      0x00002dc7    0x6  Code  Gb  system_efm32gg.o [1]
SystemInit              0x00002dcd    0x2  Code  Gb  system_efm32gg.o [1]
SystemLFRCOClockGet     0x00002dcf    0x6  Code  Gb  system_efm32gg.o [1]
SystemLFXOClock         0x20000008    0x4  Data  Lc  system_efm32gg.o [1]
SystemLFXOClockGet      0x00002ddb    0x6  Code  Gb  system_efm32gg.o [1]
SystemMaxCoreClockGet   0x00002d11    0x4  Code  Gb  system_efm32gg.o [1]
SystemULFRCOClockGet    0x00002dd5    0x6  Code  Gb  system_efm32gg.o [1]
TIMER_CounterGet        0x00002fdd    0x4  Code  Lc  em_usbtimer.o [1]
TIMER_Init              0x000041eb   0xd2  Code  Gb  em_timer.o [1]
TIMER_InitCC            0x000042bd   0xa0  Code  Gb  em_timer.o [1]
TIMER_MaxCount          0x00002fd5    0x8  Code  Lc  em_usbtimer.o [1]
TIMER_TopSet            0x00002fe1   0x1e  Code  Lc  em_usbtimer.o [1]
TIMER_Valid             0x000041c9   0x22  Code  Lc  em_timer.o [1]
TxBuf                   0x00006c49   0x1e  Code  Lc  retargetio.o [1]
UART1_RX_IRQHandler     0x00002e59   0x56  Code  Gb  retargetserial.o [1]
USART_BaudrateAsyncSet  0x0000346f   0xf8  Code  Gb  em_usart.o [1]
USART_BaudrateSyncSet   0x00003567   0x54  Code  Gb  em_usart.o [1]
USART_Enable            0x000035bb   0x42  Code  Gb  em_usart.o [1]
USART_InitAsync         0x000035fd   0x72  Code  Gb  em_usart.o [1]
USART_InitSync          0x0000366f   0x8a  Code  Gb  em_usart.o [1]
USART_IntClear          0x00002e4d    0x4  Code  Lc  retargetserial.o [1]
USART_IntEnable         0x00002e51    0x8  Code  Lc  retargetserial.o [1]
USART_Reset             0x000036f9   0x72  Code  Gb  em_usart.o [1]
USART_Rx                0x00003791    0xc  Code  Gb  em_usart.o [1]
USART_Tx                0x0000379d    0xc  Code  Gb  em_usart.o [1]
USBDCH9_SetupCmd        0x000059fd   0xba  Code  Gb  em_usbdch9.o [1]
USBDEP_Ep0Handler       0x000067ad  0x1e6  Code  Gb  em_usbdep.o [1]
USBDEP_Ep0Handler::callback
                        0x200004a8    0x4  Data  Lc  em_usbdep.o [1]
USBDEP_Ep0Handler::statusIn
                        0x200004d3    0x1  Data  Lc  em_usbdep.o [1]
USBDEP_Ep0Handler::xferred
                        0x200004a4    0x4  Data  Lc  em_usbdep.o [1]
USBDEP_EpHandler        0x00006993   0x48  Code  Gb  em_usbdep.o [1]
USBDESC_bufferingMultiplier
                        0x00000eae    0x1  Data  Gb  descriptors.o [1]
USBDESC_configDesc      0x0000778c   0x14  Data  Gb  descriptors.o [1]
USBDESC_deviceDesc      0x00007778   0x14  Data  Gb  descriptors.o [1]
USBDESC_strings         0x000077b4   0x10  Data  Gb  descriptors.o [1]
USBDHAL_AbortAllEps     0x00002917  0x296  Code  Gb  em_usbhal.o [1]
USBDHAL_AbortAllTransfers
                        0x00002bad   0xbe  Code  Gb  em_usbhal.o [1]
USBDHAL_ActivateEp      0x000056c9   0xb0  Code  Lc  em_usbdch9.o [1]
USBDHAL_CoreInit        0x000026b7  0x260  Code  Gb  em_usbhal.o [1]
USBDHAL_DeactivateEp    0x00005779   0x3e  Code  Lc  em_usbdch9.o [1]
USBDHAL_DeactivateEp    0x000024d5   0x3e  Code  Lc  em_usbhal.o [1]
USBDHAL_EnableInts      0x00006061   0x2c  Code  Lc  em_usbdint.o [1]
USBDHAL_EnableUsbResetAndSuspendInt
                        0x00004b79   0x14  Code  Lc  em_usbd.o [1]
USBDHAL_Ep0Activate     0x0000608d   0x2c  Code  Lc  em_usbdint.o [1]
USBDHAL_EpIsStalled     0x00004b8d   0x22  Code  Lc  em_usbd.o [1]
USBDHAL_GetAllInEpInts  0x000060b9   0x14  Code  Lc  em_usbdint.o [1]
USBDHAL_GetAllOutEpInts
                        0x000060cd   0x14  Code  Lc  em_usbdint.o [1]
USBDHAL_GetInEpInts     0x000060e1   0x20  Code  Lc  em_usbdint.o [1]
USBDHAL_GetInEpInts     0x00002513   0x20  Code  Lc  em_usbhal.o [1]
USBDHAL_GetOutEpInts    0x00006101   0x1a  Code  Lc  em_usbdint.o [1]
USBDHAL_GetOutEpInts    0x00002533   0x1a  Code  Lc  em_usbhal.o [1]
USBDHAL_GetStallStatusEp
                        0x00004baf   0x6a  Code  Lc  em_usbd.o [1]
USBDHAL_GetStallStatusEp
                        0x000057b7   0x6a  Code  Lc  em_usbdch9.o [1]
USBDHAL_ReenableEp0Setup
                        0x00006655   0x22  Code  Lc  em_usbdep.o [1]
USBDHAL_SetAddr         0x00005821   0x18  Code  Lc  em_usbdch9.o [1]
USBDHAL_SetEPDISNAK     0x0000254d   0x5e  Code  Lc  em_usbhal.o [1]
USBDHAL_SetEp0InDmaPtr  0x00004c19    0x8  Code  Lc  em_usbd.o [1]
USBDHAL_SetEp0OutDmaPtr
                        0x00004c21    0x8  Code  Lc  em_usbd.o [1]
USBDHAL_StallEp         0x00005839   0x7a  Code  Lc  em_usbdch9.o [1]
USBDHAL_StallEp         0x00006677   0x74  Code  Lc  em_usbdep.o [1]
USBDHAL_StartEp0In      0x00004c29   0x22  Code  Lc  em_usbd.o [1]
USBDHAL_StartEp0In      0x000066eb   0x1c  Code  Lc  em_usbdep.o [1]
USBDHAL_StartEp0Out     0x00004c4b   0x22  Code  Lc  em_usbd.o [1]
USBDHAL_StartEp0Out     0x00006707   0x1c  Code  Lc  em_usbdep.o [1]
USBDHAL_StartEp0Setup   0x0000611b   0x36  Code  Lc  em_usbdint.o [1]
USBDHAL_StartEpIn       0x00004c6d   0x76  Code  Lc  em_usbd.o [1]
USBDHAL_StartEpOut      0x00004ce3   0x7c  Code  Lc  em_usbd.o [1]
USBDHAL_UnStallEp       0x000058b3   0x86  Code  Lc  em_usbdch9.o [1]
USBD_ActivateAllEps     0x00005939   0x2a  Code  Lc  em_usbdch9.o [1]
USBD_ArmEp              0x00004d5f   0x1a  Code  Lc  em_usbd.o [1]
USBD_ArmEp0             0x00004d79   0x4c  Code  Lc  em_usbd.o [1]
USBD_ArmEpN             0x00004dc5   0x1a  Code  Lc  em_usbd.o [1]
USBD_DeactivateAllEps   0x00005963   0x3a  Code  Lc  em_usbdch9.o [1]
USBD_GetEpFromAddr      0x00004ddf   0x60  Code  Lc  em_usbd.o [1]
USBD_GetEpFromAddr      0x0000599d   0x60  Code  Lc  em_usbdch9.o [1]
USBD_GetEpFromAddr      0x00006723   0x58  Code  Lc  em_usbdep.o [1]
USBD_GetEpFromAddr      0x00006151   0x60  Code  Lc  em_usbdint.o [1]
USBD_GetEpFromAddr      0x000025ab   0x60  Code  Lc  em_usbhal.o [1]
USBD_GetUsbState        0x00004e3f    0xc  Code  Gb  em_usbd.o [1]
USBD_Init               0x00004e4b  0x48a  Code  Gb  em_usbd.o [1]
USBD_ReArmEp0           0x0000677b   0x32  Code  Lc  em_usbdep.o [1]
USBD_Read               0x000052d5  0x14a  Code  Gb  em_usbd.o [1]
USBD_SetUsbState        0x0000541f   0x60  Code  Gb  em_usbd.o [1]
USBD_Write              0x000054a9  0x136  Code  Gb  em_usbd.o [1]
USBHAL_CoreReset        0x00002669   0x4e  Code  Gb  em_usbhal.o [1]
USBHAL_DisableGlobalInt
                        0x00004b55   0x12  Code  Lc  em_usbd.o [1]
USBHAL_EnableGlobalInt  0x00004b67   0x12  Code  Lc  em_usbd.o [1]
USBHAL_FlushRxFifo      0x000024a7   0x14  Code  Lc  em_usbhal.o [1]
USBHAL_FlushTxFifo      0x00006035   0x1a  Code  Lc  em_usbdint.o [1]
USBHAL_FlushTxFifo      0x000024bb   0x1a  Code  Lc  em_usbhal.o [1]
USBHAL_GetCoreInts      0x0000604f   0x12  Code  Lc  em_usbdint.o [1]
USBTIMER_DelayMs        0x0000302d   0x3e  Code  Gb  em_usbtimer.o [1]
USBTIMER_DelayUs        0x0000306b   0x7a  Code  Gb  em_usbtimer.o [1]
USBTIMER_Init           0x000030e5   0x90  Code  Gb  em_usbtimer.o [1]
USB_IRQHandler          0x000061b1   0xd8  Code  Gb  em_usbdint.o [1]
USB_Puts                0x00002653   0x16  Code  Gb  em_usbhal.o [1]
_GenldFull              0x00000bfd  0x26a  Code  Lc  xprintffull.o [3]
_LdtobFull              0x000007fd  0x3fa  Code  Lc  xprintffull.o [3]
_LitobFull              0x000006f1  0x10a  Code  Lc  xprintffull.o [3]
_PrintfFull             0x000000dd  0x5a0  Code  Gb  xprintffull.o [3]
_Prout                  0x00007761   0x16  Code  Gb  xprout.o [3]
_PutcharsFull           0x00000e67   0x2e  Code  Lc  xprintffull.o [3]
__Vectors               0x00000000          --   Gb  startup_efm32gg.o [1]
__Vectors_End           0x000000dc         Data  Gb  startup_efm32gg.o [1]
__Vectors_Size {Abs}    0x000000dc          --   Gb  startup_efm32gg.o [1]
__aeabi_cdcmple         0x00001105         Code  Gb  DblCmpLe.o [4]
__aeabi_cdrcmple        0x00001135         Code  Gb  DblCmpGe.o [4]
__aeabi_d2iz            0x00001271         Code  Gb  DblToI32.o [4]
__aeabi_d2uiz           0x0000129d         Code  Gb  DblToI32.o [4]
__aeabi_ddiv            0x0000161d         Code  Gb  DblDiv.o [4]
__aeabi_dmul            0x00001479         Code  Gb  DblMul.o [4]
__aeabi_dsub            0x000012f9         Code  Gb  DblSub.o [4]
__aeabi_i2d             0x000012c9         Code  Gb  I32ToDbl.o [4]
__aeabi_ldiv0           0x00001881         Code  Gb  I64DivZer.o [5]
__aeabi_memset          0x00005651         Code  Gb  ABImemset.o [5]
__aeabi_ui2d            0x000012dd         Code  Gb  I32ToDbl.o [4]
__aeabi_uldivmod        0x00000f59         Code  Gb  I64DivMod.o [5]
__cmain                 0x00007695         Code  Gb  cmain.o [5]
__exit                  0x000076c5         Code  Gb  XXexit.o [5]
__iar_Dnorm             0x000010bf   0x44  Code  Gb  xdnorm.o [4]
__iar_Dscale            0x00001165  0x10c  Code  Gb  xdscale.o [4]
__iar_Memchr            0x00000f01         Code  Gb  memchr.o [5]
__iar_Memset            0x00005651         Code  Gb  ABImemset.o [5]
__iar_Memset_word       0x00005659         Code  Gb  ABImemset.o [5]
__iar_Strchr            0x00000eb1         Code  Gb  strchr.o [5]
__iar_copy_init3        0x0000728d   0x2c  Code  Gb  copy_init3.o [5]
__iar_d2uiz             0x000012a9         Code  Gb  DblToI32.o [4]
__iar_dadd              0x00001885         Code  Gb  DblAdd.o [4]
__iar_data_init3        0x000073d1   0x28  Code  Gb  data_init.o [5]
__iar_dsub              0x0000130d         Code  Gb  DblSub.o [4]
__iar_dsubStart         0x0000131f         Code  Gb  DblSub.o [4]
__iar_program_start     0x000077f1         Code  Gb  cstartup_M.o [5]
__iar_ui2d              0x000012e1         Code  Gb  I32ToDbl.o [4]
__iar_unaligned___aeabi_memcpy
                        0x00001049         Code  Gb  ABImemcpy_unaligned.o [5]
__iar_unaligned___aeabi_memcpy4
                        0x00001069         Code  Gb  ABImemcpy_unaligned.o [5]
__iar_unaligned___aeabi_memcpy8
                        0x00001069         Code  Gb  ABImemcpy_unaligned.o [5]
__iar_zero_init3        0x00007181   0x40  Code  Gb  zero_init3.o [5]
__low_level_init        0x000076af    0x4  Code  Gb  low_level_init.o [3]
__vector_table          0x00000000         Data  Gb  startup_efm32gg.o [1]
__vector_table_0x1c     0x0000001c         Data  Gb  startup_efm32gg.o [1]
__write                 0x00006c67   0x38  Code  Gb  retargetio.o [1]
_call_main              0x000076a1         Code  Gb  cmain.o [5]
_exit                   0x000076b9         Code  Gb  cexit.o [5]
_main                   0x000076ab         Code  Gb  cmain.o [5]
assertEFM               0x00002631   0x22  Code  Gb  em_usbhal.o [1]
auxClkGet               0x00001a6d   0x94  Code  Lc  em_cmu.o [1]
bcFwVersion             0x200004d0    0x2  Data  Lc  bsp_dk_3201.o [1]
bspOperationMode        0x20000498    0x4  Data  Lc  bsp_dk_3201.o [1]
busMode                 0x200004d2    0x1  Data  Lc  bsp_dk_3201.o [1]
callbacks               0x000077a0   0x14  Data  Lc  main.o [1]
dbgClkGet               0x00001b01   0x3c  Code  Lc  em_cmu.o [1]
dev                     0x20000000    0x4  Data  Gb  em_usbd.o [1]
device                  0x20000410   0x80  Data  Lc  em_usbd.o [1]
div                     0x00001873    0xe  Code  Gb  div.o [3]
exit                    0x000076b3    0x4  Code  Gb  exit.o [3]
flashWaitStateControl   0x00001b3d   0xa2  Code  Lc  em_cmu.o [1]
flashWaitStateMax       0x00001bdf    0xc  Code  Lc  em_cmu.o [1]
getHfLeConfig           0x00001a41   0x2c  Code  Lc  em_cmu.o [1]
iManufacturer           0x000071c0   0x38  Data  Lc  descriptors.o [1]
iProduct                0x00007138   0x48  Data  Lc  descriptors.o [1]
iSerialNumber           0x00007640   0x1c  Data  Lc  descriptors.o [1]
initialized             0x200004d5    0x1  Data  Lc  retargetserial.o [1]
langID                  0x00007808    0x4  Data  Lc  descriptors.o [1]
lastAddr                0x2000049c    0x4  Data  Lc  bsp_dk_3201.o [1]
lfClkGet                0x00001beb   0xf4  Code  Lc  em_cmu.o [1]
main                    0x00006b1d   0x2c  Code  Gb  main.o [1]
maxFreqHfle             0x000019b7   0x60  Code  Lc  em_cmu.o [1]
memchr                  0x00000f01         Code  Gb  memchr.o [5]
printf                  0x00006bfd   0x24  Code  Gb  printf.o [3]
putchar                 0x00006c21   0x28  Code  Gb  putchar.o [3]
rxBuffer                0x20000490    0x8  Data  Lc  retargetserial.o [1]
rxCount                 0x200004c8    0x4  Data  Lc  retargetserial.o [1]
rxReadIndex             0x200004c0    0x4  Data  Lc  retargetserial.o [1]
rxWriteIndex            0x200004c4    0x4  Data  Lc  retargetserial.o [1]
setHfLeConfig           0x00001a17   0x2a  Code  Lc  em_cmu.o [1]
strchr                  0x00000eb1         Code  Gb  strchr.o [5]
strlen                  0x00000ec9         Code  Gb  strlen.o [5]
syncReg                 0x00001cdf   0x16  Code  Lc  em_cmu.o [1]
ticksPr100us            0x200004b8    0x4  Data  Lc  em_usbtimer.o [1]
ticksPr10us             0x200004b4    0x4  Data  Lc  em_usbtimer.o [1]
ticksPr1us              0x200004b0    0x4  Data  Lc  em_usbtimer.o [1]
ticksPrMs               0x200004ac    0x4  Data  Lc  em_usbtimer.o [1]
txBuf                   0x200004a0    0x4  Data  Lc  em_usbdch9.o [1]
usbCClkGet              0x00001cf5   0x3e  Code  Lc  em_cmu.o [1]
usbInitStruct           0x00007678   0x1c  Data  Lc  main.o [1]


[1] = D:\jenkins-slave\workspaces\Executor-0\super\app\mcu_example\EFM32GG_DK3750\usbdvud\iar\usbdvud\Debug\Obj
[2] = command line
[3] = dl7M_tln.a
[4] = m7M_tl.a
[5] = rt7M_tl.a

  28 247 bytes of readonly  code memory
   2 669 bytes of readonly  data memory
   1 234 bytes of readwrite data memory

Errors: none
Warnings: none
