###############################################################################
#
# IAR ELF Linker V7.80.2.11947/W32 for ARM                09/Mar/2017  19:49:30
# Copyright 2007-2016 IAR Systems AB.
#
#    Output file  =  
#        D:\jenkins-slave\workspaces\Executor-0\super\app\mcu_example\EFM32GG_DK3750\realtime\iar\realtime\Debug\Exe\realtime.out
#    Map file     =  
#        D:\jenkins-slave\workspaces\Executor-0\super\app\mcu_example\EFM32GG_DK3750\realtime\iar\realtime\Debug\List\realtime.map
#    Command line =  
#        D:\jenkins-slave\workspaces\Executor-0\super\app\mcu_example\EFM32GG_DK3750\realtime\iar\realtime\Debug\Obj\bsp_dk_3201.o
#        D:\jenkins-slave\workspaces\Executor-0\super\app\mcu_example\EFM32GG_DK3750\realtime\iar\realtime\Debug\Obj\bsp_trace.o
#        D:\jenkins-slave\workspaces\Executor-0\super\app\mcu_example\EFM32GG_DK3750\realtime\iar\realtime\Debug\Obj\calibrate.o
#        D:\jenkins-slave\workspaces\Executor-0\super\app\mcu_example\EFM32GG_DK3750\realtime\iar\realtime\Debug\Obj\dmd_ssd2119_direct.o
#        D:\jenkins-slave\workspaces\Executor-0\super\app\mcu_example\EFM32GG_DK3750\realtime\iar\realtime\Debug\Obj\eeprom.o
#        D:\jenkins-slave\workspaces\Executor-0\super\app\mcu_example\EFM32GG_DK3750\realtime\iar\realtime\Debug\Obj\em_adc.o
#        D:\jenkins-slave\workspaces\Executor-0\super\app\mcu_example\EFM32GG_DK3750\realtime\iar\realtime\Debug\Obj\em_assert.o
#        D:\jenkins-slave\workspaces\Executor-0\super\app\mcu_example\EFM32GG_DK3750\realtime\iar\realtime\Debug\Obj\em_cmu.o
#        D:\jenkins-slave\workspaces\Executor-0\super\app\mcu_example\EFM32GG_DK3750\realtime\iar\realtime\Debug\Obj\em_ebi.o
#        D:\jenkins-slave\workspaces\Executor-0\super\app\mcu_example\EFM32GG_DK3750\realtime\iar\realtime\Debug\Obj\em_emu.o
#        D:\jenkins-slave\workspaces\Executor-0\super\app\mcu_example\EFM32GG_DK3750\realtime\iar\realtime\Debug\Obj\em_gpio.o
#        D:\jenkins-slave\workspaces\Executor-0\super\app\mcu_example\EFM32GG_DK3750\realtime\iar\realtime\Debug\Obj\em_i2c.o
#        D:\jenkins-slave\workspaces\Executor-0\super\app\mcu_example\EFM32GG_DK3750\realtime\iar\realtime\Debug\Obj\em_rtc.o
#        D:\jenkins-slave\workspaces\Executor-0\super\app\mcu_example\EFM32GG_DK3750\realtime\iar\realtime\Debug\Obj\em_system.o
#        D:\jenkins-slave\workspaces\Executor-0\super\app\mcu_example\EFM32GG_DK3750\realtime\iar\realtime\Debug\Obj\em_usart.o
#        D:\jenkins-slave\workspaces\Executor-0\super\app\mcu_example\EFM32GG_DK3750\realtime\iar\realtime\Debug\Obj\em_wdog.o
#        D:\jenkins-slave\workspaces\Executor-0\super\app\mcu_example\EFM32GG_DK3750\realtime\iar\realtime\Debug\Obj\GUI_X.o
#        D:\jenkins-slave\workspaces\Executor-0\super\app\mcu_example\EFM32GG_DK3750\realtime\iar\realtime\Debug\Obj\GUIConf.o
#        D:\jenkins-slave\workspaces\Executor-0\super\app\mcu_example\EFM32GG_DK3750\realtime\iar\realtime\Debug\Obj\i2cspm.o
#        D:\jenkins-slave\workspaces\Executor-0\super\app\mcu_example\EFM32GG_DK3750\realtime\iar\realtime\Debug\Obj\LCDConf.o
#        D:\jenkins-slave\workspaces\Executor-0\super\app\mcu_example\EFM32GG_DK3750\realtime\iar\realtime\Debug\Obj\startup_efm32gg.o
#        D:\jenkins-slave\workspaces\Executor-0\super\app\mcu_example\EFM32GG_DK3750\realtime\iar\realtime\Debug\Obj\system_efm32gg.o
#        D:\jenkins-slave\workspaces\Executor-0\super\app\mcu_example\EFM32GG_DK3750\realtime\iar\realtime\Debug\Obj\tftdirect.o
#        D:\jenkins-slave\workspaces\Executor-0\super\app\mcu_example\EFM32GG_DK3750\realtime\iar\realtime\Debug\Obj\tftspi.o
#        D:\jenkins-slave\workspaces\Executor-0\super\app\mcu_example\EFM32GG_DK3750\realtime\iar\realtime\Debug\Obj\touch.o
#        D:\jenkins-slave\workspaces\Executor-0\super\app\mcu_example\EFM32GG_DK3750\realtime\iar\realtime\Debug\Obj\VSCREEN_RealTime.o
#        --redirect _Printf=_PrintfFull --redirect _Scanf=_ScanfFull -o
#        D:\jenkins-slave\workspaces\Executor-0\super\app\mcu_example\EFM32GG_DK3750\realtime\iar\realtime\Debug\Exe\realtime.out
#        --map
#        D:\jenkins-slave\workspaces\Executor-0\super\app\mcu_example\EFM32GG_DK3750\realtime\iar\realtime\Debug\List\realtime.map
#        --config
#        D:\jenkins-slave\workspaces\Executor-0\super\app\mcu_example\EFM32GG_DK3750\realtime\iar\..\realtime.icf
#        D:\jenkins-slave\workspaces\Executor-0\super\app\mcu_example\EFM32GG_DK3750\realtime\iar\..\..\..\..\..\util\third_party\emwin\lib\emwin_IAR_CM3.a
#        --entry __iar_program_start --vfe
#
###############################################################################

*******************************************************************************
*** RUNTIME MODEL ATTRIBUTES
***

CppFlavor       = *
__CPP_Language  = EC++
__SystemLibrary = DLib


*******************************************************************************
*** PLACEMENT SUMMARY
***

"A0":  place at 0x00000000 { ro section .intvec };
"P1":  place in [from 0x00000000 to 0x000fffff] { ro };
"P2":  place in [from 0x20000000 to 0x2001ffff] { rw, block CSTACK, block HEAP };
initialize by copy { rw };
 { section .intvec };

  Section             Kind        Address     Size  Object
  -------             ----        -------     ----  ------
"A0":                                         0xdc
  .intvec             ro code  0x00000000     0xdc  startup_efm32gg.o [1]
                             - 0x000000dc     0xdc

"P1":                                      0x1fd49
  .text               ro code  0x000000dc   0x1c78  GUI_SPRITE.o [4]
  .text               ro code  0x00001d54     0xac  GUI_GetBitmapPixelIndex.o [4]
  .text               ro code  0x00001e00    0x7b4  GUI_Alloc.o [4]
  .text               ro code  0x000025b4     0x38  GUI_RectsIntersect.o [4]
  .text               ro code  0x000025ec     0x76  ABImemcpy_unaligned.o [5]
  .text               ro code  0x00002662     0x40  GUI__IntersectRect.o [4]
  .text               ro code  0x000026a2      0xa  WIDGET_Effect_None.o [4]
  .text               ro code  0x000026ac    0x320  GUI__Alpha.o [4]
  .text               ro code  0x000029cc    0x294  GUI__CompactPixelIndices.o [4]
  .text               ro code  0x00002c60    0x138  GUI_Device.o [4]
  .text               ro code  0x00002d98    0x1a0  LCD_GetEx.o [4]
  .text               ro code  0x00002f38    0x300  GUIDEV.o [4]
  .text               ro code  0x00003238     0x24  GUI_ALLOC_AllocZero.o [4]
  .text               ro code  0x0000325c     0x78  ABImemmove_unaligned.o [5]
  .text               ro code  0x000032d4      0x6  ABImemclr.o [5]
  .text               ro code  0x000032da      0x2  GUICC_8888_Index2Color.o [4]
  .text               ro code  0x000032dc    0x1e8  LCD_ReadRect.o [4]
  .text               ro code  0x000034c4    0x142  GUI__ExpandPixelIndices.o [4]
  .text               ro code  0x00003606      0x2  GUICC_888_Index2Color.o [4]
  .text               ro code  0x00003608    0x18c  GUI_Core.o [4]
  .text               ro code  0x00003794    0x1b4  GUIDEV_UsageBM.o [4]
  .text               ro code  0x00003948     0x12  GUI_SelectLCD.o [4]
  .rodata             const    0x0000395a      0x1  VSCREEN_RealTime.o [1]
  .text               ro code  0x0000395c     0x4e  GUIDEV_Usage.o [4]
  .text               ro code  0x000039ac   0x1344  WM.o [4]
  .text               ro code  0x00004cf0     0x24  LCD_UpdateColorIndices.o [4]
  .text               ro code  0x00004d14    0x6e0  LCD.o [4]
  .text               ro code  0x000053f4      0x4  GUI_SetDrawMode.o [4]
  .text               ro code  0x000053f8    0x768  GUIDEV_WriteToActiveOpaque.o [4]
  .text               ro code  0x00005b60     0x4e  GUI__memset.o [4]
  .text               ro code  0x00005bb0     0x66  ABImemset.o [5]
  .text               ro code  0x00005c18     0x10  GUI_Goto.o [4]
  .text               ro code  0x00005c28     0x24  GUIConf.o [1]
  .text               ro code  0x00005c4c    0x2e8  LCDConf.o [1]
  .text               ro code  0x00005f34    0x34a  GUI_X.o [1]
  .text               ro code  0x00006280      0xc  WM_GetDesktopWindow.o [4]
  .text               ro code  0x0000628c     0x30  GUI_SetOrg.o [4]
  .text               ro code  0x000062bc     0x44  LCD_SelectLCD.o [4]
  .text               ro code  0x00006300     0x34  LCD_SetClipRectEx.o [4]
  .text               ro code  0x00006334     0x1c  GUI_MoveRect.o [4]
  .text               ro code  0x00006350     0x62  GUI__IntersectRects.o [4]
  .text               ro code  0x000063b2     0x58  GUI_MergeRect.o [4]
  .text               ro code  0x0000640c     0x4c  GUI_WaitEvent.o [4]
  .text               ro code  0x00006458      0xe  WM_GetFirstChild.o [4]
  .text               ro code  0x00006468     0x40  WM__SendMessage.o [4]
  .text               ro code  0x000064a8     0x84  WM_BringToBottom.o [4]
  .text               ro code  0x0000652c    0x13c  WM_Timer.o [4]
  .text               ro code  0x00006668     0x14  WM_NotifyParent.o [4]
  .text               ro code  0x0000667c      0x4  WM_SendMessageNoPara.o [4]
  .text               ro code  0x00006680     0x44  GUI_SetDefault.o [4]
  .text               ro code  0x000066c4    0x14e  GUIDEV_Banding.o [4]
  .text               ro code  0x00006814     0x54  GUI_OnKey.o [4]
  .text               ro code  0x00006868     0xdc  GUI__ManageCache.o [4]
  .text               ro code  0x00006944     0x20  GUI_SaveContext.o [4]
  .text               ro code  0x00006964      0x8  GUI_SetColor.o [4]
  .text               ro code  0x0000696c     0x50  WM_GetClientRect.o [4]
  .text               ro code  0x000069bc     0x1c  WM_SendToParent.o [4]
  .text               ro code  0x000069d8     0x30  WM_CriticalHandle.o [4]
  .text               ro code  0x00006a08    0x108  LCD_Color.o [4]
  .text               ro code  0x00006b10     0x54  GUI_SelectLayer.o [4]
  .text               ro code  0x00006b64     0x1c  GUIDEV_GetDataPtr.o [4]
  .text               ro code  0x00006b80     0x48  GUI_TOUCH.o [4]
  .text               ro code  0x00006bc8    0xb38  bsp_dk_3201.o [1]
  .text               ro code  0x00007700    0x118  bsp_trace.o [1]
  .text               ro code  0x00007818    0xb38  em_cmu.o [1]
  .text               ro code  0x00008350    0xb24  em_ebi.o [1]
  .text               ro code  0x00008e74     0xec  tftdirect.o [1]
  .text               ro code  0x00008f60    0x6b8  touch.o [1]
  .text               ro code  0x00009618     0xa4  GUI_MULTIBUF.o [4]
  .text               ro code  0x000096bc    0x144  LCD_Set.o [4]
  .text               ro code  0x00009800    0x10c  GUI_PID.o [4]
  .text               ro code  0x0000990c      0x4  WM_ForEachDesc.o [4]
  .text               ro code  0x00009910     0x40  GUI_Exec.o [4]
  .text               ro code  0x00009950     0xc0  em_rtc.o [1]
  .text               ro code  0x00009a10    0x1d0  em_emu.o [1]
  .text               ro code  0x00009be0    0x33c  GUI_Timer.o [4]
  .text               ro code  0x00009f1c     0x22  WM__GetPrevSibling.o [4]
  .text               ro code  0x00009f3e      0xe  WM_GetParent.o [4]
  .text               ro code  0x00009f4c     0x2e  GUI_Time.o [4]
  .text               ro code  0x00009f7a     0x2c  WM__SendMessageNoPara.o [4]
  .text               ro code  0x00009fa8     0x10  GUI_Pen.o [4]
  .text               ro code  0x00009fb8     0x14  GUI_SetTextAlign.o [4]
  .text               ro code  0x00009fcc     0x14  GUI_SetTextMode.o [4]
  .text               ro code  0x00009fe0     0x14  GUI_SetFont.o [4]
  .text               ro code  0x00009ff4     0x10  GUI_SetLineStyle.o [4]
  .text               ro code  0x0000a004     0x20  GUI_GetOrg.o [4]
  .text               ro code  0x0000a024     0x28  GUIDEV_GetYSize.o [4]
  .text               ro code  0x0000a04c     0x30  GUIDEV_ReduceYSize.o [4]
  .text               ro code  0x0000a07c     0x6c  GUIDEV_SetOrg.o [4]
  .text               ro code  0x0000a0e8     0x3c  GUIDEV_Clear.o [4]
  .text               ro code  0x0000a124     0x30  WM_OnKey.o [4]
  .text               ro code  0x0000a154     0x12  LCD_GetNumDisplays.o [4]
  .text               ro code  0x0000a168     0x62  memcmp_unaligned.o [5]
  .text               ro code  0x0000a1ca      0x2  em_assert.o [1]
  .text               ro code  0x0000a1cc    0x2b0  em_gpio.o [1]
  .text               ro code  0x0000a47c    0x194  em_usart.o [1]
  .text               ro code  0x0000a610    0x138  system_efm32gg.o [1]
  .text               ro code  0x0000a748     0xf8  dmd_ssd2119_direct.o [1]
  .text               ro code  0x0000a840    0x24c  i2cspm.o [1]
  .text               ro code  0x0000aa8c    0x164  eeprom.o [1]
  .text               ro code  0x0000abf0    0x194  calibrate.o [1]
  .text               ro code  0x0000ad84      0x8  abs.o [3]
  .text               ro code  0x0000ad8c    0x224  em_adc.o [1]
  .text               ro code  0x0000afb0     0x2c  WM__ForEachDesc.o [4]
  .text               ro code  0x0000afdc     0x10  WM__GetFirstSibling.o [4]
  .text               ro code  0x0000afec    0x234  tftspi.o [1]
  .text               ro code  0x0000b220    0x51c  em_i2c.o [1]
  .rodata             const    0x0000b73c   0x12b8  F24_ASCII.o [4]
  .text               ro code  0x0000c9f4   0x1246  LISTBOX.o [4]
  .text               ro code  0x0000dc3a    0x15a  GUI_ARRAY.o [4]
  .text               ro code  0x0000dd94     0xa8  WM_GetInsideRectExScrollbar.o [4]
  .text               ro code  0x0000de3c     0x42  WM_CheckScrollPos.o [4]
  .text               ro code  0x0000de80    0x3ac  WIDGET.o [4]
  .text               ro code  0x0000e22c     0x5e  WM_SetScrollbar.o [4]
  .text               ro code  0x0000e28c     0x18  WM_SetUserClipRect.o [4]
  .text               ro code  0x0000e2a4     0x5e  WM_SetTrans.o [4]
  .text               ro code  0x0000e302     0x14  GUI_ClearRectEx.o [4]
  .text               ro code  0x0000e318     0x10  SCROLLBAR_Defaults.o [4]
  .text               ro code  0x0000e328     0x50  WM_GetDialogItem.o [4]
  .text               ro code  0x0000e378     0x18  SCROLLBAR_SetWidth.o [4]
  .text               ro code  0x0000e390     0x32  SCROLLBAR_SetColor.o [4]
  .text               ro code  0x0000e3c2     0x14  GUI_GetStringDistX.o [4]
  .text               ro code  0x0000e3d6      0xc  GUI_GetYSizeOfFont.o [4]
  .text               ro code  0x0000e3e4     0x30  WM_GetInsideRect.o [4]
  .text               ro code  0x0000e414     0x50  GUI_Char.o [4]
  .text               ro code  0x0000e464    0x194  GUI_DispStringInRect.o [4]
  .text               ro code  0x0000e5f8     0x9c  GUI_DrawFocusRect.o [4]
  .text               ro code  0x0000e694     0x66  WM_GetScrollbar.o [4]
  .text               ro code  0x0000e6fa     0x14  WM_GetScrollState.o [4]
  .text               ro code  0x0000e70e      0x4  WM_IsWindow.o [4]
  .text               ro code  0x0000e714     0x36  strlen.o [5]
  .text               ro code  0x0000e74c     0x44  strcpy_unaligned.o [5]
  .text               ro code  0x0000e790     0x3c  GUI_ALLOC_AllocInit.o [4]
  .text               ro code  0x0000e7cc     0x56  GUI_Realloc.o [4]
  .text               ro code  0x0000e824     0x22  WM_GetWindowRect.o [4]
  .text               ro code  0x0000e846     0x14  WM_GetFlags.o [4]
  .text               ro code  0x0000e85a     0x14  WM__Screen2Client.o [4]
  .text               ro code  0x0000e86e     0x1a  GUI__ReduceRect.o [4]
  .text               ro code  0x0000e888     0x5c  WM_GetWindowSize.o [4]
  .text               ro code  0x0000e8e4     0xcc  WM__UpdateChildPositions.o [4]
  .text               ro code  0x0000e9b0     0x94  WM_SetFocus.o [4]
  .text               ro code  0x0000ea44     0x78  WM_BringToTop.o [4]
  .text               ro code  0x0000eabc     0x1a  WM_SetScrollState.o [4]
  .text               ro code  0x0000ead8     0x44  GUI_DrawVLine.o [4]
  .text               ro code  0x0000eb1c     0x4c  GUI_DrawHLine.o [4]
  .text               ro code  0x0000eb68     0x36  SCROLLBAR_Create.o [4]
  .text               ro code  0x0000eb9e     0x2c  WM_Hide.o [4]
  .text               ro code  0x0000ebcc     0x30  WM_ValidateWindow.o [4]
  .text               ro code  0x0000ebfc     0x20  WM_GetId.o [4]
  .text               ro code  0x0000ec1c     0x30  WIDGET_SetWidth.o [4]
  .text               ro code  0x0000ec4c    0x5f2  SCROLLBAR.o [4]
  .text               ro code  0x0000f23e     0x1a  GUI__GetNumChars.o [4]
  .text               ro code  0x0000f258    0x1b0  GUI_CharLine.o [4]
  .text               ro code  0x0000f408      0xa  GUI_GetClientRect.o [4]
  .text               ro code  0x0000f414     0x8c  GUI_UC.o [4]
  .text               ro code  0x0000f4a0     0x16  GUI__HandleEOLine.o [4]
  .text               ro code  0x0000f4b6    0x112  WM_Move.o [4]
  .text               ro code  0x0000f5c8     0xf4  WM_ResizeWindow.o [4]
  .text               ro code  0x0000f6bc     0x40  WM_SetXSize.o [4]
  .text               ro code  0x0000f6fc     0x44  WM_SetYSize.o [4]
  .text               ro code  0x0000f740     0x18  GUI__DivideRound32.o [4]
  .text               ro code  0x0000f758     0x4c  WM_SetCapture.o [4]
  .text               ro code  0x0000f7a4     0x28  WM_GetScrollPartner.o [4]
  .rodata             const    0x0000f7cc   0x120c  VSCREEN_RealTime.o [1]
  .text               ro code  0x000109d8    0xda8  GUIDRV_Lin_16.o [4]
  .text               ro code  0x00011780    0xbea  VSCREEN_RealTime.o [1]
  .text               ro code  0x0001236c     0xe0  rand.o [3]
  .text               ro code  0x0001244c    0x1ac  WINDOW.o [4]
  .text               ro code  0x000125f8     0x4c  TEXT_SetText.o [4]
  .text               ro code  0x00012644     0x26  TEXT_SetTextColor.o [4]
  .text               ro code  0x0001266a     0x20  TEXT_SetTextAlign.o [4]
  .text               ro code  0x0001268a     0x26  TEXT_SetFont.o [4]
  .text               ro code  0x000126b0    0x18c  GUI_Curs1.o [4]
  .text               ro code  0x0001283c    0x130  DIALOG.o [4]
  .text               ro code  0x0001296c     0xe4  GUI_DrawGraph.o [4]
  .text               ro code  0x00012a50     0x88  GUI_2DLib.o [4]
  .text               ro code  0x00012ad8     0x62  GUI_Val.o [4]
  .text               ro code  0x00012b3c    0x388  PROGBAR.o [4]
  .text               ro code  0x00012ec4     0xb2  PROGBAR_SetText.o [4]
  .text               ro code  0x00012f78     0x34  GUI_DispStringHCenter.o [4]
  .text               ro code  0x00012fac     0xec  GUI_DrawBitmap.o [4]
  .text               ro code  0x00013098      0x4  GUI_GetFontSizeY.o [4]
  .text               ro code  0x0001309c     0x48  GUI_FillRect.o [4]
  .text               ro code  0x000130e4    0x2e0  SLIDER.o [4]
  .text               ro code  0x000133c4    0x448  EDITDec.o [4]
  .text               ro code  0x0001380c     0x40  DROPDOWN_SetAutoScroll.o [4]
  .text               ro code  0x0001384c     0x34  DROPDOWN_AddString.o [4]
  .text               ro code  0x00013880     0x18  WM_GetClientWindow.o [4]
  .text               ro code  0x00013898    0x5e8  DROPDOWN.o [4]
  .text               ro code  0x00013e80    0x930  EDIT.o [4]
  .text               ro code  0x000147b0     0x1a  WIDGET_SetEffect.o [4]
  .text               ro code  0x000147ca     0x4c  WM_EnableWindow.o [4]
  .text               ro code  0x00014816     0x26  WM_SetCallback.o [4]
  .text               ro code  0x0001483c     0x10  WM_SetCreateFlags.o [4]
  .text               ro code  0x0001484c     0x2c  WM_SetDesktopColor.o [4]
  .text               ro code  0x00014878      0x2  xtls.o [3]
  .text               ro code  0x0001487c     0x14  WM_HasFocus.o [4]
  .text               ro code  0x00014890     0x50  WM__IsAncestor.o [4]
  .text               ro code  0x000148e0     0x5e  WM_SetFocusOnPrevChild.o [4]
  .text               ro code  0x0001493e     0x72  WM_SetFocusOnNextChild.o [4]
  .text               ro code  0x000149b0     0x6e  GUI__SetText.o [4]
  .text               ro code  0x00014a1e     0x52  WM_Show.o [4]
  .text               ro code  0x00014a70      0xc  WM_GetFocussedWindow.o [4]
  .text               ro code  0x00014a7c    0x108  GUI_AddDecShift.o [4]
  .text               ro code  0x00014b84     0x1c  GUI_AddDecMin.o [4]
  .text               ro code  0x00014ba0    0x100  GUI_DispString.o [4]
  .text               ro code  0x00014ca0     0x10  GUI_DispStringAt.o [4]
  .text               ro code  0x00014cb0     0x14  GUI__GetFontSizeY.o [4]
  .text               ro code  0x00014cc4     0x30  WM_IsFocussable.o [4]
  .text               ro code  0x00014cf4     0x4a  LISTBOX_SetAutoScroll.o [4]
  .text               ro code  0x00014d3e     0x46  WM_SetSize.o [4]
  .text               ro code  0x00014d84     0x26  LISTBOX_Create.o [4]
  .text               ro code  0x00014daa     0x32  LISTBOX_SetScrollbarWidth.o [4]
  .text               ro code  0x00014ddc     0xb2  LISTBOX_AddStringH.o [4]
  .text               ro code  0x00014e8e     0x2a  LISTBOX_SetBkColor.o [4]
  .text               ro code  0x00014eb8     0x30  LISTBOX_SetTextColor.o [4]
  .text               ro code  0x00014ee8     0x38  LISTBOX_SetScrollbarColor.o [4]
  .text               ro code  0x00014f20     0x5a  LISTBOX_ItemDisabled.o [4]
  .text               ro code  0x00014f7a     0x24  LISTBOX_ItemSpacing.o [4]
  .text               ro code  0x00014f9e     0x2a  LISTBOX_Font.o [4]
  .text               ro code  0x00014fc8     0x20  LISTBOX_SetTextAlign.o [4]
  .text               ro code  0x00014fe8     0x20  LISTBOX_SetOwner.o [4]
  .text               ro code  0x00015008     0x16  WM__IsEnabled.o [4]
  .text               ro code  0x0001501e     0x96  GUI__CalcTextRect.o [4]
  .text               ro code  0x000150b4     0xbc  GUI__GetCursorPos.o [4]
  .text               ro code  0x00015170    0x104  WIDGET_FillStringInRect.o [4]
  .text               ro code  0x00015274     0x60  GUI_InvertRect.o [4]
  .text               ro code  0x000152d4     0x1a  WM__GetLastSibling.o [4]
  .text               ro code  0x000152f0     0x1c  WM__GetFocussedChild.o [4]
  .text               ro code  0x0001530c     0x48  GUI__strcmp.o [4]
  .text               ro code  0x00015354     0x14  GUI__strlen.o [4]
  .text               ro code  0x00015368     0x16  GUI_GetColor.o [4]
  .text               ro code  0x0001537e     0x22  WM__IsChild.o [4]
  .text               ro code  0x000153a0     0x18  LCD_GetColorIndex.o [4]
  .rodata             const    0x000153b8    0xb40  F16_1.o [4]
  .rodata             const    0x00015ef8    0xa7c  F16_ASCII.o [4]
  .rodata             const    0x00016974    0x9c0  F13B_ASCII.o [4]
  .text               ro code  0x00017334    0x9a8  GUIDEV_32.o [4]
  .text               ro code  0x00017cdc    0x998  GUIDEV_16.o [4]
  .text               ro code  0x00018674     0x3c  GUI__memset16.o [4]
  .rodata             const    0x000186b0    0x984  F13_1.o [4]
  .rodata             const    0x00019034    0x918  F13_ASCII.o [4]
  .rodata             const    0x0001994c    0x718  F6x8.o [4]
  .text               ro code  0x0001a064    0x6aa  FRAMEWIN.o [4]
  .text               ro code  0x0001a70e      0xe  WM_GetNextSibling.o [4]
  .text               ro code  0x0001a71c     0x92  WM_SetCaptureMove.o [4]
  .text               ro code  0x0001a7b0     0x18  WM_MemDev.o [4]
  .text               ro code  0x0001a7c8     0x14  WM_HasCaptured.o [4]
  .text               ro code  0x0001a7dc    0x4cc  GUI_DrawLine.o [4]
  .text               ro code  0x0001aca8     0x20  GUI_DrawPoint.o [4]
  .text               ro code  0x0001acc8    0x1d0  GUI_FillPolygon.o [4]
  .text               ro code  0x0001ae98     0xc4  GUI_Circ.o [4]
  .text               ro code  0x0001af5c    0x44e  GUI__DrawTwinArc.o [4]
  .text               ro code  0x0001b3aa     0x1a  GUI__sqrt32.o [4]
  .text               ro code  0x0001b3c4    0x420  SLIDER_SkinFlex.o [4]
  .text               ro code  0x0001b7e4    0x254  GUI_DrawGradient.o [4]
  .text               ro code  0x0001ba38    0x41a  SCROLLBAR_SkinFlex.o [4]
  .text               ro code  0x0001be54     0x48  GUI_DrawPixel.o [4]
  .text               ro code  0x0001be9c    0x370  FRAMEWIN_SkinFlex.o [4]
  .text               ro code  0x0001c20c     0x22  FRAMEWIN_Get.o [4]
  .text               ro code  0x0001c22e     0x14  GUI_FillRectEx.o [4]
  .text               ro code  0x0001c244    0x354  WM_Touch.o [4]
  .text               ro code  0x0001c598     0x1a  WM__SendMessageIfEnabled.o [4]
  .text               ro code  0x0001c5b4     0x94  WM_Screen2Win.o [4]
  .text               ro code  0x0001c648     0x18  WM_PID__GetPrevState.o [4]
  .text               ro code  0x0001c660    0x27c  BUTTON_SkinFlex.o [4]
  .text               ro code  0x0001c8dc     0x2e  GUI_DRAW.o [4]
  .text               ro code  0x0001c90c    0x278  DROPDOWN_SkinFlex.o [4]
  .text               ro code  0x0001cb84    0x258  SCROLLBAR_Skin.o [4]
  .text               ro code  0x0001cddc    0x246  BUTTON.o [4]
  .text               ro code  0x0001d024    0x1e6  SLIDER_Skin.o [4]
  .rodata             const    0x0001d20c    0x188  VSCREEN_RealTime.o [1]
  .text               ro code  0x0001d394    0x184  GUI_CharM.o [4]
  .text               ro code  0x0001d518    0x17c  GUIDEV_WriteToActiveAlpha.o [4]
  .text               ro code  0x0001d694    0x168  PROGBAR_SkinFlex.o [4]
  .text               ro code  0x0001d7fc    0x164  GUIDEV_StaticDevices.o [4]
  .text               ro code  0x0001d960     0x24  GUI_SetAlpha.o [4]
  .text               ro code  0x0001d984     0x1a  WM_GetOrg.o [4]
  .text               ro code  0x0001d9a0     0x62  GUIDEV_Write.o [4]
  .text               ro code  0x0001da04     0x10  LCD_AA.o [4]
  .text               ro code  0x0001da14    0x164  PROGBAR_Skin.o [4]
  .text               ro code  0x0001db78    0x164  FRAMEWIN_Skin.o [4]
  .rodata             const    0x0001dcdc    0x150  VSCREEN_RealTime.o [1]
  .text               ro code  0x0001de2c    0x14c  TEXT.o [4]
  .text               ro code  0x0001df78    0x14c  GUI_DispStringInRectWrap.o [4]
  .text               ro code  0x0001e0c4    0x134  GUI__Wrap.o [4]
  .text               ro code  0x0001e1f8    0x132  GUI_CharP.o [4]
  .text               ro code  0x0001e32c    0x12c  WIDGET_Effect_3D.o [4]
  .rodata             const    0x0001e458    0x100  LCD_Mirror.o [4]
  .rodata             const    0x0001e558    0x100  GUI__DivTbl_255_31.o [4]
  .rodata             const    0x0001e658    0x100  GUI__DivTbl_255_63.o [4]
  .text               ro code  0x0001e758     0xe8  GUICC_M565.o [4]
  .text               ro code  0x0001e840     0xb8  GUICC_0.o [4]
  .text               ro code  0x0001e8f8     0x3e  GUI_CalcColorDist.o [4]
  .text               ro code  0x0001e938     0xaa  BUTTON_Skin.o [4]
  .text               ro code  0x0001e9e4      0x6  ABImemclr4.o [5]
  .text               ro code  0x0001e9ec     0x32  ABImemset48.o [5]
  .text               ro code  0x0001ea20     0x94  DROPDOWN_Skin.o [4]
  .rodata             const    0x0001eab4     0x88  bsp_dk_3201.o [1]
  .rodata             const    0x0001eb3c     0x88  em_gpio.o [1]
  .rodata             const    0x0001ebc4     0x88  i2cspm.o [1]
  .rodata             const    0x0001ec4c     0x88  tftspi.o [1]
  .rodata             const    0x0001ecd4     0x88  touch.o [1]
  .rodata             const    0x0001ed5c     0x84  em_cmu.o [1]
  .rodata             const    0x0001ede0     0x80  GUI_CursorCrossMPx.o [4]
  .text               ro code  0x0001ee60     0x78  lz77_init_single.o [5]
  .text               ro code  0x0001eed8     0x64  WIDGET_Effect_Simple.o [4]
  .rodata             const    0x0001ef3c     0x54  i2cspm.o [1]
  .rodata             const    0x0001ef90     0x54  VSCREEN_RealTime.o [1]
  .rodata             const    0x0001efe4     0x50  bsp_dk_3201.o [1]
  .rodata             const    0x0001f034     0x4c  em_adc.o [1]
  .rodata             const    0x0001f080     0x4c  em_cmu.o [1]
  .rodata             const    0x0001f0cc     0x4c  em_ebi.o [1]
  .rodata             const    0x0001f118     0x4c  em_gpio.o [1]
  .rodata             const    0x0001f164     0x4c  em_i2c.o [1]
  .rodata             const    0x0001f1b0     0x4c  em_rtc.o [1]
  .rodata             const    0x0001f1fc     0x4c  em_usart.o [1]
  .rodata             const    0x0001f248     0x4c  LCDConf.o [1]
  .text               ro code  0x0001f294     0x4a  EDIT_CreateIndirect.o [4]
  .text               ro code  0x0001f2de     0x44  BUTTON_CreateIndirect.o [4]
  .rodata             const    0x0001f324     0x40  VSCREEN_RealTime.o [1]
  .rodata             const    0x0001f364     0x40  GUI__DivTbl_63_255.o [4]
  .text               ro code  0x0001f3a4     0x40  FRAMEWIN_CreateIndirect.o [4]
  .text               ro code  0x0001f3e4     0x40  zero_init3.o [5]
  .rodata             const    0x0001f424     0x3c  GUI_CursorArrowMPx.o [4]
  .text               ro code  0x0001f460     0x3c  TEXT_CreateIndirect.o [4]
  .rodata             const    0x0001f49c     0x38  VSCREEN_RealTime.o [1]
  .rodata             const    0x0001f4d4     0x38  VSCREEN_RealTime.o [1]
  .text               ro code  0x0001f50c     0x38  DROPDOWN_CreateIndirect.o [4]
  .text               ro code  0x0001f544     0x38  PROGBAR_CreateIndirect.o [4]
  .text               ro code  0x0001f57c     0x38  SLIDER_CreateIndirect.o [4]
  .rodata             const    0x0001f5b4     0x34  VSCREEN_RealTime.o [1]
  .rodata             const    0x0001f5e8     0x34  VSCREEN_RealTime.o [1]
  .rodata             const    0x0001f61c     0x34  GUIDRV_Lin_16.o [4]
  .rodata             const    0x0001f650     0x2c  VSCREEN_RealTime.o [1]
  .rodata             const    0x0001f67c     0x2c  VSCREEN_RealTime.o [1]
  .text               ro code  0x0001f6a8     0x28  GUICC_8888.o [4]
  .text               ro code  0x0001f6d0     0x28  data_init.o [5]
  .text               ro code  0x0001f6f8     0x24  GUI_UC_EncodeNone.o [4]
  .iar.init_table     const    0x0001f71c     0x20  - Linker created -
  .rodata             const    0x0001f73c     0x20  GUI_CursorArrowM.o [4]
  .rodata             const    0x0001f75c     0x20  GUI_CursorCrossM.o [4]
  .rodata             const    0x0001f77c     0x20  GUI__DivTbl_31_255.o [4]
  .rodata             const    0x0001f79c     0x1c  VSCREEN_RealTime.o [1]
  .rodata             const    0x0001f7b8     0x1c  WIDGET_Effect_3D.o [4]
  .rodata             const    0x0001f7d4     0x1c  WIDGET_Effect_None.o [4]
  .rodata             const    0x0001f7f0     0x1c  WIDGET_Effect_Simple.o [4]
  .text               ro code  0x0001f80c     0x1a  cmain.o [5]
  .text               ro code  0x0001f826      0x4  low_level_init.o [3]
  .text               ro code  0x0001f82a      0x4  exit.o [3]
  .text               ro code  0x0001f830      0xa  cexit.o [5]
  .text               ro code  0x0001f83c      0xc  XXexit.o [5]
  .rodata             const    0x0001f848     0x18  bsp_dk_3201.o [1]
  .rodata             const    0x0001f860     0x18  tftspi.o [1]
  .rodata             const    0x0001f878     0x18  touch.o [1]
  .rodata             const    0x0001f890     0x18  VSCREEN_RealTime.o [1]
  .rodata             const    0x0001f8a8     0x18  VSCREEN_RealTime.o [1]
  .rodata             const    0x0001f8c0     0x18  VSCREEN_RealTime.o [1]
  .rodata             const    0x0001f8d8     0x18  GUICC_M565.o [4]
  .rodata             const    0x0001f8f0     0x18  GUI_CursorPal.o [4]
  .rodata             const    0x0001f908     0x18  GUICC_8888.o [4]
  .rodata             const    0x0001f920     0x18  GUICC_0.o [4]
  .rodata             const    0x0001f938     0x14  VSCREEN_RealTime.o [1]
  .rodata             const    0x0001f94c     0x10  VSCREEN_RealTime.o [1]
  .rodata             const    0x0001f95c     0x10  VSCREEN_RealTime.o [1]
  .rodata             const    0x0001f96c     0x10  VSCREEN_RealTime.o [1]
  .rodata             const    0x0001f97c     0x10  VSCREEN_RealTime.o [1]
  .rodata             const    0x0001f98c     0x10  VSCREEN_RealTime.o [1]
  .rodata             const    0x0001f99c     0x10  VSCREEN_RealTime.o [1]
  .text               ro code  0x0001f9ac     0x10  startup_efm32gg.o [1]
  .rodata             const    0x0001f9bc      0xc  VSCREEN_RealTime.o [1]
  .rodata             const    0x0001f9c8      0xc  VSCREEN_RealTime.o [1]
  .rodata             const    0x0001f9d4      0xc  VSCREEN_RealTime.o [1]
  .rodata             const    0x0001f9e0      0xc  VSCREEN_RealTime.o [1]
  .rodata             const    0x0001f9ec      0xc  VSCREEN_RealTime.o [1]
  .rodata             const    0x0001f9f8      0xc  VSCREEN_RealTime.o [1]
  .rodata             const    0x0001fa04      0xc  VSCREEN_RealTime.o [1]
  .rodata             const    0x0001fa10      0xc  LCD.o [4]
  .text               ro code  0x0001fa1c      0xc  cstartup_M.o [5]
  .rodata             const    0x0001fa28      0x8  LCDConf.o [1]
  .rodata             const    0x0001fa30      0x8  touch.o [1]
  .rodata             const    0x0001fa38      0x8  VSCREEN_RealTime.o [1]
  .rodata             const    0x0001fa40      0x8  VSCREEN_RealTime.o [1]
  .rodata             const    0x0001fa48      0x8  VSCREEN_RealTime.o [1]
  .rodata             const    0x0001fa50      0x8  VSCREEN_RealTime.o [1]
  .rodata             const    0x0001fa58      0x8  VSCREEN_RealTime.o [1]
  .rodata             const    0x0001fa60      0x8  VSCREEN_RealTime.o [1]
  .rodata             const    0x0001fa68      0x8  VSCREEN_RealTime.o [1]
  .rodata             const    0x0001fa70      0x8  VSCREEN_RealTime.o [1]
  .rodata             const    0x0001fa78      0x8  VSCREEN_RealTime.o [1]
  .rodata             const    0x0001fa80      0x8  VSCREEN_RealTime.o [1]
  .rodata             const    0x0001fa88      0x4  em_i2c.o [1]
  .rodata             const    0x0001fa8c      0x4  VSCREEN_RealTime.o [1]
  .text               ro code  0x0001fa90      0x4  startup_efm32gg.o [1]
  .text               ro code  0x0001fa94      0x4  startup_efm32gg.o [1]
  .text               ro code  0x0001fa98      0x4  startup_efm32gg.o [1]
  .text               ro code  0x0001fa9c      0x4  startup_efm32gg.o [1]
  .text               ro code  0x0001faa0      0x4  startup_efm32gg.o [1]
  .text               ro code  0x0001faa4      0x4  startup_efm32gg.o [1]
  .text               ro code  0x0001faa8      0x4  startup_efm32gg.o [1]
  .text               ro code  0x0001faac      0x4  startup_efm32gg.o [1]
  .text               ro code  0x0001fab0      0x4  startup_efm32gg.o [1]
  .text               ro code  0x0001fab4      0x4  startup_efm32gg.o [1]
  .text               ro code  0x0001fab8      0x4  startup_efm32gg.o [1]
  .text               ro code  0x0001fabc      0x4  startup_efm32gg.o [1]
  .text               ro code  0x0001fac0      0x4  startup_efm32gg.o [1]
  .text               ro code  0x0001fac4      0x4  startup_efm32gg.o [1]
  .text               ro code  0x0001fac8      0x4  startup_efm32gg.o [1]
  .text               ro code  0x0001facc      0x4  startup_efm32gg.o [1]
  .text               ro code  0x0001fad0      0x4  startup_efm32gg.o [1]
  .text               ro code  0x0001fad4      0x4  startup_efm32gg.o [1]
  .text               ro code  0x0001fad8      0x4  startup_efm32gg.o [1]
  .text               ro code  0x0001fadc      0x4  startup_efm32gg.o [1]
  .text               ro code  0x0001fae0      0x4  startup_efm32gg.o [1]
  .text               ro code  0x0001fae4      0x4  startup_efm32gg.o [1]
  .text               ro code  0x0001fae8      0x4  startup_efm32gg.o [1]
  .text               ro code  0x0001faec      0x4  startup_efm32gg.o [1]
  .text               ro code  0x0001faf0      0x4  startup_efm32gg.o [1]
  .text               ro code  0x0001faf4      0x4  startup_efm32gg.o [1]
  .text               ro code  0x0001faf8      0x4  startup_efm32gg.o [1]
  .text               ro code  0x0001fafc      0x4  startup_efm32gg.o [1]
  .text               ro code  0x0001fb00      0x4  startup_efm32gg.o [1]
  .text               ro code  0x0001fb04      0x4  startup_efm32gg.o [1]
  .text               ro code  0x0001fb08      0x4  startup_efm32gg.o [1]
  .text               ro code  0x0001fb0c      0x4  startup_efm32gg.o [1]
  .text               ro code  0x0001fb10      0x4  startup_efm32gg.o [1]
  .text               ro code  0x0001fb14      0x4  startup_efm32gg.o [1]
  .text               ro code  0x0001fb18      0x4  startup_efm32gg.o [1]
  .text               ro code  0x0001fb1c      0x4  startup_efm32gg.o [1]
  .text               ro code  0x0001fb20      0x4  startup_efm32gg.o [1]
  .text               ro code  0x0001fb24      0x4  startup_efm32gg.o [1]
  .text               ro code  0x0001fb28      0x4  startup_efm32gg.o [1]
  .text               ro code  0x0001fb2c      0x4  startup_efm32gg.o [1]
  .text               ro code  0x0001fb30      0x4  startup_efm32gg.o [1]
  .text               ro code  0x0001fb34      0x4  startup_efm32gg.o [1]
  .text               ro code  0x0001fb38      0x4  startup_efm32gg.o [1]
  .text               ro code  0x0001fb3c      0x4  startup_efm32gg.o [1]
  .text               ro code  0x0001fb40      0x4  startup_efm32gg.o [1]
  .rodata             const    0x0001fb44      0x0  zero_init3.o [5]
  .rodata             const    0x0001fb44      0x0  lz77_init_single.o [5]
  Initializer bytes   const    0x0001fb44    0x2e1  <for P2-1>
                             - 0x0001fe25  0x1fd49

"P2", part 1 of 3:                           0x680
  P2-1                         0x20000000    0x680  <Init block>
    .data             inited   0x20000000      0x4  LCDConf.o [1]
    .data             inited   0x20000004      0x4  system_efm32gg.o [1]
    .data             inited   0x20000008      0x4  system_efm32gg.o [1]
    .data             inited   0x2000000c     0x1c  touch.o [1]
    .data             inited   0x20000028     0x18  VSCREEN_RealTime.o [1]
    .data             inited   0x20000040      0x4  VSCREEN_RealTime.o [1]
    .data             inited   0x20000044      0x4  VSCREEN_RealTime.o [1]
    .data             inited   0x20000048      0x4  VSCREEN_RealTime.o [1]
    .data             inited   0x2000004c      0x4  VSCREEN_RealTime.o [1]
    .data             inited   0x20000050      0x4  VSCREEN_RealTime.o [1]
    .data             inited   0x20000054      0x4  VSCREEN_RealTime.o [1]
    .data             inited   0x20000058      0x4  VSCREEN_RealTime.o [1]
    .data             inited   0x2000005c      0x4  VSCREEN_RealTime.o [1]
    .data             inited   0x20000060     0x5c  GUI_PID.o [4]
    .data             inited   0x200000bc     0x2c  GUI_Core.o [4]
    .data             inited   0x200000e8      0x4  GUI_Core.o [4]
    .data             inited   0x200000ec     0x3c  DROPDOWN.o [4]
    .data             inited   0x20000128     0x24  EDIT.o [4]
    .data             inited   0x2000014c     0x1c  PROGBAR.o [4]
    .data             inited   0x20000168     0x1c  SLIDER.o [4]
    .data             inited   0x20000184     0x14  WIDGET_Effect_3D.o [4]
    .data             inited   0x20000198      0x4  WINDOW.o [4]
    .data             inited   0x2000019c      0x8  GUI_WaitEvent.o [4]
    .data             inited   0x200001a4     0x38  WM_Touch.o [4]
    .data             inited   0x200001dc     0x68  GUI_OnKey.o [4]
    .data             inited   0x20000244      0x4  LCD.o [4]
    .data             inited   0x20000248     0x10  LCD_Color.o [4]
    .data             inited   0x20000258     0x34  BUTTON.o [4]
    .data             inited   0x2000028c      0x8  BUTTON.o [4]
    .data             inited   0x20000294     0x2c  DROPDOWN_SkinFlex.o [4]
    .data             inited   0x200002c0     0x2c  DROPDOWN_SkinFlex.o [4]
    .data             inited   0x200002ec     0x2c  DROPDOWN_SkinFlex.o [4]
    .data             inited   0x20000318     0x2c  DROPDOWN_SkinFlex.o [4]
    .data             inited   0x20000344      0xc  DROPDOWN_Skin.o [4]
    .data             inited   0x20000350     0x38  LISTBOX.o [4]
    .data             inited   0x20000388      0x4  WIDGET.o [4]
    .data             inited   0x2000038c      0x4  GUI__GetCursorPos.o [4]
    .data             inited   0x20000390      0x4  GUI__GetCursorPos.o [4]
    .data             inited   0x20000394      0x4  GUI__GetCursorPos.o [4]
    .data             inited   0x20000398     0x2c  FRAMEWIN.o [4]
    .data             inited   0x200003c4      0x4  LCD_AA.o [4]
    .data             inited   0x200003c8     0x28  PROGBAR_SkinFlex.o [4]
    .data             inited   0x200003f0      0xc  PROGBAR_Skin.o [4]
    .data             inited   0x200003fc     0x58  SLIDER_SkinFlex.o [4]
    .data             inited   0x20000454      0xc  SLIDER_Skin.o [4]
    .data             inited   0x20000460     0x10  TEXT.o [4]
    .data             inited   0x20000470     0x20  BUTTON_SkinFlex.o [4]
    .data             inited   0x20000490     0x20  BUTTON_SkinFlex.o [4]
    .data             inited   0x200004b0     0x20  BUTTON_SkinFlex.o [4]
    .data             inited   0x200004d0     0x20  BUTTON_SkinFlex.o [4]
    .data             inited   0x200004f0      0xc  BUTTON_Skin.o [4]
    .data             inited   0x200004fc      0x4  GUI_CharLine.o [4]
    .data             inited   0x20000500     0x58  FRAMEWIN_SkinFlex.o [4]
    .data             inited   0x20000558     0x14  FRAMEWIN_Skin.o [4]
    .data             inited   0x2000056c     0x18  SCROLLBAR.o [4]
    .data             inited   0x20000584      0x8  GUI__Wrap.o [4]
    .data             inited   0x2000058c     0x58  SCROLLBAR_SkinFlex.o [4]
    .data             inited   0x200005e4      0xc  SCROLLBAR_Skin.o [4]
    __DLIB_PERTHREAD  inited   0x200005f0     0x8c  rand.o [3]
    .data             inited   0x2000067c      0x2  SCROLLBAR.o [4]
    .data             inited   0x2000067e      0x1  tftdirect.o [1]
    .data             inited   0x2000067f      0x1  GUIDEV_StaticDevices.o [4]
                             - 0x20000680    0x680

"P2", part 2 of 3:                          0x1000
  CSTACK                       0x20000680   0x1000  <Block>
    CSTACK            uninit   0x20000680   0x1000  <Block tail>
                             - 0x20001680   0x1000

"P2", part 3 of 3:                          0x27cc
  .bss                zero     0x20001680   0x2000  GUIConf.o [1]
  .bss                zero     0x20003680    0x22c  VSCREEN_RealTime.o [1]
  .bss                zero     0x200038ac    0x22c  VSCREEN_RealTime.o [1]
  .bss                zero     0x20003ad8     0xc0  GUI_Alloc.o [4]
  .bss                zero     0x20003b98     0x6c  GUI_Core.o [4]
  .bss                zero     0x20003c04     0x64  WM.o [4]
  .bss                zero     0x20003c68     0x20  GUI_MULTIBUF.o [4]
  .bss                zero     0x20003c88     0x20  GUI_Curs1.o [4]
  .bss                zero     0x20003ca8     0x1c  GUI__Alpha.o [4]
  .bss                zero     0x20003cc4     0x1c  GUI_FillPolygon.o [4]
  .bss                zero     0x20003ce0     0x18  em_i2c.o [1]
  .bss                zero     0x20003cf8     0x18  VSCREEN_RealTime.o [1]
  .bss                zero     0x20003d10     0x14  GUI__ManageCache.o [4]
  .bss                zero     0x20003d24     0x14  GUI_Timer.o [4]
  .bss                zero     0x20003d38     0x10  GUI_TOUCH.o [4]
  .bss                zero     0x20003d48      0xc  LCDConf.o [1]
  .bss                zero     0x20003d54      0xc  touch.o [1]
  .bss                zero     0x20003d60      0xc  touch.o [1]
  .bss                zero     0x20003d6c      0xc  touch.o [1]
  .bss                zero     0x20003d78      0xc  touch.o [1]
  .bss                zero     0x20003d84      0xc  GUI_Alloc.o [4]
  .bss                zero     0x20003d90      0xc  WM_PID__GetPrevState.o [4]
  .bss                zero     0x20003d9c      0x8  LCD_GetEx.o [4]
  .bss                zero     0x20003da4      0x8  GUICC_M565.o [4]
  .bss                zero     0x20003dac      0x4  bsp_dk_3201.o [1]
  .bss                zero     0x20003db0      0x4  bsp_dk_3201.o [1]
  .bss                zero     0x20003db4      0x4  dmd_ssd2119_direct.o [1]
  .bss                zero     0x20003db8      0x4  dmd_ssd2119_direct.o [1]
  .bss                zero     0x20003dbc      0x4  em_emu.o [1]
  .bss                zero     0x20003dc0      0x4  GUI_X.o [1]
  .bss                zero     0x20003dc4      0x4  GUI_X.o [1]
  .bss                zero     0x20003dc8      0x4  GUI_X.o [1]
  .bss                zero     0x20003dcc      0x4  GUI_X.o [1]
  .bss                zero     0x20003dd0      0x4  LCDConf.o [1]
  .bss                zero     0x20003dd4      0x4  LCDConf.o [1]
  .bss                zero     0x20003dd8      0x4  LCDConf.o [1]
  .bss                zero     0x20003ddc      0x4  system_efm32gg.o [1]
  .bss                zero     0x20003de0      0x4  touch.o [1]
  .bss                zero     0x20003de4      0x4  touch.o [1]
  .bss                zero     0x20003de8      0x4  VSCREEN_RealTime.o [1]
  .bss                zero     0x20003dec      0x4  VSCREEN_RealTime.o [1]
  .bss                zero     0x20003df0      0x4  VSCREEN_RealTime.o [1]
  .bss                zero     0x20003df4      0x4  VSCREEN_RealTime.o [1]
  .bss                zero     0x20003df8      0x4  VSCREEN_RealTime.o [1]
  .bss                zero     0x20003dfc      0x4  WM.o [4]
  .bss                zero     0x20003e00      0x4  GUI_Core.o [4]
  .bss                zero     0x20003e04      0x4  GUI_Core.o [4]
  .bss                zero     0x20003e08      0x4  GUI_Core.o [4]
  .bss                zero     0x20003e0c      0x4  GUI_Core.o [4]
  .bss                zero     0x20003e10      0x4  GUI_Core.o [4]
  .bss                zero     0x20003e14      0x4  GUI_Core.o [4]
  .bss                zero     0x20003e18      0x4  GUI_WaitEvent.o [4]
  .bss                zero     0x20003e1c      0x4  GUIDEV_Banding.o [4]
  .bss                zero     0x20003e20      0x4  WM__SendMessage.o [4]
  .bss                zero     0x20003e24      0x4  GUI__BiDiRouting.o [4]
  .bss                zero     0x20003e28      0x4  GUI__BiDiRouting.o [4]
  .bss                zero     0x20003e2c      0x4  GUI_SelectLayer.o [4]
  .bss                zero     0x20003e30      0x4  GUI__Alpha.o [4]
  .bss                zero     0x20003e34      0x4  WIDGET_Effect_Simple.o [4]
  .bss                zero     0x20003e38      0x4  WM_SetCaptureMove.o [4]
  .bss                zero     0x20003e3c      0x2  bsp_dk_3201.o [1]
  .bss                zero     0x20003e3e      0x2  GUI_Core.o [4]
  .bss                zero     0x20003e40      0x2  GUI_Core.o [4]
  .bss                zero     0x20003e42      0x1  bsp_dk_3201.o [1]
  .bss                zero     0x20003e43      0x1  em_emu.o [1]
  .bss                zero     0x20003e44      0x1  GUI_X.o [1]
  .bss                zero     0x20003e45      0x1  touch.o [1]
  .bss                zero     0x20003e46      0x1  VSCREEN_RealTime.o [1]
  .bss                zero     0x20003e47      0x1  WM.o [4]
  .bss                zero     0x20003e48      0x1  GUI_Core.o [4]
  .bss                zero     0x20003e49      0x1  GUI_Core.o [4]
                             - 0x20003e4a   0x27ca


*******************************************************************************
*** INIT TABLE
***

          Address     Size
          -------     ----
Zero (__iar_zero_init3)
    1 destination range, total size 0x27ca:
          0x20001680  0x27ca

Copy/lz77 (__iar_lz77_init_single3)
    1 source range, total size 0x2e1 (44% of destination):
          0x0001fb44   0x2e1
    1 destination range, total size 0x680:
          0x20000000   0x680



*******************************************************************************
*** MODULE SUMMARY
***

    Module                         ro code  ro data  rw data
    ------                         -------  -------  -------
D:\jenkins-slave\workspaces\Executor-0\super\app\mcu_example\EFM32GG_DK3750\realtime\iar\realtime\Debug\Obj: [1]
    GUIConf.o                           36             8 192
    GUI_X.o                            842                17
    LCDConf.o                          744       85       28
    VSCREEN_RealTime.o               3 050    6 210    1 213
    bsp_dk_3201.o                    2 872      240       11
    bsp_trace.o                        280
    calibrate.o                        404
    dmd_ssd2119_direct.o               248                 8
    eeprom.o                           356
    em_adc.o                           548       76
    em_assert.o                          2
    em_cmu.o                         2 872      208
    em_ebi.o                         2 852       76
    em_emu.o                           464                 5
    em_gpio.o                          688      212
    em_i2c.o                         1 308       80       24
    em_rtc.o                           192       76
    em_usart.o                         404       76
    i2cspm.o                           588      220
    startup_efm32gg.o                  416
    system_efm32gg.o                   312        4       12
    tftdirect.o                        236                 1
    tftspi.o                           564      160
    touch.o                          1 720      180       85
    --------------------------------------------------------
    Total:                          21 998    7 903    9 596

command line: [2]
    --------------------------------------------------------
    Total:

dl7M_tln.a: [3]
    abs.o                                8
    exit.o                               4
    low_level_init.o                     4
    rand.o                             224       62      140
    xtls.o                               2
    --------------------------------------------------------
    Total:                             242       62      140

emwin_IAR_CM3.a: [4]
    BUTTON.o                           582       27       60
    BUTTON_CreateIndirect.o             68
    BUTTON_Skin.o                      170        6       12
    BUTTON_SkinFlex.o                  636       56      128
    DIALOG.o                           304
    DROPDOWN.o                       1 512       27       60
    DROPDOWN_AddString.o                52
    DROPDOWN_CreateIndirect.o           56
    DROPDOWN_SetAutoScroll.o            64
    DROPDOWN_Skin.o                    148        5       12
    DROPDOWN_SkinFlex.o                632       78      176
    EDIT.o                           2 352       16       36
    EDITDec.o                        1 096
    EDIT_CreateIndirect.o               74
    F13B_ASCII.o                              2 496
    F13_1.o                                   2 436
    F13_ASCII.o                               2 328
    F16_1.o                                   2 880
    F16_ASCII.o                               2 684
    F24_ASCII.o                               4 792
    F6x8.o                                    1 816
    FRAMEWIN.o                       1 706       19       44
    FRAMEWIN_CreateIndirect.o           64
    FRAMEWIN_Get.o                      34
    FRAMEWIN_Skin.o                    356        9       20
    FRAMEWIN_SkinFlex.o                880       39       88
    GUICC_0.o                          184       24
    GUICC_8888.o                        40       24
    GUICC_8888_Index2Color.o             2
    GUICC_888_Index2Color.o              2
    GUICC_M565.o                       232       24        8
    GUIDEV.o                           768
    GUIDEV_16.o                      2 456
    GUIDEV_32.o                      2 472
    GUIDEV_Banding.o                   334                 4
    GUIDEV_Clear.o                      60
    GUIDEV_GetDataPtr.o                 28
    GUIDEV_GetYSize.o                   40
    GUIDEV_ReduceYSize.o                48
    GUIDEV_SetOrg.o                    108
    GUIDEV_StaticDevices.o             356        1        1
    GUIDEV_Usage.o                      78
    GUIDEV_UsageBM.o                   436
    GUIDEV_Write.o                      98
    GUIDEV_WriteToActiveAlpha.o        380
    GUIDEV_WriteToActiveOpaque.o     1 896
    GUIDRV_Lin_16.o                  3 496       52
    GUI_2DLib.o                        136
    GUI_ALLOC_AllocInit.o               60
    GUI_ALLOC_AllocZero.o               36
    GUI_ARRAY.o                        346
    GUI_AddDecMin.o                     28
    GUI_AddDecShift.o                  264
    GUI_Alloc.o                      1 972               204
    GUI_CalcColorDist.o                 62
    GUI_Char.o                          80
    GUI_CharLine.o                     432        1        4
    GUI_CharM.o                        388
    GUI_CharP.o                        306
    GUI_Circ.o                         196
    GUI_ClearRectEx.o                   20
    GUI_Core.o                         396       21      186
    GUI_Curs1.o                        396                32
    GUI_CursorArrowM.o                           32
    GUI_CursorArrowMPx.o                         60
    GUI_CursorCrossM.o                           32
    GUI_CursorCrossMPx.o                        128
    GUI_CursorPal.o                              24
    GUI_DRAW.o                          46
    GUI_Device.o                       312
    GUI_DispString.o                   256
    GUI_DispStringAt.o                  16
    GUI_DispStringHCenter.o             52
    GUI_DispStringInRect.o             404
    GUI_DispStringInRectWrap.o         332
    GUI_DrawBitmap.o                   236
    GUI_DrawFocusRect.o                156
    GUI_DrawGradient.o                 596
    GUI_DrawGraph.o                    228
    GUI_DrawHLine.o                     76
    GUI_DrawLine.o                   1 228
    GUI_DrawPixel.o                     72
    GUI_DrawPoint.o                     32
    GUI_DrawVLine.o                     68
    GUI_Exec.o                          64
    GUI_FillPolygon.o                  464                28
    GUI_FillRect.o                      72
    GUI_FillRectEx.o                    20
    GUI_GetBitmapPixelIndex.o          172
    GUI_GetClientRect.o                 10
    GUI_GetColor.o                      22
    GUI_GetFontSizeY.o                   4
    GUI_GetOrg.o                        32
    GUI_GetStringDistX.o                20
    GUI_GetYSizeOfFont.o                12
    GUI_Goto.o                          16
    GUI_InvertRect.o                    96
    GUI_MULTIBUF.o                     164                32
    GUI_MergeRect.o                     88
    GUI_MoveRect.o                      28
    GUI_OnKey.o                         84       46      104
    GUI_PID.o                          268       41       92
    GUI_Pen.o                           16
    GUI_Realloc.o                       86
    GUI_RectsIntersect.o                56
    GUI_SPRITE.o                     7 288
    GUI_SaveContext.o                   32
    GUI_SelectLCD.o                     18
    GUI_SelectLayer.o                   84                 4
    GUI_SetAlpha.o                      36
    GUI_SetColor.o                       8
    GUI_SetDefault.o                    68
    GUI_SetDrawMode.o                    4
    GUI_SetFont.o                       20
    GUI_SetLineStyle.o                  16
    GUI_SetOrg.o                        48
    GUI_SetTextAlign.o                  20
    GUI_SetTextMode.o                   20
    GUI_TOUCH.o                         72                16
    GUI_Time.o                          46
    GUI_Timer.o                        828                20
    GUI_UC.o                           140
    GUI_UC_EncodeNone.o                 36
    GUI_Val.o                           98
    GUI_WaitEvent.o                     76        4       12
    GUI__Alpha.o                       800                32
    GUI__BiDiRouting.o                                     8
    GUI__CalcTextRect.o                150
    GUI__CompactPixelIndices.o         660
    GUI__DivTbl_255_31.o                        256
    GUI__DivTbl_255_63.o                        256
    GUI__DivTbl_31_255.o                         32
    GUI__DivTbl_63_255.o                         64
    GUI__DivideRound32.o                24
    GUI__DrawTwinArc.o               1 102
    GUI__ExpandPixelIndices.o          322
    GUI__GetCursorPos.o                188        5       12
    GUI__GetFontSizeY.o                 20
    GUI__GetNumChars.o                  26
    GUI__HandleEOLine.o                 22
    GUI__IntersectRect.o                64
    GUI__IntersectRects.o               98
    GUI__ManageCache.o                 220                20
    GUI__ReduceRect.o                   26
    GUI__SetText.o                     110
    GUI__Wrap.o                        308        3        8
    GUI__memset.o                       78
    GUI__memset16.o                     60
    GUI__sqrt32.o                       26
    GUI__strcmp.o                       72
    GUI__strlen.o                       20
    LCD.o                            1 760       14        4
    LCD_AA.o                            16        2        4
    LCD_Color.o                        264        7       16
    LCD_GetColorIndex.o                 24
    LCD_GetEx.o                        416                 8
    LCD_GetNumDisplays.o                18
    LCD_Mirror.o                                256
    LCD_ReadRect.o                     488
    LCD_SelectLCD.o                     68
    LCD_Set.o                          324
    LCD_SetClipRectEx.o                 52
    LCD_UpdateColorIndices.o            36
    LISTBOX.o                        4 678       25       56
    LISTBOX_AddStringH.o               178
    LISTBOX_Create.o                    38
    LISTBOX_Font.o                      42
    LISTBOX_ItemDisabled.o              90
    LISTBOX_ItemSpacing.o               36
    LISTBOX_SetAutoScroll.o             74
    LISTBOX_SetBkColor.o                42
    LISTBOX_SetOwner.o                  32
    LISTBOX_SetScrollbarColor.o         56
    LISTBOX_SetScrollbarWidth.o         50
    LISTBOX_SetTextAlign.o              32
    LISTBOX_SetTextColor.o              48
    PROGBAR.o                          904       12       28
    PROGBAR_CreateIndirect.o            56
    PROGBAR_SetText.o                  178
    PROGBAR_Skin.o                     356        5       12
    PROGBAR_SkinFlex.o                 360       18       40
    SCROLLBAR.o                      1 522       12       26
    SCROLLBAR_Create.o                  54
    SCROLLBAR_Defaults.o                16
    SCROLLBAR_SetColor.o                50
    SCROLLBAR_SetWidth.o                24
    SCROLLBAR_Skin.o                   600        6       12
    SCROLLBAR_SkinFlex.o             1 050       39       88
    SLIDER.o                           736       12       28
    SLIDER_CreateIndirect.o             56
    SLIDER_Skin.o                      486        6       12
    SLIDER_SkinFlex.o                1 056       39       88
    TEXT.o                             332        7       16
    TEXT_CreateIndirect.o               60
    TEXT_SetFont.o                      38
    TEXT_SetText.o                      76
    TEXT_SetTextAlign.o                 32
    TEXT_SetTextColor.o                 38
    WIDGET.o                           940        2        4
    WIDGET_Effect_3D.o                 300       37       20
    WIDGET_Effect_None.o                10       28
    WIDGET_Effect_Simple.o             100       28        4
    WIDGET_FillStringInRect.o          260
    WIDGET_SetEffect.o                  26
    WIDGET_SetWidth.o                   48
    WINDOW.o                           428        2        4
    WM.o                             4 932               105
    WM_BringToBottom.o                 132
    WM_BringToTop.o                    120
    WM_CheckScrollPos.o                 66
    WM_CriticalHandle.o                 48
    WM_EnableWindow.o                   76
    WM_ForEachDesc.o                     4
    WM_GetClientRect.o                  80
    WM_GetClientWindow.o                24
    WM_GetDesktopWindow.o               12
    WM_GetDialogItem.o                  80
    WM_GetFirstChild.o                  14
    WM_GetFlags.o                       20
    WM_GetFocussedWindow.o              12
    WM_GetId.o                          32
    WM_GetInsideRect.o                  48
    WM_GetInsideRectExScrollbar.o      168
    WM_GetNextSibling.o                 14
    WM_GetOrg.o                         26
    WM_GetParent.o                      14
    WM_GetScrollPartner.o               40
    WM_GetScrollState.o                 20
    WM_GetScrollbar.o                  102
    WM_GetWindowRect.o                  34
    WM_GetWindowSize.o                  92
    WM_HasCaptured.o                    20
    WM_HasFocus.o                       20
    WM_Hide.o                           44
    WM_IsFocussable.o                   48
    WM_IsWindow.o                        4
    WM_MemDev.o                         24
    WM_Move.o                          274
    WM_NotifyParent.o                   20
    WM_OnKey.o                          48
    WM_PID__GetPrevState.o              24                12
    WM_ResizeWindow.o                  244
    WM_Screen2Win.o                    148
    WM_SendMessageNoPara.o               4
    WM_SendToParent.o                   28
    WM_SetCallback.o                    38
    WM_SetCapture.o                     76
    WM_SetCaptureMove.o                146                 4
    WM_SetCreateFlags.o                 16
    WM_SetDesktopColor.o                44
    WM_SetFocus.o                      148
    WM_SetFocusOnNextChild.o           114
    WM_SetFocusOnPrevChild.o            94
    WM_SetScrollState.o                 26
    WM_SetScrollbar.o                   94
    WM_SetSize.o                        70
    WM_SetTrans.o                       94
    WM_SetUserClipRect.o                24
    WM_SetXSize.o                       64
    WM_SetYSize.o                       68
    WM_Show.o                           82
    WM_Timer.o                         316
    WM_Touch.o                         852       24       56
    WM_ValidateWindow.o                 48
    WM__ForEachDesc.o                   44
    WM__GetFirstSibling.o               16
    WM__GetFocussedChild.o              28
    WM__GetLastSibling.o                26
    WM__GetPrevSibling.o                34
    WM__IsAncestor.o                    80
    WM__IsChild.o                       34
    WM__IsEnabled.o                     22
    WM__Screen2Client.o                 20
    WM__SendMessage.o                   64                 4
    WM__SendMessageIfEnabled.o          26
    WM__SendMessageNoPara.o             44
    WM__UpdateChildPositions.o         204
    --------------------------------------------------------
    Total:                          77 946   21 425    2 114

rt7M_tl.a: [5]
    ABImemclr.o                          6
    ABImemclr4.o                         6
    ABImemcpy_unaligned.o              118
    ABImemmove_unaligned.o             120
    ABImemset.o                        102
    ABImemset48.o                       50
    XXexit.o                            12
    cexit.o                             10
    cmain.o                             26
    cstartup_M.o                        12
    data_init.o                         40
    lz77_init_single.o                 120
    memcmp_unaligned.o                  98
    strcpy_unaligned.o                  68
    strlen.o                            54
    zero_init3.o                        64
    --------------------------------------------------------
    Total:                             906

    Gaps                                79        4
    Linker created                               32    4 096
------------------------------------------------------------
    Grand Total:                   101 171   29 426   15 946


*******************************************************************************
*** ENTRY LIST
***

Entry                      Address    Size  Type      Object
-----                      -------    ----  ----      ------
.iar.init_table$$Base   0x0001f71c           --   Gb  - Linker created -
.iar.init_table$$Limit  0x0001f73c           --   Gb  - Linker created -
?main                   0x0001f80d          Code  Gb  cmain.o [5]
ADC0_IRQHandler         0x0000926f   0x246  Code  Gb  touch.o [1]
ADC_DataSingleGet       0x00008f8d     0x4  Code  Lc  touch.o [1]
ADC_Init                0x0000ae43    0x96  Code  Gb  em_adc.o [1]
ADC_InitSingle          0x0000aed9    0x6e  Code  Gb  em_adc.o [1]
ADC_IntClear            0x00008f91     0x4  Code  Lc  touch.o [1]
ADC_IntDisable          0x00008f95     0x8  Code  Lc  touch.o [1]
ADC_IntEnable           0x00008f9d     0x8  Code  Lc  touch.o [1]
ADC_LoadDevinfoCal      0x0000ad8d    0xb6  Code  Lc  em_adc.o [1]
ADC_PrescaleCalc        0x0000af47    0x40  Code  Gb  em_adc.o [1]
ADC_Start               0x00008fa5     0x6  Code  Lc  touch.o [1]
API                     0x00003930    0x18  Data  Lc  GUIDEV_UsageBM.o [4]
BSP_BusControlModeSet   0x00006d77    0x9c  Code  Gb  bsp_dk_3201.o [1]
BSP_DisplayControl      0x00006e13    0xfc  Code  Gb  bsp_dk_3201.o [1]
BSP_EbiExtendedAddressRange
                        0x00006f0f    0x24  Code  Gb  bsp_dk_3201.o [1]
BSP_Init                0x00006d1d    0x5a  Code  Gb  bsp_dk_3201.o [1]
BSP_JoystickGet         0x00006f33    0x12  Code  Gb  bsp_dk_3201.o [1]
BSP_PeripheralAccess    0x00006f45   0x236  Code  Gb  bsp_dk_3201.o [1]
BSP_RegisterRead        0x0000717b    0x1a  Code  Gb  bsp_dk_3201.o [1]
BSP_RegisterWrite       0x00007195    0x22  Code  Gb  bsp_dk_3201.o [1]
BSP_TraceProfilerSetup  0x00007801    0x18  Code  Gb  bsp_trace.o [1]
BSP_TraceSwoSetup       0x00007701    0xac  Code  Gb  bsp_trace.o [1]
BUS_RegBitRead          0x00007827    0x10  Code  Lc  em_cmu.o [1]
BUS_RegBitRead          0x00008fab    0x10  Code  Lc  touch.o [1]
BUS_RegBitWrite         0x00007819     0xe  Code  Lc  em_cmu.o [1]
BUS_RegBitWrite         0x00008359     0xe  Code  Lc  em_ebi.o [1]
BUS_RegBitWrite         0x0000b221     0xe  Code  Lc  em_i2c.o [1]
BUS_RegBitWrite         0x00009951     0xe  Code  Lc  em_rtc.o [1]
BUS_RegMaskedWrite      0x0000b22f     0xa  Code  Lc  em_i2c.o [1]
BUS_RegMaskedWrite      0x0000a47d     0xa  Code  Lc  em_usart.o [1]
BUTTON_Callback         0x0001ce7d    0xf2  Code  Gb  BUTTON.o [4]
BUTTON_CreateIndirect   0x0001f2df    0x44  Code  Gb  BUTTON_CreateIndirect.o [4]
BUTTON_CreateUser       0x0001cf6f     0xa  Code  Gb  BUTTON.o [4]
BUTTON_DrawSkinFlex     0x0001c661   0x26c  Code  Gb  BUTTON_SkinFlex.o [4]
BUTTON_SetText          0x0001cfd5    0x4e  Code  Gb  BUTTON.o [4]
BUTTON__DefaultProps    0x20000258    0x30  Data  Gb  BUTTON.o [4]
BUTTON__Skin            0x200004f0     0xc  Data  Gb  BUTTON_Skin.o [4]
BUTTON__pSkinDefault    0x20000288     0x4  Data  Gb  BUTTON.o [4]
CMU_ClockEnable         0x00007bf3    0xa6  Code  Gb  em_cmu.o [1]
CMU_ClockFreqGet        0x00007cad   0x188  Code  Gb  em_cmu.o [1]
CMU_ClockSelectGet      0x00007e71   0x134  Code  Gb  em_cmu.o [1]
CMU_ClockSelectSet      0x00007fc9   0x292  Code  Gb  em_cmu.o [1]
CMU_DivToLog2           0x00007837    0x28  Code  Lc  em_cmu.o [1]
CMU_Lock                0x00009a19     0xa  Code  Lc  em_emu.o [1]
CMU_OscillatorEnable    0x00008279    0x9c  Code  Gb  em_cmu.o [1]
CMU_Unlock              0x00009a23     0xc  Code  Lc  em_emu.o [1]
CSTACK$$Base            0x20000680           --   Gb  - Linker created -
CSTACK$$Limit           0x20001680           --   Gb  - Linker created -
DMDIF_writeReg          0x0000a749    0x16  Code  Gb  dmd_ssd2119_direct.o [1]
DMD_init                0x0000a75f    0xbe  Code  Gb  dmd_ssd2119_direct.o [1]
DMD_selectFramebuffer   0x0000a81d    0x16  Code  Gb  dmd_ssd2119_direct.o [1]
DROPDOWN_AddKey         0x00013d55    0xc0  Code  Gb  DROPDOWN.o [4]
DROPDOWN_AddString      0x0001384d    0x34  Code  Gb  DROPDOWN_AddString.o [4]
DROPDOWN_Callback       0x00013909   0x178  Code  Gb  DROPDOWN.o [4]
DROPDOWN_Collapse       0x00013b15    0x2e  Code  Gb  DROPDOWN.o [4]
DROPDOWN_CreateIndirect
                        0x0001f50d    0x38  Code  Gb  DROPDOWN_CreateIndirect.o [4]
DROPDOWN_CreateUser     0x00013a81     0xc  Code  Gb  DROPDOWN.o [4]
DROPDOWN_DrawSkinFlex   0x0001ca5f   0x116  Code  Gb  DROPDOWN_SkinFlex.o [4]
DROPDOWN_Expand         0x00013b43   0x212  Code  Gb  DROPDOWN.o [4]
DROPDOWN_GetSel         0x00013e65    0x1c  Code  Gb  DROPDOWN.o [4]
DROPDOWN_SetAutoScroll  0x0001380d    0x40  Code  Gb  DROPDOWN_SetAutoScroll.o [4]
DROPDOWN_SetSel         0x00013e1b    0x4a  Code  Gb  DROPDOWN.o [4]
DROPDOWN__AdjustHeight(long)
                        0x000138c3    0x46  Code  Gb  DROPDOWN.o [4]
DROPDOWN__DefaultProps  0x200000ec    0x38  Data  Gb  DROPDOWN.o [4]
DROPDOWN__GetpItemLocked(long, int)
                        0x00013899    0x2a  Code  Gb  DROPDOWN.o [4]
DROPDOWN__Skin          0x20000344     0xc  Data  Gb  DROPDOWN_Skin.o [4]
DROPDOWN__pSkinDefault  0x20000124     0x4  Data  Gb  DROPDOWN.o [4]
EBI_BankAddress         0x00008567    0x82  Code  Gb  em_ebi.o [1]
EBI_BankAddressTimingConfig
                        0x00008be9    0x5a  Code  Gb  em_ebi.o [1]
EBI_BankAddressTimingSet
                        0x00008c43    0x86  Code  Gb  em_ebi.o [1]
EBI_BankPolaritySet     0x00008cd1   0x12a  Code  Gb  em_ebi.o [1]
EBI_BankReadTimingConfig
                        0x00008905    0xd8  Code  Gb  em_ebi.o [1]
EBI_BankReadTimingSet   0x000089dd    0xc6  Code  Gb  em_ebi.o [1]
EBI_BankWriteTimingConfig
                        0x00008aa3    0x9e  Code  Gb  em_ebi.o [1]
EBI_BankWriteTimingSet  0x00008b41    0xa8  Code  Gb  em_ebi.o [1]
EBI_ChipSelectEnable    0x000085e9    0x50  Code  Gb  em_ebi.o [1]
EBI_IRQHandler          0x00005da7    0x2c  Code  Gb  LCDConf.o [1]
EBI_Init                0x00008367   0x200  Code  Gb  em_ebi.o [1]
EBI_IntClear            0x00005c7b     0x6  Code  Lc  LCDConf.o [1]
EBI_IntDisable          0x00005c81     0xc  Code  Lc  LCDConf.o [1]
EBI_IntEnable           0x00005c8d     0xc  Code  Lc  LCDConf.o [1]
EBI_IntGet              0x00005c99     0x6  Code  Lc  LCDConf.o [1]
EBI_PolaritySet         0x00008639    0xea  Code  Gb  em_ebi.o [1]
EBI_TFTFrameBaseSet     0x00008351     0x8  Code  Lc  em_ebi.o [1]
EBI_TFTFrameBaseSet     0x00005c75     0x6  Code  Lc  LCDConf.o [1]
EBI_TFTHPorchSet        0x0000880b    0x4c  Code  Gb  em_ebi.o [1]
EBI_TFTInit             0x00008723    0xaa  Code  Gb  em_ebi.o [1]
EBI_TFTSizeSet          0x000087cd    0x3e  Code  Gb  em_ebi.o [1]
EBI_TFTTimingSet        0x000088a3    0x62  Code  Gb  em_ebi.o [1]
EBI_TFTVPorchSet        0x00008857    0x4c  Code  Gb  em_ebi.o [1]
EDIT_AddKey             0x000145e9   0x120  Code  Gb  EDIT.o [4]
EDIT_Callback           0x000143a1    0xea  Code  Gb  EDIT.o [4]
EDIT_CreateIndirect     0x0001f295    0x4a  Code  Gb  EDIT_CreateIndirect.o [4]
EDIT_CreateUser         0x0001448b    0x8c  Code  Gb  EDIT.o [4]
EDIT_GetValue           0x00014709    0x1a  Code  Gb  EDIT.o [4]
EDIT_SetCursorAtPixel   0x00014533    0xb6  Code  Gb  EDIT.o [4]
EDIT_SetDecMode         0x00013749    0xb2  Code  Gb  EDITDec.o [4]
EDIT_SetMaxLen          0x00014727    0x6a  Code  Gb  EDIT.o [4]
EDIT_SetTextAlign       0x00014791    0x20  Code  Gb  EDIT.o [4]
EDIT_SetValue           0x00014723     0x4  Code  Gb  EDIT.o [4]
EDIT__DefaultProps      0x20000128    0x24  Data  Gb  EDIT.o [4]
EDIT__GetCurrentChar(EDIT_Obj_struct *)
                        0x0001431f    0x2a  Code  Gb  EDIT.o [4]
EDIT__SetCursorPos(long, int)
                        0x00014349    0x58  Code  Gb  EDIT.o [4]
EEPROM_AckPoll          0x0000aa8d    0x42  Code  Lc  eeprom.o [1]
EEPROM_Read             0x0000aacf    0x72  Code  Gb  eeprom.o [1]
EEPROM_Write            0x0000ab41    0xb0  Code  Gb  eeprom.o [1]
EMU_EnterEM1            0x00005f5d    0x10  Code  Lc  GUI_X.o [1]
EMU_EnterEM2            0x00009b3b    0x6c  Code  Gb  em_emu.o [1]
EbiInit                 0x000071b7   0x30a  Code  Lc  bsp_dk_3201.o [1]
EnableVsyncInterrupt    0x00005dd3    0x22  Code  Gb  LCDConf.o [1]
FRAMEWIN_Callback       0x0001a341   0x2b4  Code  Gb  FRAMEWIN.o [4]
FRAMEWIN_CreateIndirect
                        0x0001f3a5    0x40  Code  Gb  FRAMEWIN_CreateIndirect.o [4]
FRAMEWIN_CreateUser     0x0001a5fb    0xc6  Code  Gb  FRAMEWIN.o [4]
FRAMEWIN_DrawSkinFlex   0x0001be9d   0x36a  Code  Gb  FRAMEWIN_SkinFlex.o [4]
FRAMEWIN_GetActive      0x0001c20d    0x22  Code  Gb  FRAMEWIN_Get.o [4]
FRAMEWIN_SetText        0x0001a6cd    0x42  Code  Gb  FRAMEWIN.o [4]
FRAMEWIN__CalcPositions(long, FRAMEWIN_POSITIONS *)
                        0x0001a267    0xda  Code  Gb  FRAMEWIN.o [4]
FRAMEWIN__CalcTitleHeight(FRAMEWIN_Obj *)
                        0x0001a1b5    0x20  Code  Gb  FRAMEWIN.o [4]
FRAMEWIN__DefaultProps  0x20000398    0x28  Data  Gb  FRAMEWIN.o [4]
FRAMEWIN__GetBorderSize(long, unsigned int)
                        0x0001a175    0x40  Code  Gb  FRAMEWIN.o [4]
FRAMEWIN__GetTitleLimits(long, int *, int *)
                        0x0001a1d5    0x92  Code  Gb  FRAMEWIN.o [4]
FRAMEWIN__Skin          0x20000560     0xc  Data  Gb  FRAMEWIN_Skin.o [4]
FRAMEWIN__cbClient(WM_MESSAGE *)
                        0x0001a09f    0xd0  Code  Lc  FRAMEWIN.o [4]
FRAMEWIN__pSkinDefault  0x200003c0     0x4  Data  Gb  FRAMEWIN.o [4]
GL_DrawBitmap           0x00012fad    0x8e  Code  Gb  GUI_DrawBitmap.o [4]
GL_DrawLine1Ex          0x0001a937   0x1be  Code  Gb  GUI_DrawLine.o [4]
GL_DrawLineEx           0x0001aafb   0x11e  Code  Gb  GUI_DrawLine.o [4]
GL_DrawPoint            0x0001aca9    0x1c  Code  Gb  GUI_DrawPoint.o [4]
GL_FillCircle           0x0001ae99    0xba  Code  Gb  GUI_Circ.o [4]
GL_FillPolygon          0x0001acc9   0x1c4  Code  Gb  GUI_FillPolygon.o [4]
GL_SetDefault           0x00006681     0x4  Code  Gb  GUI_SetDefault.o [4]
GPIO_PinInGet           0x00008fbb    0xac  Code  Lc  touch.o [1]
GPIO_PinModeSet         0x0000a321   0x14e  Code  Gb  em_gpio.o [1]
GPIO_PinOutClear        0x00006bc9    0xaa  Code  Lc  bsp_dk_3201.o [1]
GPIO_PinOutClear        0x0000a1cd    0xaa  Code  Lc  em_gpio.o [1]
GPIO_PinOutClear        0x0000a841    0xa6  Code  Lc  i2cspm.o [1]
GPIO_PinOutClear        0x0000afed    0xa6  Code  Lc  tftspi.o [1]
GPIO_PinOutSet          0x00006c73    0xaa  Code  Lc  bsp_dk_3201.o [1]
GPIO_PinOutSet          0x0000a277    0xaa  Code  Lc  em_gpio.o [1]
GPIO_PinOutSet          0x0000a8e7    0xa6  Code  Lc  i2cspm.o [1]
GPIO_PinOutSet          0x0000b093    0xa6  Code  Lc  tftspi.o [1]
GUIDRV_Lin_16_API       0x0001f61c    0x34  Data  Gb  GUIDRV_Lin_16.o [4]
GUIMONO_DispChar        0x0001d395   0x132  Code  Gb  GUI_CharM.o [4]
GUIMONO_GetCharDistX    0x0001d4c7    0x12  Code  Gb  GUI_CharM.o [4]
GUIMONO_GetFontInfo     0x0001d4dd     0x6  Code  Gb  GUI_CharM.o [4]
GUIMONO_IsInFont        0x0001d4e3    0x36  Code  Gb  GUI_CharM.o [4]
GUIPROP_DispChar        0x0001e1f9    0xce  Code  Gb  GUI_CharP.o [4]
GUIPROP_GetCharDistX    0x0001e2c7    0x3e  Code  Gb  GUI_CharP.o [4]
GUIPROP_GetFontInfo     0x0001e309     0x6  Code  Gb  GUI_CharP.o [4]
GUIPROP_IsInFont        0x0001e30f    0x1c  Code  Gb  GUI_CharP.o [4]
GUI_AA__ClipX0          0x20003e10     0x4  Data  Gb  GUI_Core.o [4]
GUI_ALLOC_AllocInit     0x0000e791    0x3c  Code  Gb  GUI_ALLOC_AllocInit.o [4]
GUI_ALLOC_AllocNoInit   0x00002433     0xa  Code  Gb  GUI_Alloc.o [4]
GUI_ALLOC_AllocZero     0x00003239    0x24  Code  Gb  GUI_ALLOC_AllocZero.o [4]
GUI_ALLOC_AssignMemory  0x000024f9     0xc  Code  Gb  GUI_Alloc.o [4]
GUI_ALLOC_Free          0x00002535    0x2c  Code  Gb  GUI_Alloc.o [4]
GUI_ALLOC_FreeFixedBlock
                        0x0000237b    0x10  Code  Gb  GUI_Alloc.o [4]
GUI_ALLOC_FreePtr       0x00002561    0x10  Code  Gb  GUI_Alloc.o [4]
GUI_ALLOC_FreePtrArray  0x00002571    0x3c  Code  Gb  GUI_Alloc.o [4]
GUI_ALLOC_GetFixedBlock
                        0x0000238b    0xa8  Code  Gb  GUI_Alloc.o [4]
GUI_ALLOC_GetMaxSize    0x00002499    0x3c  Code  Gb  GUI_Alloc.o [4]
GUI_ALLOC_GetSize       0x0000251d    0x18  Code  Gb  GUI_Alloc.o [4]
GUI_ALLOC_LockH         0x0000244d    0x22  Code  Gb  GUI_Alloc.o [4]
GUI_ALLOC_Realloc       0x0000e7cd    0x56  Code  Gb  GUI_Realloc.o [4]
GUI_ALLOC_RequestSize   0x000024d5    0x24  Code  Gb  GUI_Alloc.o [4]
GUI_ALLOC_SetAvBlockSize
                        0x00002505    0x18  Code  Gb  GUI_Alloc.o [4]
GUI_ALLOC_UnlockH       0x0000246f    0x2a  Code  Gb  GUI_Alloc.o [4]
GUI_ALLOC__Context      0x20003ad8    0xc0  Data  Gb  GUI_Alloc.o [4]
GUI_ALLOC_h2p           0x0000243d    0x10  Code  Gb  GUI_Alloc.o [4]
GUI_ARRAY_AddItem(long, void const *, int)
                        0x0000dc79    0x7c  Code  Gb  GUI_ARRAY.o [4]
GUI_ARRAY_Create()      0x0000dd8f     0x6  Code  Gb  GUI_ARRAY.o [4]
GUI_ARRAY_Delete(long)  0x0000dcf5    0x54  Code  Gb  GUI_ARRAY.o [4]
GUI_ARRAY_GetNumItems(long)
                        0x0000dc5f    0x1a  Code  Gb  GUI_ARRAY.o [4]
GUI_ARRAY_GethItem(long, unsigned int)
                        0x0000dd49    0x20  Code  Gb  GUI_ARRAY.o [4]
GUI_ARRAY_GetpItemLocked(long, unsigned int)
                        0x0000dd69    0x26  Code  Gb  GUI_ARRAY.o [4]
GUI_ARRAY__GethItem(GUI_ARRAY_OBJ const *, unsigned int)
                        0x0000dc3b    0x24  Code  Gb  GUI_ARRAY.o [4]
GUI_AddDecMin           0x00014b85    0x1c  Code  Gb  GUI_AddDecMin.o [4]
GUI_AddDecShift         0x00014acb    0x8e  Code  Gb  GUI_AddDecShift.o [4]
GUI_AddSign             0x00014ab5    0x16  Code  Gb  GUI_AddDecShift.o [4]
GUI_BitmapArrowM        0x0001f73c    0x14  Data  Gb  GUI_CursorArrowM.o [4]
GUI_BitmapCrossM        0x0001f75c    0x14  Data  Gb  GUI_CursorCrossM.o [4]
GUI_CURSOR_Select       0x00012813     0x8  Code  Gb  GUI_Curs1.o [4]
GUI_CURSOR_SelectEx     0x000126ef    0xa2  Code  Gb  GUI_Curs1.o [4]
GUI_CURSOR_SelectEx::RegisterExit
                        0x20003ca0     0x8  Data  Lc  GUI_Curs1.o [4]
GUI_CURSOR_SetPosition  0x00012823     0x8  Code  Gb  GUI_Curs1.o [4]
GUI_CURSOR_SetPositionEx
                        0x000127b5    0x5e  Code  Gb  GUI_Curs1.o [4]
GUI_CURSOR_Show         0x0001281b     0x8  Code  Gb  GUI_Curs1.o [4]
GUI_CURSOR_ShowEx       0x00012791    0x24  Code  Gb  GUI_Curs1.o [4]
GUI_CalcColorDist       0x0001e8f9    0x3e  Code  Gb  GUI_CalcColorDist.o [4]
GUI_CharInfo_Font16ASCII
[...]
acFont16ASCII_59        0x000160c8    0x10  Data  Lc  F16_ASCII.o [4]
acFont16ASCII_60        0x000160d8    0x10  Data  Lc  F16_ASCII.o [4]
acFont16ASCII_61        0x000160e8    0x10  Data  Lc  F16_ASCII.o [4]
acFont16ASCII_62        0x000160f8    0x10  Data  Lc  F16_ASCII.o [4]
acFont16ASCII_63        0x00016108    0x10  Data  Lc  F16_ASCII.o [4]
acFont16ASCII_64        0x00016118    0x20  Data  Lc  F16_ASCII.o [4]
acFont16ASCII_65        0x00016138    0x20  Data  Lc  F16_ASCII.o [4]
acFont16ASCII_66        0x00016158    0x20  Data  Lc  F16_ASCII.o [4]
acFont16ASCII_67        0x00016178    0x20  Data  Lc  F16_ASCII.o [4]
acFont16ASCII_68        0x00016198    0x20  Data  Lc  F16_ASCII.o [4]
acFont16ASCII_69        0x000161b8    0x20  Data  Lc  F16_ASCII.o [4]
acFont16ASCII_70        0x000161d8    0x10  Data  Lc  F16_ASCII.o [4]
acFont16ASCII_71        0x000161e8    0x20  Data  Lc  F16_ASCII.o [4]
acFont16ASCII_72        0x00016208    0x20  Data  Lc  F16_ASCII.o [4]
acFont16ASCII_73        0x00016228    0x10  Data  Lc  F16_ASCII.o [4]
acFont16ASCII_74        0x00016238    0x10  Data  Lc  F16_ASCII.o [4]
acFont16ASCII_75        0x00016248    0x20  Data  Lc  F16_ASCII.o [4]
acFont16ASCII_76        0x00016268    0x10  Data  Lc  F16_ASCII.o [4]
acFont16ASCII_77        0x00016278    0x20  Data  Lc  F16_ASCII.o [4]
acFont16ASCII_78        0x00016298    0x20  Data  Lc  F16_ASCII.o [4]
acFont16ASCII_79        0x000162b8    0x20  Data  Lc  F16_ASCII.o [4]
acFont16ASCII_80        0x000162d8    0x20  Data  Lc  F16_ASCII.o [4]
acFont16ASCII_81        0x000162f8    0x20  Data  Lc  F16_ASCII.o [4]
acFont16ASCII_82        0x00016318    0x20  Data  Lc  F16_ASCII.o [4]
acFont16ASCII_83        0x00016338    0x20  Data  Lc  F16_ASCII.o [4]
acFont16ASCII_84        0x00016358    0x10  Data  Lc  F16_ASCII.o [4]
acFont16ASCII_85        0x00016368    0x20  Data  Lc  F16_ASCII.o [4]
acFont16ASCII_86        0x00016388    0x20  Data  Lc  F16_ASCII.o [4]
acFont16ASCII_87        0x000163a8    0x20  Data  Lc  F16_ASCII.o [4]
acFont16ASCII_88        0x000163c8    0x10  Data  Lc  F16_ASCII.o [4]
acFont16ASCII_89        0x000163d8    0x20  Data  Lc  F16_ASCII.o [4]
acFont16ASCII_90        0x000163f8    0x10  Data  Lc  F16_ASCII.o [4]
acFont16ASCII_91        0x00016408    0x10  Data  Lc  F16_ASCII.o [4]
acFont16ASCII_92        0x00016418    0x10  Data  Lc  F16_ASCII.o [4]
acFont16ASCII_93        0x00016428    0x10  Data  Lc  F16_ASCII.o [4]
acFont16ASCII_94        0x00016438    0x10  Data  Lc  F16_ASCII.o [4]
acFont16ASCII_95        0x00016448    0x10  Data  Lc  F16_ASCII.o [4]
acFont16ASCII_96        0x00016458    0x10  Data  Lc  F16_ASCII.o [4]
acFont16ASCII_97        0x00016468    0x10  Data  Lc  F16_ASCII.o [4]
acFont16ASCII_98        0x00016478    0x10  Data  Lc  F16_ASCII.o [4]
acFont16ASCII_99        0x00016488    0x10  Data  Lc  F16_ASCII.o [4]
acFont16_1_160          0x000153b8    0x10  Data  Lc  F16_1.o [4]
acFont16_1_161          0x000153c8    0x10  Data  Lc  F16_1.o [4]
acFont16_1_162          0x000153d8    0x10  Data  Lc  F16_1.o [4]
acFont16_1_163          0x000153e8    0x10  Data  Lc  F16_1.o [4]
acFont16_1_164          0x000153f8    0x10  Data  Lc  F16_1.o [4]
acFont16_1_165          0x00015408    0x10  Data  Lc  F16_1.o [4]
acFont16_1_166          0x00015418    0x10  Data  Lc  F16_1.o [4]
acFont16_1_167          0x00015428    0x10  Data  Lc  F16_1.o [4]
acFont16_1_168          0x00015438    0x10  Data  Lc  F16_1.o [4]
acFont16_1_169          0x00015448    0x20  Data  Lc  F16_1.o [4]
acFont16_1_170          0x00015468    0x10  Data  Lc  F16_1.o [4]
acFont16_1_171          0x00015478    0x10  Data  Lc  F16_1.o [4]
acFont16_1_172          0x00015488    0x10  Data  Lc  F16_1.o [4]
acFont16_1_173          0x00015498    0x10  Data  Lc  F16_1.o [4]
acFont16_1_174          0x000154a8    0x20  Data  Lc  F16_1.o [4]
acFont16_1_175          0x000154c8    0x10  Data  Lc  F16_1.o [4]
acFont16_1_176          0x000154d8    0x10  Data  Lc  F16_1.o [4]
acFont16_1_177          0x000154e8    0x10  Data  Lc  F16_1.o [4]
acFont16_1_178          0x000154f8    0x10  Data  Lc  F16_1.o [4]
acFont16_1_179          0x00015508    0x10  Data  Lc  F16_1.o [4]
acFont16_1_180          0x00015518    0x10  Data  Lc  F16_1.o [4]
acFont16_1_181          0x00015528    0x10  Data  Lc  F16_1.o [4]
acFont16_1_182          0x00015538    0x10  Data  Lc  F16_1.o [4]
acFont16_1_183          0x00015548    0x10  Data  Lc  F16_1.o [4]
acFont16_1_184          0x00015558    0x10  Data  Lc  F16_1.o [4]
acFont16_1_185          0x00015568    0x10  Data  Lc  F16_1.o [4]
acFont16_1_186          0x00015578    0x10  Data  Lc  F16_1.o [4]
acFont16_1_187          0x00015588    0x10  Data  Lc  F16_1.o [4]
acFont16_1_188          0x00015598    0x20  Data  Lc  F16_1.o [4]
acFont16_1_189          0x000155b8    0x20  Data  Lc  F16_1.o [4]
acFont16_1_190          0x000155d8    0x20  Data  Lc  F16_1.o [4]
acFont16_1_191          0x000155f8    0x10  Data  Lc  F16_1.o [4]
acFont16_1_192          0x00015608    0x20  Data  Lc  F16_1.o [4]
acFont16_1_193          0x00015628    0x20  Data  Lc  F16_1.o [4]
acFont16_1_194          0x00015648    0x20  Data  Lc  F16_1.o [4]
acFont16_1_195          0x00015668    0x20  Data  Lc  F16_1.o [4]
acFont16_1_196          0x00015688    0x20  Data  Lc  F16_1.o [4]
acFont16_1_197          0x000156a8    0x20  Data  Lc  F16_1.o [4]
acFont16_1_198          0x000156c8    0x20  Data  Lc  F16_1.o [4]
acFont16_1_199          0x000156e8    0x20  Data  Lc  F16_1.o [4]
acFont16_1_200          0x00015708    0x20  Data  Lc  F16_1.o [4]
acFont16_1_201          0x00015728    0x20  Data  Lc  F16_1.o [4]
acFont16_1_202          0x00015748    0x20  Data  Lc  F16_1.o [4]
acFont16_1_203          0x00015768    0x20  Data  Lc  F16_1.o [4]
acFont16_1_204          0x00015788    0x10  Data  Lc  F16_1.o [4]
acFont16_1_205          0x00015798    0x10  Data  Lc  F16_1.o [4]
acFont16_1_206          0x000157a8    0x10  Data  Lc  F16_1.o [4]
acFont16_1_207          0x000157b8    0x10  Data  Lc  F16_1.o [4]
acFont16_1_208          0x000157c8    0x20  Data  Lc  F16_1.o [4]
acFont16_1_209          0x000157e8    0x20  Data  Lc  F16_1.o [4]
acFont16_1_210          0x00015808    0x20  Data  Lc  F16_1.o [4]
acFont16_1_211          0x00015828    0x20  Data  Lc  F16_1.o [4]
acFont16_1_212          0x00015848    0x20  Data  Lc  F16_1.o [4]
acFont16_1_213          0x00015868    0x20  Data  Lc  F16_1.o [4]
acFont16_1_214          0x00015888    0x20  Data  Lc  F16_1.o [4]
acFont16_1_215          0x000158a8    0x10  Data  Lc  F16_1.o [4]
acFont16_1_216          0x000158b8    0x20  Data  Lc  F16_1.o [4]
acFont16_1_217          0x000158d8    0x20  Data  Lc  F16_1.o [4]
acFont16_1_218          0x000158f8    0x20  Data  Lc  F16_1.o [4]
acFont16_1_219          0x00015918    0x20  Data  Lc  F16_1.o [4]
acFont16_1_220          0x00015938    0x20  Data  Lc  F16_1.o [4]
acFont16_1_221          0x00015958    0x20  Data  Lc  F16_1.o [4]
acFont16_1_222          0x00015978    0x20  Data  Lc  F16_1.o [4]
acFont16_1_223          0x00015998    0x20  Data  Lc  F16_1.o [4]
acFont16_1_224          0x000159b8    0x10  Data  Lc  F16_1.o [4]
acFont16_1_225          0x000159c8    0x10  Data  Lc  F16_1.o [4]
acFont16_1_226          0x000159d8    0x10  Data  Lc  F16_1.o [4]
acFont16_1_227          0x000159e8    0x10  Data  Lc  F16_1.o [4]
acFont16_1_228          0x000159f8    0x10  Data  Lc  F16_1.o [4]
acFont16_1_229          0x00015a08    0x10  Data  Lc  F16_1.o [4]
acFont16_1_230          0x00015a18    0x20  Data  Lc  F16_1.o [4]
acFont16_1_231          0x00015a38    0x10  Data  Lc  F16_1.o [4]
acFont16_1_232          0x00015a48    0x10  Data  Lc  F16_1.o [4]
acFont16_1_233          0x00015a58    0x10  Data  Lc  F16_1.o [4]
acFont16_1_234          0x00015a68    0x10  Data  Lc  F16_1.o [4]
acFont16_1_235          0x00015a78    0x10  Data  Lc  F16_1.o [4]
acFont16_1_236          0x00015a88    0x10  Data  Lc  F16_1.o [4]
acFont16_1_237          0x00015a98    0x10  Data  Lc  F16_1.o [4]
acFont16_1_238          0x00015aa8    0x10  Data  Lc  F16_1.o [4]
acFont16_1_239          0x00015ab8    0x10  Data  Lc  F16_1.o [4]
acFont16_1_240          0x00015ac8    0x10  Data  Lc  F16_1.o [4]
acFont16_1_241          0x00015ad8    0x10  Data  Lc  F16_1.o [4]
acFont16_1_242          0x00015ae8    0x10  Data  Lc  F16_1.o [4]
acFont16_1_243          0x00015af8    0x10  Data  Lc  F16_1.o [4]
acFont16_1_244          0x00015b08    0x10  Data  Lc  F16_1.o [4]
acFont16_1_245          0x00015b18    0x10  Data  Lc  F16_1.o [4]
acFont16_1_246          0x00015b28    0x10  Data  Lc  F16_1.o [4]
acFont16_1_247          0x00015b38    0x10  Data  Lc  F16_1.o [4]
acFont16_1_248          0x00015b48    0x10  Data  Lc  F16_1.o [4]
acFont16_1_249          0x00015b58    0x10  Data  Lc  F16_1.o [4]
acFont16_1_250          0x00015b68    0x10  Data  Lc  F16_1.o [4]
acFont16_1_251          0x00015b78    0x10  Data  Lc  F16_1.o [4]
acFont16_1_252          0x00015b88    0x10  Data  Lc  F16_1.o [4]
acFont16_1_253          0x00015b98    0x10  Data  Lc  F16_1.o [4]
acFont16_1_254          0x00015ba8    0x10  Data  Lc  F16_1.o [4]
acFont16_1_255          0x00015bb8    0x10  Data  Lc  F16_1.o [4]
acFont24_ASCII_0020     0x0000b73c    0x18  Data  Lc  F24_ASCII.o [4]
acFont24_ASCII_0021     0x0000b754    0x18  Data  Lc  F24_ASCII.o [4]
acFont24_ASCII_0022     0x0000b76c    0x18  Data  Lc  F24_ASCII.o [4]
acFont24_ASCII_0023     0x0000b784    0x30  Data  Lc  F24_ASCII.o [4]
acFont24_ASCII_0024     0x0000b7b4    0x30  Data  Lc  F24_ASCII.o [4]
acFont24_ASCII_0025     0x0000b7e4    0x48  Data  Lc  F24_ASCII.o [4]
acFont24_ASCII_0026     0x0000b82c    0x30  Data  Lc  F24_ASCII.o [4]
acFont24_ASCII_0027     0x0000b85c    0x18  Data  Lc  F24_ASCII.o [4]
acFont24_ASCII_0028     0x0000b874    0x18  Data  Lc  F24_ASCII.o [4]
acFont24_ASCII_0029     0x0000b88c    0x18  Data  Lc  F24_ASCII.o [4]
acFont24_ASCII_002A     0x0000b8a4    0x18  Data  Lc  F24_ASCII.o [4]
acFont24_ASCII_002B     0x0000b8bc    0x30  Data  Lc  F24_ASCII.o [4]
acFont24_ASCII_002C     0x0000b8ec    0x18  Data  Lc  F24_ASCII.o [4]
acFont24_ASCII_002D     0x0000b904    0x18  Data  Lc  F24_ASCII.o [4]
acFont24_ASCII_002E     0x0000b91c    0x18  Data  Lc  F24_ASCII.o [4]
acFont24_ASCII_002F     0x0000b934    0x18  Data  Lc  F24_ASCII.o [4]
acFont24_ASCII_0030     0x0000b94c    0x30  Data  Lc  F24_ASCII.o [4]
acFont24_ASCII_0031     0x0000b97c    0x30  Data  Lc  F24_ASCII.o [4]
acFont24_ASCII_0032     0x0000b9ac    0x30  Data  Lc  F24_ASCII.o [4]
acFont24_ASCII_0033     0x0000b9dc    0x30  Data  Lc  F24_ASCII.o [4]
acFont24_ASCII_0034     0x0000ba0c    0x30  Data  Lc  F24_ASCII.o [4]
acFont24_ASCII_0035     0x0000ba3c    0x30  Data  Lc  F24_ASCII.o [4]
acFont24_ASCII_0036     0x0000ba6c    0x30  Data  Lc  F24_ASCII.o [4]
acFont24_ASCII_0037     0x0000ba9c    0x30  Data  Lc  F24_ASCII.o [4]
acFont24_ASCII_0038     0x0000bacc    0x30  Data  Lc  F24_ASCII.o [4]
acFont24_ASCII_0039     0x0000bafc    0x30  Data  Lc  F24_ASCII.o [4]
acFont24_ASCII_003A     0x0000bb2c    0x18  Data  Lc  F24_ASCII.o [4]
acFont24_ASCII_003B     0x0000bb44    0x18  Data  Lc  F24_ASCII.o [4]
acFont24_ASCII_003C     0x0000bb5c    0x30  Data  Lc  F24_ASCII.o [4]
acFont24_ASCII_003D     0x0000bb8c    0x30  Data  Lc  F24_ASCII.o [4]
acFont24_ASCII_003E     0x0000bbbc    0x30  Data  Lc  F24_ASCII.o [4]
acFont24_ASCII_003F     0x0000bbec    0x30  Data  Lc  F24_ASCII.o [4]
acFont24_ASCII_0040     0x0000bc1c    0x48  Data  Lc  F24_ASCII.o [4]
acFont24_ASCII_0041     0x0000bc64    0x30  Data  Lc  F24_ASCII.o [4]
acFont24_ASCII_0042     0x0000bc94    0x30  Data  Lc  F24_ASCII.o [4]
acFont24_ASCII_0043     0x0000bcc4    0x30  Data  Lc  F24_ASCII.o [4]
acFont24_ASCII_0044     0x0000bcf4    0x30  Data  Lc  F24_ASCII.o [4]
acFont24_ASCII_0045     0x0000bd24    0x30  Data  Lc  F24_ASCII.o [4]
acFont24_ASCII_0046     0x0000bd54    0x30  Data  Lc  F24_ASCII.o [4]
acFont24_ASCII_0047     0x0000bd84    0x30  Data  Lc  F24_ASCII.o [4]
acFont24_ASCII_0048     0x0000bdb4    0x30  Data  Lc  F24_ASCII.o [4]
acFont24_ASCII_0049     0x0000bde4    0x18  Data  Lc  F24_ASCII.o [4]
acFont24_ASCII_004A     0x0000bdfc    0x30  Data  Lc  F24_ASCII.o [4]
acFont24_ASCII_004B     0x0000be2c    0x30  Data  Lc  F24_ASCII.o [4]
acFont24_ASCII_004C     0x0000be5c    0x30  Data  Lc  F24_ASCII.o [4]
acFont24_ASCII_004D     0x0000be8c    0x48  Data  Lc  F24_ASCII.o [4]
acFont24_ASCII_004E     0x0000bed4    0x30  Data  Lc  F24_ASCII.o [4]
acFont24_ASCII_004F     0x0000bf04    0x30  Data  Lc  F24_ASCII.o [4]
acFont24_ASCII_0050     0x0000bf34    0x30  Data  Lc  F24_ASCII.o [4]
acFont24_ASCII_0051     0x0000bf64    0x30  Data  Lc  F24_ASCII.o [4]
acFont24_ASCII_0052     0x0000bf94    0x30  Data  Lc  F24_ASCII.o [4]
acFont24_ASCII_0053     0x0000bfc4    0x30  Data  Lc  F24_ASCII.o [4]
acFont24_ASCII_0054     0x0000bff4    0x30  Data  Lc  F24_ASCII.o [4]
acFont24_ASCII_0055     0x0000c024    0x30  Data  Lc  F24_ASCII.o [4]
acFont24_ASCII_0056     0x0000c054    0x30  Data  Lc  F24_ASCII.o [4]
acFont24_ASCII_0057     0x0000c084    0x48  Data  Lc  F24_ASCII.o [4]
acFont24_ASCII_0058     0x0000c0cc    0x30  Data  Lc  F24_ASCII.o [4]
acFont24_ASCII_0059     0x0000c0fc    0x30  Data  Lc  F24_ASCII.o [4]
acFont24_ASCII_005A     0x0000c12c    0x30  Data  Lc  F24_ASCII.o [4]
acFont24_ASCII_005B     0x0000c15c    0x18  Data  Lc  F24_ASCII.o [4]
acFont24_ASCII_005C     0x0000c174    0x18  Data  Lc  F24_ASCII.o [4]
acFont24_ASCII_005D     0x0000c18c    0x18  Data  Lc  F24_ASCII.o [4]
acFont24_ASCII_005E     0x0000c1a4    0x18  Data  Lc  F24_ASCII.o [4]
acFont24_ASCII_005F     0x0000c1bc    0x30  Data  Lc  F24_ASCII.o [4]
acFont24_ASCII_0060     0x0000c1ec    0x18  Data  Lc  F24_ASCII.o [4]
acFont24_ASCII_0061     0x0000c204    0x30  Data  Lc  F24_ASCII.o [4]
acFont24_ASCII_0062     0x0000c234    0x30  Data  Lc  F24_ASCII.o [4]
acFont24_ASCII_0063     0x0000c264    0x30  Data  Lc  F24_ASCII.o [4]
acFont24_ASCII_0064     0x0000c294    0x30  Data  Lc  F24_ASCII.o [4]
acFont24_ASCII_0065     0x0000c2c4    0x30  Data  Lc  F24_ASCII.o [4]
acFont24_ASCII_0066     0x0000c2f4    0x18  Data  Lc  F24_ASCII.o [4]
acFont24_ASCII_0067     0x0000c30c    0x30  Data  Lc  F24_ASCII.o [4]
acFont24_ASCII_0068     0x0000c33c    0x30  Data  Lc  F24_ASCII.o [4]
acFont24_ASCII_0069     0x0000c36c    0x18  Data  Lc  F24_ASCII.o [4]
acFont24_ASCII_006A     0x0000c384    0x18  Data  Lc  F24_ASCII.o [4]
acFont24_ASCII_006B     0x0000c39c    0x30  Data  Lc  F24_ASCII.o [4]
acFont24_ASCII_006C     0x0000c3cc    0x18  Data  Lc  F24_ASCII.o [4]
acFont24_ASCII_006D     0x0000c3e4    0x30  Data  Lc  F24_ASCII.o [4]
acFont24_ASCII_006E     0x0000c414    0x30  Data  Lc  F24_ASCII.o [4]
acFont24_ASCII_006F     0x0000c444    0x30  Data  Lc  F24_ASCII.o [4]
acFont24_ASCII_0070     0x0000c474    0x30  Data  Lc  F24_ASCII.o [4]
acFont24_ASCII_0071     0x0000c4a4    0x30  Data  Lc  F24_ASCII.o [4]
acFont24_ASCII_0072     0x0000c4d4    0x18  Data  Lc  F24_ASCII.o [4]
acFont24_ASCII_0073     0x0000c4ec    0x30  Data  Lc  F24_ASCII.o [4]
acFont24_ASCII_0074     0x0000c51c    0x18  Data  Lc  F24_ASCII.o [4]
acFont24_ASCII_0075     0x0000c534    0x30  Data  Lc  F24_ASCII.o [4]
acFont24_ASCII_0076     0x0000c564    0x30  Data  Lc  F24_ASCII.o [4]
acFont24_ASCII_0077     0x0000c594    0x30  Data  Lc  F24_ASCII.o [4]
acFont24_ASCII_0078     0x0000c5c4    0x30  Data  Lc  F24_ASCII.o [4]
acFont24_ASCII_0079     0x0000c5f4    0x30  Data  Lc  F24_ASCII.o [4]
acFont24_ASCII_007A     0x0000c624    0x30  Data  Lc  F24_ASCII.o [4]
acFont24_ASCII_007B     0x0000c654    0x18  Data  Lc  F24_ASCII.o [4]
acFont24_ASCII_007C     0x0000c66c    0x18  Data  Lc  F24_ASCII.o [4]
acFont24_ASCII_007D     0x0000c684    0x18  Data  Lc  F24_ASCII.o [4]
acFont24_ASCII_007E     0x0000c69c    0x30  Data  Lc  F24_ASCII.o [4]
aem_mode                0x20003dc0     0x4  Data  Gb  GUI_X.o [1]
assertEFM               0x0000a1cb     0x2  Code  Gb  em_assert.o [1]
auxClkGet               0x0000792d    0x94  Code  Lc  em_cmu.o [1]
bcFwVersion             0x20003e3c     0x2  Data  Lc  bsp_dk_3201.o [1]
bspOperationMode        0x20003dac     0x4  Data  Lc  bsp_dk_3201.o [1]
busMode                 0x20003e42     0x1  Data  Lc  bsp_dk_3201.o [1]
calibrationMatrix       0x2000000c    0x1c  Data  Gb  touch.o [1]
current_pos             0x20003d6c     0xc  Data  Gb  touch.o [1]
dbgClkGet               0x000079c1    0x3c  Code  Lc  em_cmu.o [1]
emState                 0x00009a2f    0xcc  Code  Lc  em_emu.o [1]
emState::cmuStatus      0x20003dbc     0x4  Data  Lc  em_emu.o [1]
emState::hfClock        0x20003e43     0x1  Data  Lc  em_emu.o [1]
exit                    0x0001f82b     0x4  Code  Gb  exit.o [3]
flashWaitStateControl   0x000079fd    0xa2  Code  Lc  em_cmu.o [1]
flashWaitStateMax       0x00007a9f     0xc  Code  Lc  em_cmu.o [1]
frameBuffer             0x20003db4     0x4  Data  Lc  dmd_ssd2119_direct.o [1]
getDisplayPoint         0x0000ad39    0x4c  Code  Gb  calibrate.o [1]
getErrataFixEmuE107En   0x00009afb    0x40  Code  Lc  em_emu.o [1]
getHfLeConfig           0x00007901    0x2c  Code  Lc  em_cmu.o [1]
i2cNSum                 0x0001fa88     0x4  Data  Lc  em_i2c.o [1]
i2cTransfer             0x20003ce0    0x18  Data  Lc  em_i2c.o [1]
initialized             0x20003db8     0x4  Data  Lc  dmd_ssd2119_direct.o [1]
inittft                 0x0001f860    0x18  Data  Lc  tftspi.o [1]
lastAddr                0x20003db0     0x4  Data  Lc  bsp_dk_3201.o [1]
lastJoyTime             0x20003dc8     0x4  Data  Gb  GUI_X.o [1]
lfClkGet                0x00007aab    0xf4  Code  Lc  em_cmu.o [1]
main                    0x00012361     0xa  Code  Gb  VSCREEN_RealTime.o [1]
maxFreqHfle             0x00007877    0x60  Code  Lc  em_cmu.o [1]
newpos                  0x20003d60     0xc  Data  Gb  touch.o [1]
orgx                    0x20003dd4     0x4  Data  Lc  LCDConf.o [1]
orgy                    0x20003dd8     0x4  Data  Lc  LCDConf.o [1]
pendingFrameIndex       0x20000000     0x4  Data  Gb  LCDConf.o [1]
pos                     0x20003d78     0xc  Data  Lc  touch.o [1]
prevJoy                 0x20003dc4     0x4  Data  Gb  GUI_X.o [1]
rand                    0x0001236d    0xe0  Code  Gb  rand.o [3]
rtcFlag                 0x20003e44     0x1  Data  Gb  GUI_X.o [1]
runOnce                 0x2000067e     0x1  Data  Lc  tftdirect.o [1]
sInit                   0x20003d54     0xc  Data  Lc  touch.o [1]
setCalibrationMatrix    0x0000abf1   0x148  Code  Gb  calibrate.o [1]
setHfLeConfig           0x000078d7    0x2a  Code  Lc  em_cmu.o [1]
strlen                  0x0000e715          Code  Gb  strlen.o [5]
syncReg                 0x00007b9f    0x16  Code  Lc  em_cmu.o [1]
tftInit                 0x0001f248    0x4c  Data  Lc  LCDConf.o [1]
time                    0x20003dcc     0x4  Data  Lc  GUI_X.o [1]
touch_CountChecksum     0x00009067    0x28  Code  Lc  touch.o [1]
touch_LoadCalibration   0x0000908f    0xaa  Code  Lc  touch.o [1]
touch_StoreCalibration  0x00009139    0x5e  Code  Lc  touch.o [1]
touch_ignore_move       0x20003de4     0x4  Data  Gb  touch.o [1]
touch_state             0x20003e45     0x1  Data  Lc  touch.o [1]
upcall                  0x20003de0     0x4  Data  Lc  touch.o [1]
usbCClkGet              0x00007bb5    0x3e  Code  Lc  em_cmu.o [1]


[1] = D:\jenkins-slave\workspaces\Executor-0\super\app\mcu_example\EFM32GG_DK3750\realtime\iar\realtime\Debug\Obj
[2] = command line
[3] = dl7M_tln.a
[4] = emwin_IAR_CM3.a
[5] = rt7M_tl.a

  101 171 bytes of readonly  code memory
   29 426 bytes of readonly  data memory
   15 946 bytes of readwrite data memory

Errors: none
Warnings: none
